<html>
<body>
<pre>
<h1>�Vision Build Log</h1>
<h2>Tool Versions:</h2>
IDE-Version: ��Vision V5.14.0.0
Copyright (C) 2015 ARM Ltd and ARM Germany GmbH. All rights reserved.
License Information: xx ASUS, xx, LIC=TIVNB-2WWS1-01LP1-CVCE1-WGZ99-4P7GT
 
Tool Versions:
Toolchain:       MDK-ARM Standard  Version: 5.14.0.0
Toolchain Path:  E:\download_software\Keil_v5\ARM\ARMCC\Bin
C Compiler:      Armcc.exe V5.05 update 1 (build 106)
Assembler:       Armasm.exe V5.05 update 1 (build 106)
Linker/Locator:  ArmLink.exe V5.05 update 1 (build 106)
Library Manager: ArmAr.exe V5.05 update 1 (build 106)
Hex Converter:   FromElf.exe V5.05 update 1 (build 106)
CPU DLL:         SARMCM3.DLL V5.14.0.0
Dialog DLL:      DCM.DLL V1.13.1.0
Target DLL:      STLink\ST-LINKIII-KEIL_SWO.dll V2.0.14.0_KEIL
Dialog DLL:      TCM.DLL V1.14.4.0
 
<h2>Project:</h2>
E:\grade_2\SHT\SHT-lm403\MDK-ARM\SubGHz_Phy_PingPong.uvprojx
Project File Date:  03/11/2024

<h2>Output:</h2>
Build target 'SubGHz_Phy_PingPong'
compiling main.c...
..\SHT\include\list.h(19): warning:  #47-D: incompatible redefinition of macro "offsetof" (declared at line 91 of "E:\download_software\Keil_v5\ARM\ARMCC\Bin\..\include\stddef.h")
  #define offsetof(TYPE, MEMBER) ((unsigned int) &((TYPE *)0)->MEMBER)
..\SHT\include\hal_int.h(38): warning:  #1295-D: Deprecated declaration hal_intr_nesting_init_comm - give arg types
  void hal_intr_nesting_init_comm();
..\SHT\include\hal_int.h(45): warning:  #1295-D: Deprecated declaration hal_get_intr_nesting_comm - give arg types
  unsigned int hal_get_intr_nesting_comm();
..\SHT\include\hal_int.h(51): warning:  #1295-D: Deprecated declaration hal_intr_nesting_dec_comm - give arg types
  void hal_intr_nesting_dec_comm();
..\SHT\include\hal_int.h(57): warning:  #1295-D: Deprecated declaration hal_intr_nesting_inc_comm - give arg types
  void hal_intr_nesting_inc_comm();
..\SHT\include\hal_int.h(63): warning:  #1295-D: Deprecated declaration hal_sched_bridge_comm - give arg types
  void hal_sched_bridge_comm();
..\SHT\include\hal_int.h(69): warning:  #1295-D: Deprecated declaration hal_intr_exit_bridge_comm - give arg types
  void hal_intr_exit_bridge_comm();
..\SHT\include\mem.h(206): warning:  #1295-D: Deprecated declaration sht_mem_sys_init - give arg types
  void sht_mem_sys_init();
..\SHT\include\lsched.h(66): warning:  #1295-D: Deprecated declaration sht_real_sched - give arg types
  void sht_real_sched();
..\SHT\include\lsched.h(67): warning:  #1295-D: Deprecated declaration sht_real_intr_sched - give arg types
  void sht_real_intr_sched();
..\SHT\include\int.h(68): warning:  #1295-D: Deprecated declaration sht_intr_sys_init - give arg types
  void sht_intr_sys_init();
..\SHT\include\timer.h(29): warning:  #1295-D: Deprecated declaration sht_time_sys_init - give arg types
  void sht_time_sys_init();
..\SHT\include\comm_thrd.h(44): warning:  #1295-D: Deprecated declaration comm_policy_init - give arg types
  void comm_policy_init();
..\SHT\include\message.h(90): warning:  #1295-D: Deprecated declaration sht_msgctr_create - give arg types
  sht_msgctr_t *sht_msgctr_create();
../Core/Src/main.c: 14 warnings, 0 errors
compiling gpio.c...
../Core/Src/gpio.c(89): warning:  #177-D: function "MX_TIM16_Init" was declared but never referenced
  static void MX_TIM16_Init(void)
../Core/Src/gpio.c: 1 warning, 0 errors
compiling user.c...
..\SHT\include\list.h(19): warning:  #47-D: incompatible redefinition of macro "offsetof" (declared at line 91 of "E:\download_software\Keil_v5\ARM\ARMCC\Bin\..\include\stddef.h")
  #define offsetof(TYPE, MEMBER) ((unsigned int) &((TYPE *)0)->MEMBER)
..\SHT\include\hal_int.h(38): warning:  #1295-D: Deprecated declaration hal_intr_nesting_init_comm - give arg types
  void hal_intr_nesting_init_comm();
..\SHT\include\hal_int.h(45): warning:  #1295-D: Deprecated declaration hal_get_intr_nesting_comm - give arg types
  unsigned int hal_get_intr_nesting_comm();
..\SHT\include\hal_int.h(51): warning:  #1295-D: Deprecated declaration hal_intr_nesting_dec_comm - give arg types
  void hal_intr_nesting_dec_comm();
..\SHT\include\hal_int.h(57): warning:  #1295-D: Deprecated declaration hal_intr_nesting_inc_comm - give arg types
  void hal_intr_nesting_inc_comm();
..\SHT\include\hal_int.h(63): warning:  #1295-D: Deprecated declaration hal_sched_bridge_comm - give arg types
  void hal_sched_bridge_comm();
..\SHT\include\hal_int.h(69): warning:  #1295-D: Deprecated declaration hal_intr_exit_bridge_comm - give arg types
  void hal_intr_exit_bridge_comm();
..\SHT\include\mem.h(206): warning:  #1295-D: Deprecated declaration sht_mem_sys_init - give arg types
  void sht_mem_sys_init();
..\SHT\include\lsched.h(66): warning:  #1295-D: Deprecated declaration sht_real_sched - give arg types
  void sht_real_sched();
..\SHT\include\lsched.h(67): warning:  #1295-D: Deprecated declaration sht_real_intr_sched - give arg types
  void sht_real_intr_sched();
..\SHT\include\int.h(68): warning:  #1295-D: Deprecated declaration sht_intr_sys_init - give arg types
  void sht_intr_sys_init();
..\SHT\include\timer.h(29): warning:  #1295-D: Deprecated declaration sht_time_sys_init - give arg types
  void sht_time_sys_init();
..\SHT\include\comm_thrd.h(44): warning:  #1295-D: Deprecated declaration comm_policy_init - give arg types
  void comm_policy_init();
..\SHT\include\message.h(90): warning:  #1295-D: Deprecated declaration sht_msgctr_create - give arg types
  sht_msgctr_t *sht_msgctr_create();
..\Drivers\BSP\DHT11\dht11.h(28): warning:  #1295-D: Deprecated declaration get_temp_humi_thread - give arg types
  void get_temp_humi_thread();
..\Drivers\BSP\DHT11\dht11.h(30): warning:  #1295-D: Deprecated declaration TIM16_PeriodElapsedCallback - give arg types
  void TIM16_PeriodElapsedCallback();
..\Core\Src\user.c: 16 warnings, 0 errors
compiling comm_thrd.c...
..\SHT\include\hal_int.h(38): warning:  #1295-D: Deprecated declaration hal_intr_nesting_init_comm - give arg types
  void hal_intr_nesting_init_comm();
..\SHT\include\hal_int.h(45): warning:  #1295-D: Deprecated declaration hal_get_intr_nesting_comm - give arg types
  unsigned int hal_get_intr_nesting_comm();
..\SHT\include\hal_int.h(51): warning:  #1295-D: Deprecated declaration hal_intr_nesting_dec_comm - give arg types
  void hal_intr_nesting_dec_comm();
..\SHT\include\hal_int.h(57): warning:  #1295-D: Deprecated declaration hal_intr_nesting_inc_comm - give arg types
  void hal_intr_nesting_inc_comm();
..\SHT\include\hal_int.h(63): warning:  #1295-D: Deprecated declaration hal_sched_bridge_comm - give arg types
  void hal_sched_bridge_comm();
..\SHT\include\hal_int.h(69): warning:  #1295-D: Deprecated declaration hal_intr_exit_bridge_comm - give arg types
  void hal_intr_exit_bridge_comm();
..\SHT\include\mem.h(206): warning:  #1295-D: Deprecated declaration sht_mem_sys_init - give arg types
  void sht_mem_sys_init();
..\SHT\include\lsched.h(66): warning:  #1295-D: Deprecated declaration sht_real_sched - give arg types
  void sht_real_sched();
..\SHT\include\lsched.h(67): warning:  #1295-D: Deprecated declaration sht_real_intr_sched - give arg types
  void sht_real_intr_sched();
..\SHT\include\comm_thrd.h(44): warning:  #1295-D: Deprecated declaration comm_policy_init - give arg types
  void comm_policy_init();
..\SHT\include\int.h(68): warning:  #1295-D: Deprecated declaration sht_intr_sys_init - give arg types
  void sht_intr_sys_init();
..\SHT\kernel\comm_thrd.c(48): warning:  #223-D: function "sht_print" declared implicitly
                sht_print("No comm thread stack:%s\r\n", thread->name);
..\SHT\kernel\comm_thrd.c(49): warning:  #223-D: function "hw_interrupt_disable" declared implicitly
                long level = sht_enter_critical();
..\SHT\kernel\comm_thrd.c(51): warning:  #223-D: function "hw_interrupt_enable" declared implicitly
                sht_exit_critical(level);
..\SHT\kernel\comm_thrd.c: 14 warnings, 0 errors
compiling core.c...
..\SHT\include\hal_int.h(38): warning:  #1295-D: Deprecated declaration hal_intr_nesting_init_comm - give arg types
  void hal_intr_nesting_init_comm();
..\SHT\include\hal_int.h(45): warning:  #1295-D: Deprecated declaration hal_get_intr_nesting_comm - give arg types
  unsigned int hal_get_intr_nesting_comm();
..\SHT\include\hal_int.h(51): warning:  #1295-D: Deprecated declaration hal_intr_nesting_dec_comm - give arg types
  void hal_intr_nesting_dec_comm();
..\SHT\include\hal_int.h(57): warning:  #1295-D: Deprecated declaration hal_intr_nesting_inc_comm - give arg types
  void hal_intr_nesting_inc_comm();
..\SHT\include\hal_int.h(63): warning:  #1295-D: Deprecated declaration hal_sched_bridge_comm - give arg types
  void hal_sched_bridge_comm();
..\SHT\include\hal_int.h(69): warning:  #1295-D: Deprecated declaration hal_intr_exit_bridge_comm - give arg types
  void hal_intr_exit_bridge_comm();
..\SHT\include\mem.h(206): warning:  #1295-D: Deprecated declaration sht_mem_sys_init - give arg types
  void sht_mem_sys_init();
..\SHT\include\lsched.h(66): warning:  #1295-D: Deprecated declaration sht_real_sched - give arg types
  void sht_real_sched();
..\SHT\include\lsched.h(67): warning:  #1295-D: Deprecated declaration sht_real_intr_sched - give arg types
  void sht_real_intr_sched();
..\SHT\include\int.h(68): warning:  #1295-D: Deprecated declaration sht_intr_sys_init - give arg types
  void sht_intr_sys_init();
..\SHT\include\timer.h(29): warning:  #1295-D: Deprecated declaration sht_time_sys_init - give arg types
  void sht_time_sys_init();
..\SHT\include\comm_thrd.h(44): warning:  #1295-D: Deprecated declaration comm_policy_init - give arg types
  void comm_policy_init();
..\SHT\include\message.h(90): warning:  #1295-D: Deprecated declaration sht_msgctr_create - give arg types
  sht_msgctr_t *sht_msgctr_create();
..\SHT\kernel\core.c(63): warning:  #223-D: function "hw_interrupt_disable" declared implicitly
                        long level = sht_enter_critical();
..\SHT\kernel\core.c(67): warning:  #223-D: function "hw_interrupt_enable" declared implicitly
                        sht_exit_critical(level);
..\SHT\kernel\core.c(106): warning:  #223-D: function "user_main" declared implicitly
        user_main();//SPG先不要？
..\SHT\kernel\core.c(157): warning:  #223-D: function "hw_context_switch_to" declared implicitly
        hw_context_switch_to(&sht_cur_thread->stack);
..\SHT\kernel\core.c: 17 warnings, 0 errors
compiling event.c...
..\SHT\include\hal_int.h(38): warning:  #1295-D: Deprecated declaration hal_intr_nesting_init_comm - give arg types
  void hal_intr_nesting_init_comm();
..\SHT\include\hal_int.h(45): warning:  #1295-D: Deprecated declaration hal_get_intr_nesting_comm - give arg types
  unsigned int hal_get_intr_nesting_comm();
..\SHT\include\hal_int.h(51): warning:  #1295-D: Deprecated declaration hal_intr_nesting_dec_comm - give arg types
  void hal_intr_nesting_dec_comm();
..\SHT\include\hal_int.h(57): warning:  #1295-D: Deprecated declaration hal_intr_nesting_inc_comm - give arg types
  void hal_intr_nesting_inc_comm();
..\SHT\include\hal_int.h(63): warning:  #1295-D: Deprecated declaration hal_sched_bridge_comm - give arg types
  void hal_sched_bridge_comm();
..\SHT\include\hal_int.h(69): warning:  #1295-D: Deprecated declaration hal_intr_exit_bridge_comm - give arg types
  void hal_intr_exit_bridge_comm();
..\SHT\include\mem.h(206): warning:  #1295-D: Deprecated declaration sht_mem_sys_init - give arg types
  void sht_mem_sys_init();
..\SHT\include\message.h(90): warning:  #1295-D: Deprecated declaration sht_msgctr_create - give arg types
  sht_msgctr_t *sht_msgctr_create();
..\SHT\kernel\event.c: 8 warnings, 0 errors
compiling int.c...
..\SHT\include\hal_int.h(38): warning:  #1295-D: Deprecated declaration hal_intr_nesting_init_comm - give arg types
  void hal_intr_nesting_init_comm();
..\SHT\include\hal_int.h(45): warning:  #1295-D: Deprecated declaration hal_get_intr_nesting_comm - give arg types
  unsigned int hal_get_intr_nesting_comm();
..\SHT\include\hal_int.h(51): warning:  #1295-D: Deprecated declaration hal_intr_nesting_dec_comm - give arg types
  void hal_intr_nesting_dec_comm();
..\SHT\include\hal_int.h(57): warning:  #1295-D: Deprecated declaration hal_intr_nesting_inc_comm - give arg types
  void hal_intr_nesting_inc_comm();
..\SHT\include\hal_int.h(63): warning:  #1295-D: Deprecated declaration hal_sched_bridge_comm - give arg types
  void hal_sched_bridge_comm();
..\SHT\include\hal_int.h(69): warning:  #1295-D: Deprecated declaration hal_intr_exit_bridge_comm - give arg types
  void hal_intr_exit_bridge_comm();
..\SHT\include\mem.h(206): warning:  #1295-D: Deprecated declaration sht_mem_sys_init - give arg types
  void sht_mem_sys_init();
..\SHT\include\lsched.h(66): warning:  #1295-D: Deprecated declaration sht_real_sched - give arg types
  void sht_real_sched();
..\SHT\include\lsched.h(67): warning:  #1295-D: Deprecated declaration sht_real_intr_sched - give arg types
  void sht_real_intr_sched();
..\SHT\include\int.h(68): warning:  #1295-D: Deprecated declaration sht_intr_sys_init - give arg types
  void sht_intr_sys_init();
..\SHT\kernel\int.c(28): warning:  #940-D: missing return statement at end of non-void function "sht_intr_attach"
  }
..\SHT\kernel\int.c(32): warning:  #940-D: missing return statement at end of non-void function "sht_intr_detach"
  }
..\SHT\kernel\int.c(36): warning:  #940-D: missing return statement at end of non-void function "sht_intr_unmask"
  }
..\SHT\kernel\int.c(39): warning:  #940-D: missing return statement at end of non-void function "sht_intr_mask"
  }
..\SHT\kernel\int.c(42): warning:  #223-D: function "sht_print" declared implicitly
        sht_print("in sht_default_isr");
..\SHT\kernel\int.c(54): warning:  #223-D: function "interrupt_get_nest" declared implicitly
        if (sht_intr_nesting)
..\SHT\kernel\int.c(87): warning:  #223-D: function "hw_interrupt_disable" declared implicitly
        sht_intr_disable();
..\SHT\kernel\int.c(91): warning:  #223-D: function "sht_print" declared implicitly
        sht_print("Exception occur\n");
..\SHT\kernel\int.c(103): warning:  #1-D: last line of file ends without a newline
  }
..\SHT\kernel\int.c: 19 warnings, 0 errors
compiling irq.c...
..\SHT\include\hal_int.h(38): warning:  #1295-D: Deprecated declaration hal_intr_nesting_init_comm - give arg types
  void hal_intr_nesting_init_comm();
..\SHT\include\hal_int.h(45): warning:  #1295-D: Deprecated declaration hal_get_intr_nesting_comm - give arg types
  unsigned int hal_get_intr_nesting_comm();
..\SHT\include\hal_int.h(51): warning:  #1295-D: Deprecated declaration hal_intr_nesting_dec_comm - give arg types
  void hal_intr_nesting_dec_comm();
..\SHT\include\hal_int.h(57): warning:  #1295-D: Deprecated declaration hal_intr_nesting_inc_comm - give arg types
  void hal_intr_nesting_inc_comm();
..\SHT\include\hal_int.h(63): warning:  #1295-D: Deprecated declaration hal_sched_bridge_comm - give arg types
  void hal_sched_bridge_comm();
..\SHT\include\hal_int.h(69): warning:  #1295-D: Deprecated declaration hal_intr_exit_bridge_comm - give arg types
  void hal_intr_exit_bridge_comm();
..\SHT\include\mem.h(206): warning:  #1295-D: Deprecated declaration sht_mem_sys_init - give arg types
  void sht_mem_sys_init();
..\SHT\include\lsched.h(66): warning:  #1295-D: Deprecated declaration sht_real_sched - give arg types
  void sht_real_sched();
..\SHT\include\lsched.h(67): warning:  #1295-D: Deprecated declaration sht_real_intr_sched - give arg types
  void sht_real_intr_sched();
..\SHT\include\int.h(68): warning:  #1295-D: Deprecated declaration sht_intr_sys_init - give arg types
  void sht_intr_sys_init();
..\SHT\include\timer.h(29): warning:  #1295-D: Deprecated declaration sht_time_sys_init - give arg types
  void sht_time_sys_init();
..\SHT\include\comm_thrd.h(44): warning:  #1295-D: Deprecated declaration comm_policy_init - give arg types
  void comm_policy_init();
..\SHT\include\message.h(90): warning:  #1295-D: Deprecated declaration sht_msgctr_create - give arg types
  sht_msgctr_t *sht_msgctr_create();
..\SHT\kernel\irq.c(85): warning:  #223-D: function "hw_interrupt_disable" declared implicitly
      level = hw_interrupt_disable();
..\SHT\kernel\irq.c(87): warning:  #223-D: function "hw_interrupt_enable" declared implicitly
      hw_interrupt_enable(level);
..\SHT\kernel\irq.c(101): warning:  #223-D: function "hw_interrupt_disable" declared implicitly
      level = hw_interrupt_disable();
..\SHT\kernel\irq.c(103): warning:  #223-D: function "hw_interrupt_enable" declared implicitly
      hw_interrupt_enable(level);
..\SHT\kernel\irq.c(120): warning:  #223-D: function "hw_interrupt_disable" declared implicitly
      level = hw_interrupt_disable();
..\SHT\kernel\irq.c(122): warning:  #223-D: function "hw_interrupt_enable" declared implicitly
      hw_interrupt_enable(level);
..\SHT\kernel\irq.c: 19 warnings, 0 errors
compiling mem.c...
..\SHT\include\hal_int.h(38): warning:  #1295-D: Deprecated declaration hal_intr_nesting_init_comm - give arg types
  void hal_intr_nesting_init_comm();
..\SHT\include\hal_int.h(45): warning:  #1295-D: Deprecated declaration hal_get_intr_nesting_comm - give arg types
  unsigned int hal_get_intr_nesting_comm();
..\SHT\include\hal_int.h(51): warning:  #1295-D: Deprecated declaration hal_intr_nesting_dec_comm - give arg types
  void hal_intr_nesting_dec_comm();
..\SHT\include\hal_int.h(57): warning:  #1295-D: Deprecated declaration hal_intr_nesting_inc_comm - give arg types
  void hal_intr_nesting_inc_comm();
..\SHT\include\hal_int.h(63): warning:  #1295-D: Deprecated declaration hal_sched_bridge_comm - give arg types
  void hal_sched_bridge_comm();
..\SHT\include\hal_int.h(69): warning:  #1295-D: Deprecated declaration hal_intr_exit_bridge_comm - give arg types
  void hal_intr_exit_bridge_comm();
..\SHT\include\mem.h(206): warning:  #1295-D: Deprecated declaration sht_mem_sys_init - give arg types
  void sht_mem_sys_init();
..\SHT\include\int.h(68): warning:  #1295-D: Deprecated declaration sht_intr_sys_init - give arg types
  void sht_intr_sys_init();
..\SHT\kernel\mem.c(35): warning:  #223-D: function "sht_print" declared implicitly
                sht_print("Level%d\r\n", i);
..\SHT\kernel\mem.c(49): warning:  #223-D: function "sht_print" declared implicitly
        sht_print("Free Mem Block Number:%d\r\n", sht_mem_ctrl->free_num);
..\SHT\kernel\mem.c(76): warning:  #68-D: integer conversion resulted in a change of sign
                return -1;
..\SHT\kernel\mem.c(170): warning:  #68-D: integer conversion resulted in a change of sign
                sht_mem_ctrl->bitmap[level - 1][i] = -1;
..\SHT\kernel\mem.c(202): warning:  #68-D: integer conversion resulted in a change of sign
                        sht_mem_blocks[BLOCK_INDEX(o_num)].level = -1;
..\SHT\kernel\mem.c(256): warning:  #186-D: pointless comparison of unsigned integer with zero
        if (sht_mem_blocks[BLOCK_INDEX(num)].level >= 0) // 检查这块内存有没有被分�?                                                   ^
..\SHT\kernel\mem.c(276): warning:  #223-D: function "hw_interrupt_disable" declared implicitly
        sht_enter_critical();
..\SHT\kernel\mem.c(284): warning:  #223-D: function "hw_interrupt_enable" declared implicitly
                        sht_exit_critical();
..\SHT\kernel\mem.c(297): warning:  #223-D: function "hw_interrupt_enable" declared implicitly
                sht_exit_critical();
..\SHT\kernel\mem.c(312): warning:  #223-D: function "hw_interrupt_enable" declared implicitly
                        sht_exit_critical();
..\SHT\kernel\mem.c(319): warning:  #186-D: pointless comparison of unsigned integer with zero
                if (sht_mem_blocks[BLOCK_INDEX(num)].level >= 0)
..\SHT\kernel\mem.c(327): warning:  #223-D: function "hw_interrupt_enable" declared implicitly
        sht_exit_critical();
..\SHT\kernel\mem.c(387): warning:  #223-D: function "sht_print" declared implicitly
                sht_print("Invalid Free Address:0x%x\n", (unsigned int)ptr);
..\SHT\kernel\mem.c(395): warning:  #223-D: function "sht_print" declared implicitly
                sht_print("Invalid Free Address:0x%x\n", (unsigned int)ptr);
..\SHT\kernel\mem.c(398): warning:  #223-D: function "hw_interrupt_disable" declared implicitly
        sht_enter_critical();
..\SHT\kernel\mem.c(409): warning:  #223-D: function "sht_print" declared implicitly
                        sht_print("Invalid Free Address:0x%x\n", (unsigned int)ptr);
..\SHT\kernel\mem.c(410): warning:  #223-D: function "hw_interrupt_enable" declared implicitly
                        sht_exit_critical();
..\SHT\kernel\mem.c(416): warning:  #223-D: function "sht_print" declared implicitly
                        sht_print("Address:0x%x have been freed\n", (unsigned int)ptr);
..\SHT\kernel\mem.c(417): warning:  #223-D: function "hw_interrupt_enable" declared implicitly
                        sht_exit_critical();
..\SHT\kernel\mem.c(421): warning:  #186-D: pointless comparison of unsigned integer with zero
                if (buddy_level < 0 && !sht_get_bit(index, sht_mem_ctrl->bitmap[level]))
..\SHT\kernel\mem.c(423): warning:  #223-D: function "sht_print" declared implicitly
                        sht_print("Address:0x%x have been freed\n", (unsigned)ptr);
..\SHT\kernel\mem.c(424): warning:  #223-D: function "hw_interrupt_enable" declared implicitly
                        sht_exit_critical();
..\SHT\kernel\mem.c(432): warning:  #186-D: pointless comparison of unsigned integer with zero
                if (level < 0)
..\SHT\kernel\mem.c(434): warning:  #223-D: function "sht_print" declared implicitly
                        sht_print("Address:0x%x have been freed\n", (unsigned int)ptr);
..\SHT\kernel\mem.c(435): warning:  #223-D: function "hw_interrupt_enable" declared implicitly
                        sht_exit_critical();
..\SHT\kernel\mem.c(439): warning:  #68-D: integer conversion resulted in a change of sign
                sht_mem_blocks[BLOCK_INDEX(num)].level = -1; // 标志此基本块未被分配
..\SHT\kernel\mem.c(445): warning:  #223-D: function "hw_interrupt_enable" declared implicitly
                sht_exit_critical();
..\SHT\kernel\mem.c(470): warning:  #223-D: function "hw_interrupt_enable" declared implicitly
        sht_exit_critical();
..\SHT\kernel\mem.c(532): warning:  #223-D: function "hw_interrupt_disable" declared implicitly
        sht_enter_critical();
..\SHT\kernel\mem.c(538): warning:  #223-D: function "hw_interrupt_enable" declared implicitly
                        sht_exit_critical();
..\SHT\kernel\mem.c(555): warning:  #223-D: function "hw_interrupt_enable" declared implicitly
        sht_exit_critical();
..\SHT\kernel\mem.c(572): warning:  #223-D: function "sht_print" declared implicitly
                sht_print("Res release Err\n"); // TODO 删printerr
..\SHT\kernel\mem.c(578): warning:  #223-D: function "sht_print" declared implicitly
                sht_print("Err Res\n");
..\SHT\kernel\mem.c(584): warning:  #223-D: function "sht_print" declared implicitly
                sht_print("Err Res\n");
..\SHT\kernel\mem.c(609): warning:  #223-D: function "hw_interrupt_disable" declared implicitly
        sht_enter_critical();
..\SHT\kernel\mem.c(615): warning:  #223-D: function "hw_interrupt_enable" declared implicitly
        sht_exit_critical();
..\SHT\kernel\mem.c(689): warning:  #1-D: last line of file ends without a newline
  }
..\SHT\kernel\mem.c: 45 warnings, 0 errors
compiling message.c...
..\SHT\include\hal_int.h(38): warning:  #1295-D: Deprecated declaration hal_intr_nesting_init_comm - give arg types
  void hal_intr_nesting_init_comm();
..\SHT\include\hal_int.h(45): warning:  #1295-D: Deprecated declaration hal_get_intr_nesting_comm - give arg types
  unsigned int hal_get_intr_nesting_comm();
..\SHT\include\hal_int.h(51): warning:  #1295-D: Deprecated declaration hal_intr_nesting_dec_comm - give arg types
  void hal_intr_nesting_dec_comm();
..\SHT\include\hal_int.h(57): warning:  #1295-D: Deprecated declaration hal_intr_nesting_inc_comm - give arg types
  void hal_intr_nesting_inc_comm();
..\SHT\include\hal_int.h(63): warning:  #1295-D: Deprecated declaration hal_sched_bridge_comm - give arg types
  void hal_sched_bridge_comm();
..\SHT\include\hal_int.h(69): warning:  #1295-D: Deprecated declaration hal_intr_exit_bridge_comm - give arg types
  void hal_intr_exit_bridge_comm();
..\SHT\include\mem.h(206): warning:  #1295-D: Deprecated declaration sht_mem_sys_init - give arg types
  void sht_mem_sys_init();
..\SHT\include\lsched.h(66): warning:  #1295-D: Deprecated declaration sht_real_sched - give arg types
  void sht_real_sched();
..\SHT\include\lsched.h(67): warning:  #1295-D: Deprecated declaration sht_real_intr_sched - give arg types
  void sht_real_intr_sched();
..\SHT\include\int.h(68): warning:  #1295-D: Deprecated declaration sht_intr_sys_init - give arg types
  void sht_intr_sys_init();
..\SHT\include\timer.h(29): warning:  #1295-D: Deprecated declaration sht_time_sys_init - give arg types
  void sht_time_sys_init();
..\SHT\include\message.h(90): warning:  #1295-D: Deprecated declaration sht_msgctr_create - give arg types
  sht_msgctr_t *sht_msgctr_create();
..\SHT\kernel\message.c(120): warning:  #223-D: function "hw_interrupt_disable" declared implicitly
        long level = sht_enter_critical();
..\SHT\kernel\message.c(124): warning:  #223-D: function "hw_interrupt_enable" declared implicitly
                sht_exit_critical(level);
..\SHT\kernel\message.c(130): warning:  #223-D: function "hw_interrupt_enable" declared implicitly
                sht_exit_critical(level);
..\SHT\kernel\message.c(139): warning:  #223-D: function "hw_interrupt_enable" declared implicitly
                sht_exit_critical(level);
..\SHT\kernel\message.c(159): warning:  #223-D: function "hw_interrupt_enable" declared implicitly
        sht_exit_critical(level);
..\SHT\kernel\message.c(174): warning:  #223-D: function "interrupt_get_nest" declared implicitly
        if (sht_intr_nesting > 0)
..\SHT\kernel\message.c(187): warning:  #223-D: function "hw_interrupt_disable" declared implicitly
        long level = sht_enter_critical();
..\SHT\kernel\message.c(214): warning:  #223-D: function "hw_interrupt_enable" declared implicitly
                                sht_exit_critical(level);
..\SHT\kernel\message.c(225): warning:  #223-D: function "hw_interrupt_enable" declared implicitly
                sht_exit_critical(level);
..\SHT\kernel\message.c(243): warning:  #223-D: function "hw_interrupt_enable" declared implicitly
        sht_exit_critical(level);
..\SHT\kernel\message.c(326): warning:  #223-D: function "sht_print" declared implicitly
                sht_print("\nid = %d", pmsg->id);
..\SHT\kernel\message.c(328): warning:  #1-D: last line of file ends without a newline
  }
..\SHT\kernel\message.c: 24 warnings, 0 errors
compiling mutex.c...
..\SHT\include\hal_int.h(38): warning:  #1295-D: Deprecated declaration hal_intr_nesting_init_comm - give arg types
  void hal_intr_nesting_init_comm();
..\SHT\include\hal_int.h(45): warning:  #1295-D: Deprecated declaration hal_get_intr_nesting_comm - give arg types
  unsigned int hal_get_intr_nesting_comm();
..\SHT\include\hal_int.h(51): warning:  #1295-D: Deprecated declaration hal_intr_nesting_dec_comm - give arg types
  void hal_intr_nesting_dec_comm();
..\SHT\include\hal_int.h(57): warning:  #1295-D: Deprecated declaration hal_intr_nesting_inc_comm - give arg types
  void hal_intr_nesting_inc_comm();
..\SHT\include\hal_int.h(63): warning:  #1295-D: Deprecated declaration hal_sched_bridge_comm - give arg types
  void hal_sched_bridge_comm();
..\SHT\include\hal_int.h(69): warning:  #1295-D: Deprecated declaration hal_intr_exit_bridge_comm - give arg types
  void hal_intr_exit_bridge_comm();
..\SHT\include\mem.h(206): warning:  #1295-D: Deprecated declaration sht_mem_sys_init - give arg types
  void sht_mem_sys_init();
..\SHT\include\lsched.h(66): warning:  #1295-D: Deprecated declaration sht_real_sched - give arg types
  void sht_real_sched();
..\SHT\include\lsched.h(67): warning:  #1295-D: Deprecated declaration sht_real_intr_sched - give arg types
  void sht_real_intr_sched();
..\SHT\include\int.h(68): warning:  #1295-D: Deprecated declaration sht_intr_sys_init - give arg types
  void sht_intr_sys_init();
..\SHT\include\timer.h(29): warning:  #1295-D: Deprecated declaration sht_time_sys_init - give arg types
  void sht_time_sys_init();
..\SHT\kernel\mutex.c(75): warning:  #223-D: function "hw_interrupt_disable" declared implicitly
        long level = sht_enter_critical();
..\SHT\kernel\mutex.c(79): warning:  #223-D: function "hw_interrupt_enable" declared implicitly
                sht_exit_critical(level);
..\SHT\kernel\mutex.c(85): warning:  #223-D: function "hw_interrupt_enable" declared implicitly
                sht_exit_critical(level);
..\SHT\kernel\mutex.c(94): warning:  #223-D: function "interrupt_get_nest" declared implicitly
        if (sht_intr_nesting > 0)
..\SHT\kernel\mutex.c(99): warning:  #223-D: function "hw_interrupt_disable" declared implicitly
        long level = sht_enter_critical();
..\SHT\kernel\mutex.c(102): warning:  #223-D: function "hw_interrupt_enable" declared implicitly
                sht_exit_critical(level);
..\SHT\kernel\mutex.c(112): warning:  #223-D: function "hw_interrupt_enable" declared implicitly
                sht_exit_critical(level);
..\SHT\kernel\mutex.c(116): warning:  #223-D: function "hw_interrupt_enable" declared implicitly
        sht_exit_critical(level);
..\SHT\kernel\mutex.c(126): warning:  #223-D: function "interrupt_get_nest" declared implicitly
        if (sht_intr_nesting > 0)
..\SHT\kernel\mutex.c(131): warning:  #223-D: function "hw_interrupt_disable" declared implicitly
        long level = sht_enter_critical();
..\SHT\kernel\mutex.c(134): warning:  #223-D: function "hw_interrupt_enable" declared implicitly
                sht_exit_critical(level);
..\SHT\kernel\mutex.c(144): warning:  #223-D: function "hw_interrupt_enable" declared implicitly
                sht_exit_critical(level);
..\SHT\kernel\mutex.c(172): warning:  #223-D: function "hw_interrupt_enable" declared implicitly
        sht_exit_critical(level);
..\SHT\kernel\mutex.c(177): warning:  #223-D: function "sht_print" declared implicitly
                sht_print("Time Out Return\n");
..\SHT\kernel\mutex.c(189): warning:  #223-D: function "sht_print" declared implicitly
                sht_print("Err Ready Return\n");
..\SHT\kernel\mutex.c(202): warning:  #223-D: function "interrupt_get_nest" declared implicitly
        if (sht_intr_nesting > 0)
..\SHT\kernel\mutex.c(207): warning:  #223-D: function "hw_interrupt_disable" declared implicitly
        long level = sht_enter_critical();
..\SHT\kernel\mutex.c(210): warning:  #223-D: function "hw_interrupt_enable" declared implicitly
                sht_exit_critical(level);
..\SHT\kernel\mutex.c(223): warning:  #223-D: function "hw_interrupt_enable" declared implicitly
                sht_exit_critical(level);
..\SHT\kernel\mutex.c(236): warning:  #223-D: function "hw_interrupt_enable" declared implicitly
        sht_exit_critical(level);
..\SHT\kernel\mutex.c(246): warning:  #223-D: function "sht_print" declared implicitly
                sht_print("Time Out Return\n");
..\SHT\kernel\mutex.c(257): warning:  #223-D: function "sht_print" declared implicitly
                sht_print("Err Ready Return\n");
..\SHT\kernel\mutex.c(273): warning:  #223-D: function "hw_interrupt_disable" declared implicitly
        long level = sht_enter_critical();
..\SHT\kernel\mutex.c(277): warning:  #223-D: function "sht_print" declared implicitly
                sht_print("mutex NULL\n");
..\SHT\kernel\mutex.c(278): warning:  #223-D: function "hw_interrupt_enable" declared implicitly
                sht_exit_critical(level);
..\SHT\kernel\mutex.c(287): warning:  #223-D: function "sht_print" declared implicitly
                sht_print("mutex prio err\n");
..\SHT\kernel\mutex.c(288): warning:  #223-D: function "hw_interrupt_enable" declared implicitly
                sht_exit_critical(level);
..\SHT\kernel\mutex.c(303): warning:  #223-D: function "hw_interrupt_enable" declared implicitly
                sht_exit_critical(level);
..\SHT\kernel\mutex.c(312): warning:  #223-D: function "hw_interrupt_enable" declared implicitly
        sht_exit_critical(level);
..\SHT\kernel\mutex.c: 40 warnings, 0 errors
compiling period_thrd.c...
..\SHT\include\hal_int.h(38): warning:  #1295-D: Deprecated declaration hal_intr_nesting_init_comm - give arg types
  void hal_intr_nesting_init_comm();
..\SHT\include\hal_int.h(45): warning:  #1295-D: Deprecated declaration hal_get_intr_nesting_comm - give arg types
  unsigned int hal_get_intr_nesting_comm();
..\SHT\include\hal_int.h(51): warning:  #1295-D: Deprecated declaration hal_intr_nesting_dec_comm - give arg types
  void hal_intr_nesting_dec_comm();
..\SHT\include\hal_int.h(57): warning:  #1295-D: Deprecated declaration hal_intr_nesting_inc_comm - give arg types
  void hal_intr_nesting_inc_comm();
..\SHT\include\hal_int.h(63): warning:  #1295-D: Deprecated declaration hal_sched_bridge_comm - give arg types
  void hal_sched_bridge_comm();
..\SHT\include\hal_int.h(69): warning:  #1295-D: Deprecated declaration hal_intr_exit_bridge_comm - give arg types
  void hal_intr_exit_bridge_comm();
..\SHT\include\mem.h(206): warning:  #1295-D: Deprecated declaration sht_mem_sys_init - give arg types
  void sht_mem_sys_init();
..\SHT\include\timer.h(29): warning:  #1295-D: Deprecated declaration sht_time_sys_init - give arg types
  void sht_time_sys_init();
..\SHT\include\int.h(68): warning:  #1295-D: Deprecated declaration sht_intr_sys_init - give arg types
  void sht_intr_sys_init();
..\SHT\kernel\period_thrd.c(42): warning:  #223-D: function "sht_print" declared implicitly
                        sht_print("No level2 mem space for private_data:%s\n",thread->name);
..\SHT\kernel\period_thrd.c(43): warning:  #223-D: function "hw_interrupt_disable" declared implicitly
                        long level = sht_enter_critical();
..\SHT\kernel\period_thrd.c(45): warning:  #223-D: function "hw_interrupt_enable" declared implicitly
                        sht_exit_critical(level);
..\SHT\kernel\period_thrd.c(54): warning:  #223-D: function "sht_print" declared implicitly
                sht_print("No period thread stack:%s\r\n",thread->name);
..\SHT\kernel\period_thrd.c(55): warning:  #223-D: function "hw_interrupt_disable" declared implicitly
                long level = sht_enter_critical();
..\SHT\kernel\period_thrd.c(57): warning:  #223-D: function "hw_interrupt_enable" declared implicitly
                sht_exit_critical(level);
..\SHT\kernel\period_thrd.c(62): warning:  #223-D: function "hw_interrupt_disable" declared implicitly
        long level = sht_enter_critical();
..\SHT\kernel\period_thrd.c(64): warning:  #223-D: function "hw_interrupt_enable" declared implicitly
        sht_exit_critical(level);
..\SHT\kernel\period_thrd.c(153): warning:  #223-D: function "hw_stack_init" declared implicitly
              thread->stack = (void *)hw_stack_init(private_data->route, private_data->args,
..\SHT\kernel\period_thrd.c: 18 warnings, 0 errors
compiling policy.c...
..\SHT\include\hal_int.h(38): warning:  #1295-D: Deprecated declaration hal_intr_nesting_init_comm - give arg types
  void hal_intr_nesting_init_comm();
..\SHT\include\hal_int.h(45): warning:  #1295-D: Deprecated declaration hal_get_intr_nesting_comm - give arg types
  unsigned int hal_get_intr_nesting_comm();
..\SHT\include\hal_int.h(51): warning:  #1295-D: Deprecated declaration hal_intr_nesting_dec_comm - give arg types
  void hal_intr_nesting_dec_comm();
..\SHT\include\hal_int.h(57): warning:  #1295-D: Deprecated declaration hal_intr_nesting_inc_comm - give arg types
  void hal_intr_nesting_inc_comm();
..\SHT\include\hal_int.h(63): warning:  #1295-D: Deprecated declaration hal_sched_bridge_comm - give arg types
  void hal_sched_bridge_comm();
..\SHT\include\hal_int.h(69): warning:  #1295-D: Deprecated declaration hal_intr_exit_bridge_comm - give arg types
  void hal_intr_exit_bridge_comm();
..\SHT\include\mem.h(206): warning:  #1295-D: Deprecated declaration sht_mem_sys_init - give arg types
  void sht_mem_sys_init();
..\SHT\include\int.h(68): warning:  #1295-D: Deprecated declaration sht_intr_sys_init - give arg types
  void sht_intr_sys_init();
..\SHT\include\comm_thrd.h(44): warning:  #1295-D: Deprecated declaration comm_policy_init - give arg types
  void comm_policy_init();
..\SHT\kernel\policy.c(42): warning:  #223-D: function "hw_interrupt_disable" declared implicitly
                long level = sht_enter_critical();
..\SHT\kernel\policy.c(44): warning:  #223-D: function "hw_interrupt_enable" declared implicitly
                sht_exit_critical(level);
..\SHT\kernel\policy.c(45): warning:  #223-D: function "sht_print" declared implicitly
                sht_print("No thread policy support:%d\n",thread->policy);
..\SHT\kernel\policy.c: 12 warnings, 0 errors
compiling sched.c...
..\SHT\include\hal_int.h(38): warning:  #1295-D: Deprecated declaration hal_intr_nesting_init_comm - give arg types
  void hal_intr_nesting_init_comm();
..\SHT\include\hal_int.h(45): warning:  #1295-D: Deprecated declaration hal_get_intr_nesting_comm - give arg types
  unsigned int hal_get_intr_nesting_comm();
..\SHT\include\hal_int.h(51): warning:  #1295-D: Deprecated declaration hal_intr_nesting_dec_comm - give arg types
  void hal_intr_nesting_dec_comm();
..\SHT\include\hal_int.h(57): warning:  #1295-D: Deprecated declaration hal_intr_nesting_inc_comm - give arg types
  void hal_intr_nesting_inc_comm();
..\SHT\include\hal_int.h(63): warning:  #1295-D: Deprecated declaration hal_sched_bridge_comm - give arg types
  void hal_sched_bridge_comm();
..\SHT\include\hal_int.h(69): warning:  #1295-D: Deprecated declaration hal_intr_exit_bridge_comm - give arg types
  void hal_intr_exit_bridge_comm();
..\SHT\include\mem.h(206): warning:  #1295-D: Deprecated declaration sht_mem_sys_init - give arg types
  void sht_mem_sys_init();
..\SHT\include\int.h(68): warning:  #1295-D: Deprecated declaration sht_intr_sys_init - give arg types
  void sht_intr_sys_init();
..\SHT\include\lsched.h(66): warning:  #1295-D: Deprecated declaration sht_real_sched - give arg types
  void sht_real_sched();
..\SHT\include\lsched.h(67): warning:  #1295-D: Deprecated declaration sht_real_intr_sched - give arg types
  void sht_real_intr_sched();
..\SHT\kernel\sched.c(131): warning:  #223-D: function "interrupt_get_nest" declared implicitly
        if (sht_intr_nesting)
..\SHT\kernel\sched.c(160): warning:  #223-D: function "hw_context_switch_to" declared implicitly
                        hw_context_switch_to(&next->stack);
..\SHT\kernel\sched.c(165): warning:  #223-D: function "hw_context_switch" declared implicitly
                hw_context_switch(&prev->stack, &next->stack);
..\SHT\kernel\sched.c(185): warning:  #223-D: function "hw_context_switch_to" declared implicitly
                        hw_context_switch_to(&next->stack);
..\SHT\kernel\sched.c(202): warning:  #223-D: function "hw_context_switch_interrupt" declared implicitly
                hw_context_switch_interrupt(&prev->stack, &next->stack);
..\SHT\kernel\sched.c: 15 warnings, 0 errors
compiling sem.c...
..\SHT\include\hal_int.h(38): warning:  #1295-D: Deprecated declaration hal_intr_nesting_init_comm - give arg types
  void hal_intr_nesting_init_comm();
..\SHT\include\hal_int.h(45): warning:  #1295-D: Deprecated declaration hal_get_intr_nesting_comm - give arg types
  unsigned int hal_get_intr_nesting_comm();
..\SHT\include\hal_int.h(51): warning:  #1295-D: Deprecated declaration hal_intr_nesting_dec_comm - give arg types
  void hal_intr_nesting_dec_comm();
..\SHT\include\hal_int.h(57): warning:  #1295-D: Deprecated declaration hal_intr_nesting_inc_comm - give arg types
  void hal_intr_nesting_inc_comm();
..\SHT\include\hal_int.h(63): warning:  #1295-D: Deprecated declaration hal_sched_bridge_comm - give arg types
  void hal_sched_bridge_comm();
..\SHT\include\hal_int.h(69): warning:  #1295-D: Deprecated declaration hal_intr_exit_bridge_comm - give arg types
  void hal_intr_exit_bridge_comm();
..\SHT\include\mem.h(206): warning:  #1295-D: Deprecated declaration sht_mem_sys_init - give arg types
  void sht_mem_sys_init();
..\SHT\include\lsched.h(66): warning:  #1295-D: Deprecated declaration sht_real_sched - give arg types
  void sht_real_sched();
..\SHT\include\lsched.h(67): warning:  #1295-D: Deprecated declaration sht_real_intr_sched - give arg types
  void sht_real_intr_sched();
..\SHT\include\int.h(68): warning:  #1295-D: Deprecated declaration sht_intr_sys_init - give arg types
  void sht_intr_sys_init();
..\SHT\include\timer.h(29): warning:  #1295-D: Deprecated declaration sht_time_sys_init - give arg types
  void sht_time_sys_init();
..\SHT\kernel\sem.c(61): warning:  #223-D: function "interrupt_get_nest" declared implicitly
        if (sht_intr_nesting)
..\SHT\kernel\sem.c(71): warning:  #223-D: function "hw_interrupt_disable" declared implicitly
        long level = sht_enter_critical();
..\SHT\kernel\sem.c(76): warning:  #223-D: function "hw_interrupt_enable" declared implicitly
                sht_exit_critical(level);
..\SHT\kernel\sem.c(83): warning:  #223-D: function "hw_interrupt_enable" declared implicitly
                sht_exit_critical(level);
..\SHT\kernel\sem.c(90): warning:  #223-D: function "interrupt_get_nest" declared implicitly
        if (sht_intr_nesting)
..\SHT\kernel\sem.c(106): warning:  #223-D: function "hw_interrupt_disable" declared implicitly
        long level = sht_enter_critical();
..\SHT\kernel\sem.c(110): warning:  #223-D: function "hw_interrupt_enable" declared implicitly
                sht_exit_critical(level);
..\SHT\kernel\sem.c(113): warning:  #223-D: function "hw_interrupt_enable" declared implicitly
        sht_exit_critical(level);
..\SHT\kernel\sem.c(121): warning:  #223-D: function "interrupt_get_nest" declared implicitly
        if (sht_intr_nesting)
..\SHT\kernel\sem.c(137): warning:  #223-D: function "hw_interrupt_disable" declared implicitly
        long level = sht_enter_critical();
..\SHT\kernel\sem.c(141): warning:  #223-D: function "hw_interrupt_enable" declared implicitly
                sht_exit_critical(level);
..\SHT\kernel\sem.c(153): warning:  #223-D: function "hw_interrupt_enable" declared implicitly
        sht_exit_critical(level);
..\SHT\kernel\sem.c(189): warning:  #223-D: function "hw_interrupt_disable" declared implicitly
        long level = sht_enter_critical();
..\SHT\kernel\sem.c(195): warning:  #223-D: function "hw_interrupt_enable" declared implicitly
                sht_exit_critical(level);
..\SHT\kernel\sem.c(204): warning:  #223-D: function "sht_print" declared implicitly
                sht_print("Err Sem post\n");
..\SHT\kernel\sem.c(205): warning:  #223-D: function "hw_interrupt_enable" declared implicitly
                sht_exit_critical(level);
..\SHT\kernel\sem.c(212): warning:  #223-D: function "hw_interrupt_enable" declared implicitly
        sht_exit_critical(level);
..\SHT\kernel\sem.c(223): warning:  #223-D: function "hw_interrupt_disable" declared implicitly
        long level = sht_enter_critical();
..\SHT\kernel\sem.c(225): warning:  #223-D: function "hw_interrupt_enable" declared implicitly
        sht_exit_critical(level);
..\SHT\kernel\sem.c: 30 warnings, 0 errors
compiling thread.c...
..\SHT\include\hal_int.h(38): warning:  #1295-D: Deprecated declaration hal_intr_nesting_init_comm - give arg types
  void hal_intr_nesting_init_comm();
..\SHT\include\hal_int.h(45): warning:  #1295-D: Deprecated declaration hal_get_intr_nesting_comm - give arg types
  unsigned int hal_get_intr_nesting_comm();
..\SHT\include\hal_int.h(51): warning:  #1295-D: Deprecated declaration hal_intr_nesting_dec_comm - give arg types
  void hal_intr_nesting_dec_comm();
..\SHT\include\hal_int.h(57): warning:  #1295-D: Deprecated declaration hal_intr_nesting_inc_comm - give arg types
  void hal_intr_nesting_inc_comm();
..\SHT\include\hal_int.h(63): warning:  #1295-D: Deprecated declaration hal_sched_bridge_comm - give arg types
  void hal_sched_bridge_comm();
..\SHT\include\hal_int.h(69): warning:  #1295-D: Deprecated declaration hal_intr_exit_bridge_comm - give arg types
  void hal_intr_exit_bridge_comm();
..\SHT\include\mem.h(206): warning:  #1295-D: Deprecated declaration sht_mem_sys_init - give arg types
  void sht_mem_sys_init();
..\SHT\include\lsched.h(66): warning:  #1295-D: Deprecated declaration sht_real_sched - give arg types
  void sht_real_sched();
..\SHT\include\lsched.h(67): warning:  #1295-D: Deprecated declaration sht_real_intr_sched - give arg types
  void sht_real_intr_sched();
..\SHT\include\timer.h(29): warning:  #1295-D: Deprecated declaration sht_time_sys_init - give arg types
  void sht_time_sys_init();
..\SHT\include\int.h(68): warning:  #1295-D: Deprecated declaration sht_intr_sys_init - give arg types
  void sht_intr_sys_init();
..\SHT\kernel\thread.c(36): warning:  #223-D: function "sht_print" declared implicitly
                sht_print("Alloc thread:%s fail\n",name);
..\SHT\kernel\thread.c(77): warning:  #223-D: function "hw_interrupt_disable" declared implicitly
        long level = sht_enter_critical();
..\SHT\kernel\thread.c(80): warning:  #223-D: function "hw_interrupt_enable" declared implicitly
        sht_exit_critical(level);
..\SHT\kernel\thread.c(106): warning:  #223-D: function "hw_interrupt_disable" declared implicitly
        long level = sht_enter_critical();
..\SHT\kernel\thread.c(109): warning:  #223-D: function "hw_interrupt_enable" declared implicitly
        sht_exit_critical(level);
..\SHT\kernel\thread.c(135): warning:  #223-D: function "hw_interrupt_disable" declared implicitly
        long level = sht_enter_critical();
..\SHT\kernel\thread.c(153): warning:  #223-D: function "hw_interrupt_enable" declared implicitly
      sht_exit_critical(level);
..\SHT\kernel\thread.c(168): warning:  #223-D: function "hw_interrupt_disable" declared implicitly
        long level = sht_enter_critical();
..\SHT\kernel\thread.c(175): warning:  #223-D: function "hw_interrupt_enable" declared implicitly
        sht_exit_critical(level);
..\SHT\kernel\thread.c(202): warning:  #223-D: function "hw_interrupt_disable" declared implicitly
        long level = sht_enter_critical();
..\SHT\kernel\thread.c(205): warning:  #223-D: function "hw_interrupt_enable" declared implicitly
        sht_exit_critical(level);
..\SHT\kernel\thread.c(229): warning:  #223-D: function "hw_stack_init" declared implicitly
      thread->stack = (void *)hw_stack_init(route, args,
..\SHT\kernel\thread.c(241): warning:  #223-D: function "hw_interrupt_disable" declared implicitly
        long level = sht_enter_critical();
..\SHT\kernel\thread.c(243): warning:  #223-D: function "hw_interrupt_enable" declared implicitly
        sht_exit_critical(level);
..\SHT\kernel\thread.c: 25 warnings, 0 errors
compiling timer.c...
..\SHT\include\hal_int.h(38): warning:  #1295-D: Deprecated declaration hal_intr_nesting_init_comm - give arg types
  void hal_intr_nesting_init_comm();
..\SHT\include\hal_int.h(45): warning:  #1295-D: Deprecated declaration hal_get_intr_nesting_comm - give arg types
  unsigned int hal_get_intr_nesting_comm();
..\SHT\include\hal_int.h(51): warning:  #1295-D: Deprecated declaration hal_intr_nesting_dec_comm - give arg types
  void hal_intr_nesting_dec_comm();
..\SHT\include\hal_int.h(57): warning:  #1295-D: Deprecated declaration hal_intr_nesting_inc_comm - give arg types
  void hal_intr_nesting_inc_comm();
..\SHT\include\hal_int.h(63): warning:  #1295-D: Deprecated declaration hal_sched_bridge_comm - give arg types
  void hal_sched_bridge_comm();
..\SHT\include\hal_int.h(69): warning:  #1295-D: Deprecated declaration hal_intr_exit_bridge_comm - give arg types
  void hal_intr_exit_bridge_comm();
..\SHT\include\mem.h(206): warning:  #1295-D: Deprecated declaration sht_mem_sys_init - give arg types
  void sht_mem_sys_init();
..\SHT\include\comm_thrd.h(44): warning:  #1295-D: Deprecated declaration comm_policy_init - give arg types
  void comm_policy_init();
..\SHT\include\timer.h(29): warning:  #1295-D: Deprecated declaration sht_time_sys_init - give arg types
  void sht_time_sys_init();
..\SHT\include\int.h(68): warning:  #1295-D: Deprecated declaration sht_intr_sys_init - give arg types
  void sht_intr_sys_init();
..\SHT\include\lsched.h(66): warning:  #1295-D: Deprecated declaration sht_real_sched - give arg types
  void sht_real_sched();
..\SHT\include\lsched.h(67): warning:  #1295-D: Deprecated declaration sht_real_intr_sched - give arg types
  void sht_real_intr_sched();
..\SHT\kernel\timer.c(75): warning:  #223-D: function "hw_interrupt_disable" declared implicitly
        long level = sht_enter_critical();
..\SHT\kernel\timer.c(95): warning:  #223-D: function "hw_interrupt_enable" declared implicitly
        sht_exit_critical(level);
..\SHT\kernel\timer.c(132): warning:  #223-D: function "hw_interrupt_disable" declared implicitly
        long level = sht_enter_critical();
..\SHT\kernel\timer.c(148): warning:  #223-D: function "hw_interrupt_enable" declared implicitly
        sht_exit_critical(level);
..\SHT\kernel\timer.c: 16 warnings, 0 errors
compiling cpuport.c...
..\SHT\include\list.h(19): warning:  #47-D: incompatible redefinition of macro "offsetof" (declared at line 91 of "E:\download_software\Keil_v5\ARM\ARMCC\Bin\..\include\stddef.h")
  #define offsetof(TYPE, MEMBER) ((unsigned int) &((TYPE *)0)->MEMBER)
..\SHT\include\hal_int.h(38): warning:  #1295-D: Deprecated declaration hal_intr_nesting_init_comm - give arg types
  void hal_intr_nesting_init_comm();
..\SHT\include\hal_int.h(45): warning:  #1295-D: Deprecated declaration hal_get_intr_nesting_comm - give arg types
  unsigned int hal_get_intr_nesting_comm();
..\SHT\include\hal_int.h(51): warning:  #1295-D: Deprecated declaration hal_intr_nesting_dec_comm - give arg types
  void hal_intr_nesting_dec_comm();
..\SHT\include\hal_int.h(57): warning:  #1295-D: Deprecated declaration hal_intr_nesting_inc_comm - give arg types
  void hal_intr_nesting_inc_comm();
..\SHT\include\hal_int.h(63): warning:  #1295-D: Deprecated declaration hal_sched_bridge_comm - give arg types
  void hal_sched_bridge_comm();
..\SHT\include\hal_int.h(69): warning:  #1295-D: Deprecated declaration hal_intr_exit_bridge_comm - give arg types
  void hal_intr_exit_bridge_comm();
..\SHT\include\mem.h(206): warning:  #1295-D: Deprecated declaration sht_mem_sys_init - give arg types
  void sht_mem_sys_init();
..\SHT\include\lsched.h(66): warning:  #1295-D: Deprecated declaration sht_real_sched - give arg types
  void sht_real_sched();
..\SHT\include\lsched.h(67): warning:  #1295-D: Deprecated declaration sht_real_intr_sched - give arg types
  void sht_real_intr_sched();
..\SHT\include\int.h(68): warning:  #1295-D: Deprecated declaration sht_intr_sys_init - give arg types
  void sht_intr_sys_init();
..\SHT\include\timer.h(29): warning:  #1295-D: Deprecated declaration sht_time_sys_init - give arg types
  void sht_time_sys_init();
..\SHT\include\comm_thrd.h(44): warning:  #1295-D: Deprecated declaration comm_policy_init - give arg types
  void comm_policy_init();
..\SHT\include\message.h(90): warning:  #1295-D: Deprecated declaration sht_msgctr_create - give arg types
  sht_msgctr_t *sht_msgctr_create();
..\SHT\libcpu\cpuport.c: 14 warnings, 0 errors
compiling list.c...
compiling dht11.c...
..\SHT\include\list.h(19): warning:  #47-D: incompatible redefinition of macro "offsetof" (declared at line 91 of "E:\download_software\Keil_v5\ARM\ARMCC\Bin\..\include\stddef.h")
  #define offsetof(TYPE, MEMBER) ((unsigned int) &((TYPE *)0)->MEMBER)
..\SHT\include\hal_int.h(38): warning:  #1295-D: Deprecated declaration hal_intr_nesting_init_comm - give arg types
  void hal_intr_nesting_init_comm();
..\SHT\include\hal_int.h(45): warning:  #1295-D: Deprecated declaration hal_get_intr_nesting_comm - give arg types
  unsigned int hal_get_intr_nesting_comm();
..\SHT\include\hal_int.h(51): warning:  #1295-D: Deprecated declaration hal_intr_nesting_dec_comm - give arg types
  void hal_intr_nesting_dec_comm();
..\SHT\include\hal_int.h(57): warning:  #1295-D: Deprecated declaration hal_intr_nesting_inc_comm - give arg types
  void hal_intr_nesting_inc_comm();
..\SHT\include\hal_int.h(63): warning:  #1295-D: Deprecated declaration hal_sched_bridge_comm - give arg types
  void hal_sched_bridge_comm();
..\SHT\include\hal_int.h(69): warning:  #1295-D: Deprecated declaration hal_intr_exit_bridge_comm - give arg types
  void hal_intr_exit_bridge_comm();
..\SHT\include\mem.h(206): warning:  #1295-D: Deprecated declaration sht_mem_sys_init - give arg types
  void sht_mem_sys_init();
..\SHT\include\lsched.h(66): warning:  #1295-D: Deprecated declaration sht_real_sched - give arg types
  void sht_real_sched();
..\SHT\include\lsched.h(67): warning:  #1295-D: Deprecated declaration sht_real_intr_sched - give arg types
  void sht_real_intr_sched();
..\SHT\include\int.h(68): warning:  #1295-D: Deprecated declaration sht_intr_sys_init - give arg types
  void sht_intr_sys_init();
..\SHT\include\timer.h(29): warning:  #1295-D: Deprecated declaration sht_time_sys_init - give arg types
  void sht_time_sys_init();
..\SHT\include\comm_thrd.h(44): warning:  #1295-D: Deprecated declaration comm_policy_init - give arg types
  void comm_policy_init();
..\SHT\include\message.h(90): warning:  #1295-D: Deprecated declaration sht_msgctr_create - give arg types
  sht_msgctr_t *sht_msgctr_create();
..\Drivers\BSP\DHT11\dht11.h(28): warning:  #1295-D: Deprecated declaration get_temp_humi_thread - give arg types
  void get_temp_humi_thread();
..\Drivers\BSP\DHT11\dht11.h(30): warning:  #1295-D: Deprecated declaration TIM16_PeriodElapsedCallback - give arg types
  void TIM16_PeriodElapsedCallback();
..\Drivers\BSP\DHT11\dht11.c: 16 warnings, 0 errors
linking...
Program Size: Code=44892 RO-data=1116 RW-data=260 ZI-data=43564  
FromELF: creating hex file...
"SubGHz_Phy_PingPong\SubGHz_Phy_PingPong.axf" - 0 Error(s), 363 Warning(s).

<h2>Software Packages used:</h2>

Package Vendor: ARM
                http://www.keil.com/pack/ARM.CMSIS.4.2.0.pack
                ARM::CMSIS:CORE:3.40.0
                CMSIS (Cortex Microcontroller Software Interface Standard)
   * Component: CORE Version: 3.40.0

<h2>Collection of Component include folders:</h2>
  E:\grade_2\SHT\SHT-lm403\MDK-ARM\RTE
  E:\download_software\Keil_v5\ARM\PACK\ARM\CMSIS\4.2.0\CMSIS\Include
  E:\download_software\Keil_v5\ARM\PACK\Keil\STM32WLxx_DFP\1.1.1

<h2>Collection of Component Files used:</h2>

   * Component: ARM::CMSIS:CORE:3.40.0
      Source file:   CMSIS\UserCodeTemplates\ARM\ITM_Retarget.c
</pre>
</body>
</html>
