Component: ARM Compiler 5.05 update 1 (build 106) Tool: armlink [4d0efa]

==============================================================================

Section Cross References

    startup_stm32wle5xx.o(RESET) refers to startup_stm32wle5xx.o(STACK) for __initial_sp
    startup_stm32wle5xx.o(RESET) refers to startup_stm32wle5xx.o(.text) for Reset_Handler
    startup_stm32wle5xx.o(RESET) refers to stm32wlxx_it.o(i.NMI_Handler) for NMI_Handler
    startup_stm32wle5xx.o(RESET) refers to context_rvds.o(.text) for HardFault_Handler
    startup_stm32wle5xx.o(RESET) refers to stm32wlxx_it.o(i.MemManage_Handler) for MemManage_Handler
    startup_stm32wle5xx.o(RESET) refers to stm32wlxx_it.o(i.BusFault_Handler) for BusFault_Handler
    startup_stm32wle5xx.o(RESET) refers to stm32wlxx_it.o(i.UsageFault_Handler) for UsageFault_Handler
    startup_stm32wle5xx.o(RESET) refers to stm32wlxx_it.o(i.SVC_Handler) for SVC_Handler
    startup_stm32wle5xx.o(RESET) refers to stm32wlxx_it.o(i.DebugMon_Handler) for DebugMon_Handler
    startup_stm32wle5xx.o(RESET) refers to stm32wlxx_it.o(i.SysTick_Handler) for SysTick_Handler
    startup_stm32wle5xx.o(RESET) refers to stm32wlxx_it.o(i.TAMP_STAMP_LSECSS_SSRU_IRQHandler) for TAMP_STAMP_LSECSS_SSRU_IRQHandler
    startup_stm32wle5xx.o(RESET) refers to stm32wlxx_it.o(i.EXTI0_IRQHandler) for EXTI0_IRQHandler
    startup_stm32wle5xx.o(RESET) refers to stm32wlxx_it.o(i.DMA1_Channel5_IRQHandler) for DMA1_Channel5_IRQHandler
    startup_stm32wle5xx.o(RESET) refers to stm32wlxx_it.o(i.TIM16_IRQHandler) for TIM16_IRQHandler
    startup_stm32wle5xx.o(RESET) refers to stm32wlxx_it.o(i.USART2_IRQHandler) for USART2_IRQHandler
    startup_stm32wle5xx.o(RESET) refers to stm32wlxx_it.o(i.RTC_Alarm_IRQHandler) for RTC_Alarm_IRQHandler
    startup_stm32wle5xx.o(RESET) refers to stm32wlxx_it.o(i.SUBGHZ_Radio_IRQHandler) for SUBGHZ_Radio_IRQHandler
    startup_stm32wle5xx.o(.text) refers to system_stm32wlxx.o(i.SystemInit) for SystemInit
    startup_stm32wle5xx.o(.text) refers to entry.o(.ARM.Collect$$$$00000000) for __main
    main.o(i.SystemClock_Config) refers to memseta.o(.text) for __aeabi_memclr4
    main.o(i.SystemClock_Config) refers to stm32wlxx_hal_pwr.o(i.HAL_PWR_EnableBkUpAccess) for HAL_PWR_EnableBkUpAccess
    main.o(i.SystemClock_Config) refers to stm32wlxx_hal_rcc.o(i.HAL_RCC_OscConfig) for HAL_RCC_OscConfig
    main.o(i.SystemClock_Config) refers to main.o(i.Error_Handler) for Error_Handler
    main.o(i.SystemClock_Config) refers to stm32wlxx_hal_rcc.o(i.HAL_RCC_ClockConfig) for HAL_RCC_ClockConfig
    main.o(i.main) refers to stm32wlxx_hal.o(i.HAL_Init) for HAL_Init
    main.o(i.main) refers to main.o(i.SystemClock_Config) for SystemClock_Config
    main.o(i.main) refers to gpio.o(i.Board_Init) for Board_Init
    main.o(i.main) refers to app_subghz_phy.o(i.MX_SubGHz_Phy_Init) for MX_SubGHz_Phy_Init
    main.o(i.main) refers to core.o(i.sht_start) for sht_start
    gpio.o(i.Board_Init) refers to gpio.o(i.MX_GPIO_Init) for MX_GPIO_Init
    gpio.o(i.MX_GPIO_Init) refers to memseta.o(.text) for __aeabi_memclr4
    gpio.o(i.MX_GPIO_Init) refers to gpio.o(i.LL_AHB2_GRP1_EnableClock) for LL_AHB2_GRP1_EnableClock
    gpio.o(i.MX_GPIO_Init) refers to stm32wlxx_hal_gpio.o(i.HAL_GPIO_WritePin) for HAL_GPIO_WritePin
    gpio.o(i.MX_GPIO_Init) refers to stm32wlxx_hal_gpio.o(i.HAL_GPIO_Init) for HAL_GPIO_Init
    gpio.o(i.MX_TIM16_Init) refers to stm32wlxx_hal_tim.o(i.HAL_TIM_Base_Init) for HAL_TIM_Base_Init
    gpio.o(i.MX_TIM16_Init) refers to main.o(i.Error_Handler) for Error_Handler
    gpio.o(i.MX_TIM16_Init) refers to stm32wlxx_hal_tim_ex.o(i.HAL_TIMEx_MasterConfigSynchronization) for HAL_TIMEx_MasterConfigSynchronization
    gpio.o(i.MX_TIM16_Init) refers to gpio.o(.bss) for htim16
    dma.o(i.MX_DMA_Init) refers to dma.o(i.LL_AHB1_GRP1_EnableClock) for LL_AHB1_GRP1_EnableClock
    dma.o(i.MX_DMA_Init) refers to stm32wlxx_hal_cortex.o(i.HAL_NVIC_SetPriority) for HAL_NVIC_SetPriority
    dma.o(i.MX_DMA_Init) refers to stm32wlxx_hal_cortex.o(i.HAL_NVIC_EnableIRQ) for HAL_NVIC_EnableIRQ
    rtc.o(i.HAL_RTC_MspDeInit) refers to stm32wlxx_hal_cortex.o(i.HAL_NVIC_DisableIRQ) for HAL_NVIC_DisableIRQ
    rtc.o(i.HAL_RTC_MspInit) refers to memseta.o(.text) for __aeabi_memclr4
    rtc.o(i.HAL_RTC_MspInit) refers to stm32wlxx_hal_rcc_ex.o(i.HAL_RCCEx_PeriphCLKConfig) for HAL_RCCEx_PeriphCLKConfig
    rtc.o(i.HAL_RTC_MspInit) refers to main.o(i.Error_Handler) for Error_Handler
    rtc.o(i.HAL_RTC_MspInit) refers to stm32wlxx_hal_cortex.o(i.HAL_NVIC_SetPriority) for HAL_NVIC_SetPriority
    rtc.o(i.HAL_RTC_MspInit) refers to stm32wlxx_hal_cortex.o(i.HAL_NVIC_EnableIRQ) for HAL_NVIC_EnableIRQ
    rtc.o(i.MX_RTC_Init) refers to memseta.o(.text) for __aeabi_memclr4
    rtc.o(i.MX_RTC_Init) refers to stm32wlxx_hal_rtc.o(i.HAL_RTC_Init) for HAL_RTC_Init
    rtc.o(i.MX_RTC_Init) refers to main.o(i.Error_Handler) for Error_Handler
[...]
    RFW_ReceiveInit                          0x0800402d   Thumb Code     6  radio_fw.o(i.RFW_ReceiveInit)
    RFW_ReceiveLongPacket                    0x08004033   Thumb Code    10  radio_fw.o(i.RFW_ReceiveLongPacket)
    RFW_ReceivePayload                       0x0800403d   Thumb Code     2  radio_fw.o(i.RFW_ReceivePayload)
    RFW_SetAntSwitch                         0x0800403f   Thumb Code     2  radio_fw.o(i.RFW_SetAntSwitch)
    RFW_SetRadioModem                        0x08004041   Thumb Code     2  radio_fw.o(i.RFW_SetRadioModem)
    RFW_TransmitInit                         0x08004043   Thumb Code    10  radio_fw.o(i.RFW_TransmitInit)
    RFW_TransmitLongPacket                   0x0800404d   Thumb Code    10  radio_fw.o(i.RFW_TransmitLongPacket)
    RTC_Alarm_IRQHandler                     0x08004059   Thumb Code    10  stm32wlxx_it.o(i.RTC_Alarm_IRQHandler)
    RTC_ByteToBcd2                           0x08004069   Thumb Code    28  stm32wlxx_hal_rtc.o(i.RTC_ByteToBcd2)
    RTC_EnterInitMode                        0x08004085   Thumb Code    74  stm32wlxx_hal_rtc.o(i.RTC_EnterInitMode)
    RTC_ExitInitMode                         0x080040d5   Thumb Code   100  stm32wlxx_hal_rtc.o(i.RTC_ExitInitMode)
    SUBGHZSPI_Init                           0x08005929   Thumb Code    36  stm32wlxx_hal_subghz.o(i.SUBGHZSPI_Init)
    SUBGHZSPI_Receive                        0x08005951   Thumb Code   128  stm32wlxx_hal_subghz.o(i.SUBGHZSPI_Receive)
    SUBGHZSPI_Transmit                       0x080059d9   Thumb Code   124  stm32wlxx_hal_subghz.o(i.SUBGHZSPI_Transmit)
    SUBGHZ_CheckDeviceReady                  0x08005a5d   Thumb Code    54  stm32wlxx_hal_subghz.o(i.SUBGHZ_CheckDeviceReady)
    SUBGHZ_Radio_IRQHandler                  0x08005a99   Thumb Code    10  stm32wlxx_it.o(i.SUBGHZ_Radio_IRQHandler)
    SUBGHZ_WaitOnBusy                        0x08005aa9   Thumb Code    78  stm32wlxx_hal_subghz.o(i.SUBGHZ_WaitOnBusy)
    SUBGRF_Calibrate                         0x08005b01   Thumb Code    98  radio_driver.o(i.SUBGRF_Calibrate)
    SUBGRF_CalibrateImage                    0x08005b65   Thumb Code   128  radio_driver.o(i.SUBGRF_CalibrateImage)
    SUBGRF_GetCFO                            0x08005bf9   Thumb Code   140  radio_driver.o(i.SUBGRF_GetCFO)
    SUBGRF_GetFskBandwidthRegValue           0x08005c91   Thumb Code    44  radio_driver.o(i.SUBGRF_GetFskBandwidthRegValue)
    SUBGRF_GetOperatingMode                  0x08005cc1   Thumb Code     6  radio_driver.o(i.SUBGRF_GetOperatingMode)
    SUBGRF_GetPacketStatus                   0x08005ccd   Thumb Code   136  radio_driver.o(i.SUBGRF_GetPacketStatus)
    SUBGRF_GetPacketType                     0x08005d59   Thumb Code     6  radio_driver.o(i.SUBGRF_GetPacketType)
    SUBGRF_GetPayload                        0x08005d65   Thumb Code    46  radio_driver.o(i.SUBGRF_GetPayload)
    SUBGRF_GetRadioWakeUpTime                0x08005d93   Thumb Code     4  radio_driver.o(i.SUBGRF_GetRadioWakeUpTime)
    SUBGRF_GetRandom                         0x08005d97   Thumb Code   104  radio_driver.o(i.SUBGRF_GetRandom)
    SUBGRF_GetRssiInst                       0x08005dff   Thumb Code    28  radio_driver.o(i.SUBGRF_GetRssiInst)
    SUBGRF_GetRxBufferStatus                 0x08005e1d   Thumb Code    58  radio_driver.o(i.SUBGRF_GetRxBufferStatus)
    SUBGRF_Init                              0x08005e5d   Thumb Code   108  radio_driver.o(i.SUBGRF_Init)
    SUBGRF_ReadBuffer                        0x08005ed5   Thumb Code    40  radio_driver.o(i.SUBGRF_ReadBuffer)
    SUBGRF_ReadCommand                       0x08005f01   Thumb Code    40  radio_driver.o(i.SUBGRF_ReadCommand)
    SUBGRF_ReadRegister                      0x08005f2d   Thumb Code    22  radio_driver.o(i.SUBGRF_ReadRegister)
    SUBGRF_ReadRegisters                     0x08005f49   Thumb Code    40  radio_driver.o(i.SUBGRF_ReadRegisters)
    SUBGRF_SendPayload                       0x08005f75   Thumb Code    24  radio_driver.o(i.SUBGRF_SendPayload)
    SUBGRF_SetBufferBaseAddress              0x08005f8d   Thumb Code    26  radio_driver.o(i.SUBGRF_SetBufferBaseAddress)
    SUBGRF_SetCad                            0x08005fa9   Thumb Code    20  radio_driver.o(i.SUBGRF_SetCad)
    SUBGRF_SetCrcPolynomial                  0x08005fc1   Thumb Code    42  radio_driver.o(i.SUBGRF_SetCrcPolynomial)
    SUBGRF_SetCrcSeed                        0x08005feb   Thumb Code    42  radio_driver.o(i.SUBGRF_SetCrcSeed)
    SUBGRF_SetDioIrqParams                   0x08006015   Thumb Code    74  radio_driver.o(i.SUBGRF_SetDioIrqParams)
    SUBGRF_SetLoRaSymbNumTimeout             0x0800605f   Thumb Code    62  radio_driver.o(i.SUBGRF_SetLoRaSymbNumTimeout)
    SUBGRF_SetModulationParams               0x0800609d   Thumb Code   312  radio_driver.o(i.SUBGRF_SetModulationParams)
    SUBGRF_SetPaConfig                       0x080061e1   Thumb Code    38  radio_driver.o(i.SUBGRF_SetPaConfig)
    SUBGRF_SetPacketParams                   0x08006209   Thumb Code   246  radio_driver.o(i.SUBGRF_SetPacketParams)
    SUBGRF_SetPacketType                     0x08006309   Thumb Code    38  radio_driver.o(i.SUBGRF_SetPacketType)
    SUBGRF_SetPayload                        0x08006335   Thumb Code    18  radio_driver.o(i.SUBGRF_SetPayload)
    SUBGRF_SetRegulatorMode                  0x08006347   Thumb Code    32  radio_driver.o(i.SUBGRF_SetRegulatorMode)
    SUBGRF_SetRfFrequency                    0x08006369   Thumb Code    86  radio_driver.o(i.SUBGRF_SetRfFrequency)
    SUBGRF_SetRfTxPower                      0x080063c9   Thumb Code    62  radio_driver.o(i.SUBGRF_SetRfTxPower)
    SUBGRF_SetRx                             0x08006409   Thumb Code    40  radio_driver.o(i.SUBGRF_SetRx)
    SUBGRF_SetRxBoosted                      0x08006435   Thumb Code    50  radio_driver.o(i.SUBGRF_SetRxBoosted)
    SUBGRF_SetRxDutyCycle                    0x0800646d   Thumb Code    60  radio_driver.o(i.SUBGRF_SetRxDutyCycle)
    SUBGRF_SetSleep                          0x080064ad   Thumb Code    68  radio_driver.o(i.SUBGRF_SetSleep)
    SUBGRF_SetStandby                        0x080064f5   Thumb Code    34  radio_driver.o(i.SUBGRF_SetStandby)
    SUBGRF_SetStopRxTimerOnPreambleDetect    0x0800651d   Thumb Code    14  radio_driver.o(i.SUBGRF_SetStopRxTimerOnPreambleDetect)
    SUBGRF_SetSwitch                         0x0800652b   Thumb Code    44  radio_driver.o(i.SUBGRF_SetSwitch)
    SUBGRF_SetSyncWord                       0x08006557   Thumb Code    20  radio_driver.o(i.SUBGRF_SetSyncWord)
    SUBGRF_SetTcxoMode                       0x0800656b   Thumb Code    44  radio_driver.o(i.SUBGRF_SetTcxoMode)
    SUBGRF_SetTx                             0x08006599   Thumb Code    40  radio_driver.o(i.SUBGRF_SetTx)
    SUBGRF_SetTxContinuousWave               0x080065c5   Thumb Code    14  radio_driver.o(i.SUBGRF_SetTxContinuousWave)
    SUBGRF_SetTxInfinitePreamble             0x080065d3   Thumb Code    14  radio_driver.o(i.SUBGRF_SetTxInfinitePreamble)
    SUBGRF_SetTxParams                       0x080065e1   Thumb Code   300  radio_driver.o(i.SUBGRF_SetTxParams)
    SUBGRF_SetWhiteningSeed                  0x0800670d   Thumb Code    58  radio_driver.o(i.SUBGRF_SetWhiteningSeed)
    SUBGRF_WriteBuffer                       0x08006749   Thumb Code    40  radio_driver.o(i.SUBGRF_WriteBuffer)
    SUBGRF_WriteCommand                      0x08006775   Thumb Code    40  radio_driver.o(i.SUBGRF_WriteCommand)
    SUBGRF_WriteRegister                     0x080067a1   Thumb Code    18  radio_driver.o(i.SUBGRF_WriteRegister)
    SUBGRF_WriteRegisters                    0x080067b9   Thumb Code    40  radio_driver.o(i.SUBGRF_WriteRegisters)
    SVC_Handler                              0x080067e5   Thumb Code     2  stm32wlxx_it.o(i.SVC_Handler)
    SubghzApp_Init                           0x080067e9   Thumb Code   290  subghz_phy_app.o(i.SubghzApp_Init)
    SysTick_Handler                          0x08006995   Thumb Code    16  stm32wlxx_it.o(i.SysTick_Handler)
    SysTimeAdd                               0x080069a5   Thumb Code    78  stm32_systime.o(i.SysTimeAdd)
    SysTimeGet                               0x080069f5   Thumb Code    82  stm32_systime.o(i.SysTimeGet)
    SystemApp_Init                           0x08006a4d   Thumb Code    72  sys_app.o(i.SystemApp_Init)
    SystemClock_Config                       0x08006a9d   Thumb Code   148  main.o(i.SystemClock_Config)
    SystemInit                               0x08006b39   Thumb Code     2  system_stm32wlxx.o(i.SystemInit)
    TAMP_STAMP_LSECSS_SSRU_IRQHandler        0x08006b3d   Thumb Code    10  stm32wlxx_it.o(i.TAMP_STAMP_LSECSS_SSRU_IRQHandler)
    TIM16_IRQHandler                         0x08006b4d   Thumb Code    10  stm32wlxx_it.o(i.TIM16_IRQHandler)
    TIM16_PeriodElapsedCallback              0x08006b5d   Thumb Code    14  dht11.o(i.TIM16_PeriodElapsedCallback)
    TIMER_IF_BkUp_Read_Seconds               0x08006b85   Thumb Code    18  timer_if.o(i.TIMER_IF_BkUp_Read_Seconds)
    TIMER_IF_BkUp_Read_SubSeconds            0x08006b9d   Thumb Code    18  timer_if.o(i.TIMER_IF_BkUp_Read_SubSeconds)
    TIMER_IF_BkUp_Write_Seconds              0x08006bc9   Thumb Code    16  timer_if.o(i.TIMER_IF_BkUp_Write_Seconds)
    TIMER_IF_BkUp_Write_SubSeconds           0x08006bdd   Thumb Code    16  timer_if.o(i.TIMER_IF_BkUp_Write_SubSeconds)
    TIMER_IF_Convert_Tick2ms                 0x08006bf1   Thumb Code    22  timer_if.o(i.TIMER_IF_Convert_Tick2ms)
    TIMER_IF_Convert_ms2Tick                 0x08006c07   Thumb Code    38  timer_if.o(i.TIMER_IF_Convert_ms2Tick)
    TIMER_IF_DelayMs                         0x08006c2d   Thumb Code    34  timer_if.o(i.TIMER_IF_DelayMs)
    TIMER_IF_GetMinimumTimeout               0x08006c4f   Thumb Code     6  timer_if.o(i.TIMER_IF_GetMinimumTimeout)
    TIMER_IF_GetTime                         0x08006c55   Thumb Code    56  timer_if.o(i.TIMER_IF_GetTime)
    TIMER_IF_GetTimerContext                 0x08006c8d   Thumb Code     6  timer_if.o(i.TIMER_IF_GetTimerContext)
    TIMER_IF_GetTimerElapsedTime             0x08006c99   Thumb Code    18  timer_if.o(i.TIMER_IF_GetTimerElapsedTime)
    TIMER_IF_GetTimerValue                   0x08006cb1   Thumb Code    22  timer_if.o(i.TIMER_IF_GetTimerValue)
    TIMER_IF_Init                            0x08006ccd   Thumb Code    66  timer_if.o(i.TIMER_IF_Init)
    TIMER_IF_SetTimerContext                 0x08006d19   Thumb Code    16  timer_if.o(i.TIMER_IF_SetTimerContext)
    TIMER_IF_StartTimer                      0x08006d2d   Thumb Code    72  timer_if.o(i.TIMER_IF_StartTimer)
    TIMER_IF_StopTimer                       0x08006d7d   Thumb Code    28  timer_if.o(i.TIMER_IF_StopTimer)
    TimerExists                              0x0800704d   Thumb Code    26  stm32_timer.o(i.TimerExists)
    TimerInsertNewHeadTimer                  0x0800706d   Thumb Code    28  stm32_timer.o(i.TimerInsertNewHeadTimer)
    TimerInsertTimer                         0x0800708d   Thumb Code    46  stm32_timer.o(i.TimerInsertTimer)
    TimerSetTimeout                          0x080070c1   Thumb Code    50  stm32_timer.o(i.TimerSetTimeout)
    UART_AdvFeatureConfig                    0x080071ab   Thumb Code   248  stm32wlxx_hal_uart.o(i.UART_AdvFeatureConfig)
    UART_CheckIdleState                      0x080072a3   Thumb Code   120  stm32wlxx_hal_uart.o(i.UART_CheckIdleState)
    UART_SetConfig                           0x08007acd   Thumb Code   776  stm32wlxx_hal_uart.o(i.UART_SetConfig)
    UART_Start_Receive_IT                    0x08007df5   Thumb Code   332  stm32wlxx_hal_uart.o(i.UART_Start_Receive_IT)
    UART_WaitOnFlagUntilTimeout              0x08007f51   Thumb Code   254  stm32wlxx_hal_uart.o(i.UART_WaitOnFlagUntilTimeout)
    USART2_IRQHandler                        0x08008051   Thumb Code    10  stm32wlxx_it.o(i.USART2_IRQHandler)
    UTIL_ADV_TRACE_COND_FSend                0x08008061   Thumb Code   206  stm32_adv_trace.o(i.UTIL_ADV_TRACE_COND_FSend)
    UTIL_ADV_TRACE_Init                      0x0800813d   Thumb Code    34  stm32_adv_trace.o(i.UTIL_ADV_TRACE_Init)
    UTIL_ADV_TRACE_PostSendHook              0x08008171   Thumb Code    12  sys_app.o(i.UTIL_ADV_TRACE_PostSendHook)
    UTIL_ADV_TRACE_PreSendHook               0x0800817d   Thumb Code    12  sys_app.o(i.UTIL_ADV_TRACE_PreSendHook)
    UTIL_ADV_TRACE_RegisterTimeStampFunction 0x08008189   Thumb Code     6  stm32_adv_trace.o(i.UTIL_ADV_TRACE_RegisterTimeStampFunction)
    UTIL_ADV_TRACE_SetVerboseLevel           0x08008195   Thumb Code     6  stm32_adv_trace.o(i.UTIL_ADV_TRACE_SetVerboseLevel)
    UTIL_LPM_Init                            0x080081a1   Thumb Code    12  stm32_lpm.o(i.UTIL_LPM_Init)
    UTIL_LPM_SetOffMode                      0x080081b5   Thumb Code    56  stm32_lpm.o(i.UTIL_LPM_SetOffMode)
    UTIL_LPM_SetStopMode                     0x080081f1   Thumb Code    56  stm32_lpm.o(i.UTIL_LPM_SetStopMode)
    UTIL_MEM_cpy_8                           0x0800822d   Thumb Code    28  stm32_mem.o(i.UTIL_MEM_cpy_8)
    UTIL_MEM_set_8                           0x08008249   Thumb Code    22  stm32_mem.o(i.UTIL_MEM_set_8)
    UTIL_SEQ_SetTask                         0x08008261   Thumb Code    46  stm32_seq.o(i.UTIL_SEQ_SetTask)
    UTIL_TIMER_Create                        0x08008299   Thumb Code    60  stm32_timer.o(i.UTIL_TIMER_Create)
    UTIL_TIMER_GetCurrentTime                0x080082d9   Thumb Code    20  stm32_timer.o(i.UTIL_TIMER_GetCurrentTime)
    UTIL_TIMER_GetElapsedTime                0x080082f1   Thumb Code    32  stm32_timer.o(i.UTIL_TIMER_GetElapsedTime)
    UTIL_TIMER_IRQ_Handler                   0x08008315   Thumb Code   178  stm32_timer.o(i.UTIL_TIMER_IRQ_Handler)
    UTIL_TIMER_Init                          0x080083d1   Thumb Code    16  stm32_timer.o(i.UTIL_TIMER_Init)
    UTIL_TIMER_SetPeriod                     0x080083e9   Thumb Code    50  stm32_timer.o(i.UTIL_TIMER_SetPeriod)
    UTIL_TIMER_Start                         0x08008421   Thumb Code   150  stm32_timer.o(i.UTIL_TIMER_Start)
    UTIL_TIMER_Stop                          0x080084c1   Thumb Code   160  stm32_timer.o(i.UTIL_TIMER_Stop)
    UsageFault_Handler                       0x08008569   Thumb Code     4  stm32wlxx_it.o(i.UsageFault_Handler)
    __0vsprintf                              0x0800856d   Thumb Code    30  printfa.o(i.__0vsprintf)
    __1vsprintf                              0x0800856d   Thumb Code     0  printfa.o(i.__0vsprintf)
    __2vsprintf                              0x0800856d   Thumb Code     0  printfa.o(i.__0vsprintf)
    __c89vsprintf                            0x0800856d   Thumb Code     0  printfa.o(i.__0vsprintf)
    vsprintf                                 0x0800856d   Thumb Code     0  printfa.o(i.__0vsprintf)
    __scatterload_copy                       0x080085e1   Thumb Code    14  handlers.o(i.__scatterload_copy)
    __scatterload_null                       0x080085ef   Thumb Code     2  handlers.o(i.__scatterload_null)
    __scatterload_zeroinit                   0x080085f1   Thumb Code    14  handlers.o(i.__scatterload_zeroinit)
    buddy_free                               0x08008eb5   Thumb Code   520  mem.o(i.buddy_free)
    buddy_init                               0x08009101   Thumb Code   758  mem.o(i.buddy_init)
    buddy_malloc                             0x08009401   Thumb Code    82  mem.o(i.buddy_malloc)
    buddy_malloc_size                        0x08009459   Thumb Code    54  mem.o(i.buddy_malloc_size)
    comm_policy_init                         0x08009495   Thumb Code    30  comm_thrd.o(i.comm_policy_init)
    comm_policy_thread_init                  0x080094c5   Thumb Code    92  comm_thrd.o(i.comm_policy_thread_init)
    daem                                     0x08009541   Thumb Code    86  core.o(i.daem)
    hw_hard_fault_exception                  0x08009711   Thumb Code   210  cpuport.o(i.hw_hard_fault_exception)
    hw_stack_init                            0x08009939   Thumb Code    70  cpuport.o(i.hw_stack_init)
    idle                                     0x08009985   Thumb Code     4  core.o(i.idle)
    init                                     0x08009989   Thumb Code   118  core.o(i.init)
    interrupt_get_nest                       0x08009a31   Thumb Code    22  irq.o(i.interrupt_get_nest)
    main                                     0x08009a4d   Thumb Code    24  main.o(i.main)
    period_delay_deal                        0x08009b19   Thumb Code   112  period_thrd.o(i.period_delay_deal)
    period_policy_init                       0x08009b91   Thumb Code    44  period_thrd.o(i.period_policy_init)
    period_policy_thread_init                0x08009bd9   Thumb Code   180  period_thrd.o(i.period_policy_thread_init)
    period_policy_thread_release             0x08009cd9   Thumb Code    12  period_thrd.o(i.period_policy_thread_release)
    period_thread_delay                      0x08009ce5   Thumb Code    16  period_thrd.o(i.period_thread_delay)
    period_thread_exit                       0x08009cf5   Thumb Code     8  period_thrd.o(i.period_thread_exit)
    sht_alloc_thread                         0x08009f69   Thumb Code    10  thread.o(i.sht_alloc_thread)
    sht_clear_bit                            0x08009f79   Thumb Code    28  bitops.o(i.sht_clear_bit)
    sht_core_cpu_start                       0x08009f95   Thumb Code   120  core.o(i.sht_core_cpu_start)
    sht_create_pool                          0x0800a039   Thumb Code   114  mem.o(i.sht_create_pool)
    sht_create_thread                        0x0800a0ad   Thumb Code    96  thread.o(i.sht_create_thread)
    sht_evt_pool_init                        0x0800a14d   Thumb Code    36  event.o(i.sht_evt_pool_init)
    sht_evt_queue_del                        0x0800a175   Thumb Code    18  event.o(i.sht_evt_queue_del)
    sht_evt_sys_init                         0x0800a187   Thumb Code     8  event.o(i.sht_evt_sys_init)
    sht_ffs                                  0x0800a18f   Thumb Code    52  bitops.o(i.sht_ffs)
    sht_find_first_bit                       0x0800a1c3   Thumb Code    48  bitops.o(i.sht_find_first_bit)
    sht_get_bit                              0x0800a1f3   Thumb Code    28  bitops.o(i.sht_get_bit)
    sht_get_free_pool                        0x0800a211   Thumb Code    28  mem.o(i.sht_get_free_pool)
    sht_get_highprio                         0x0800a231   Thumb Code    14  sched.o(i.sht_get_highprio)
    sht_get_policy_ctrl                      0x0800a241   Thumb Code    34  policy.o(i.sht_get_policy_ctrl)
    sht_get_pool_by_id                       0x0800a269   Thumb Code    26  mem.o(i.sht_get_pool_by_id)
    sht_get_res                              0x0800a289   Thumb Code   100  mem.o(i.sht_get_res)
    sht_get_res_by_id                        0x0800a2f1   Thumb Code    32  mem.o(i.sht_get_res_by_id)
    sht_intr_exit                            0x0800a311   Thumb Code    42  int.o(i.sht_intr_exit)
    sht_intr_sys_init                        0x0800a349   Thumb Code     2  int.o(i.sht_intr_sys_init)
    sht_kill_thread                          0x0800a34b   Thumb Code    70  thread.o(i.sht_kill_thread)
    sht_list_add                             0x0800a391   Thumb Code    14  list.o(i.sht_list_add)
    sht_list_add2_tail                       0x0800a39f   Thumb Code    14  list.o(i.sht_list_add2_tail)
    sht_list_del                             0x0800a3ad   Thumb Code    18  list.o(i.sht_list_del)
    sht_mem_sys_init                         0x0800a3c1   Thumb Code    16  mem.o(i.sht_mem_sys_init)
    sht_module_init                          0x0800a3d9   Thumb Code   104  core.o(i.sht_module_init)
    sht_msg_sys_init                         0x0800a4b1   Thumb Code    62  message.o(i.sht_msg_sys_init)
    sht_periodqueue_add                      0x0800a4fd   Thumb Code    96  period_thrd.o(i.sht_periodqueue_add)
    sht_policy_delay_deal                    0x0800a561   Thumb Code    28  policy.o(i.sht_policy_delay_deal)
    sht_policy_thread_init                   0x0800a581   Thumb Code    80  policy.o(i.sht_policy_thread_init)
    sht_policy_thread_release                0x0800a5f1   Thumb Code    24  policy.o(i.sht_policy_thread_release)
    sht_pool_ctrl_init                       0x0800a609   Thumb Code    84  mem.o(i.sht_pool_ctrl_init)
    sht_pool_res_init                        0x0800a65d   Thumb Code    48  mem.o(i.sht_pool_res_init)
    sht_print                                0x0800a68d   Thumb Code    26  print.o(i.sht_print)
    sht_prio_queue_add                       0x0800a6a7   Thumb Code    46  sched.o(i.sht_prio_queue_add)
    sht_prio_queue_del                       0x0800a6d5   Thumb Code    52  sched.o(i.sht_prio_queue_del)
    sht_prio_queue_init                      0x0800a709   Thumb Code    60  sched.o(i.sht_prio_queue_init)
    sht_rdy_thread                           0x0800a745   Thumb Code    24  thread.o(i.sht_rdy_thread)
    sht_rdyqueue_add                         0x0800a75d   Thumb Code    42  sched.o(i.sht_rdyqueue_add)
    sht_rdyqueue_del                         0x0800a791   Thumb Code    50  sched.o(i.sht_rdyqueue_del)
    sht_real_sched                           0x0800a7cd   Thumb Code    66  sched.o(i.sht_real_sched)
    sht_register_sched_policy                0x0800a81d   Thumb Code    14  policy.o(i.sht_register_sched_policy)
    sht_release_res                          0x0800a831   Thumb Code   124  mem.o(i.sht_release_res)
    sht_release_thread                       0x0800a8cd   Thumb Code    34  thread.o(i.sht_release_thread)
    sht_release_thread1                      0x0800a8f1   Thumb Code    38  thread.o(i.sht_release_thread1)
    sht_res_sys_init                         0x0800a921   Thumb Code    42  mem.o(i.sht_res_sys_init)
    sht_resume_thread                        0x0800a955   Thumb Code    40  thread.o(i.sht_resume_thread)
    sht_sched                                0x0800a97d   Thumb Code    42  sched.o(i.sht_sched)
    sht_sched_init                           0x0800a9b5   Thumb Code    12  sched.o(i.sht_sched_init)
    sht_sched_mechanism_init                 0x0800a9c9   Thumb Code    24  thread.o(i.sht_sched_mechanism_init)
    sht_sched_policy_init                    0x0800a9e5   Thumb Code    24  policy.o(i.sht_sched_policy_init)
    sht_select_thread                        0x0800aa01   Thumb Code    40  sched.o(i.sht_select_thread)
    sht_set_bit                              0x0800aa31   Thumb Code    28  bitops.o(i.sht_set_bit)
    sht_set_running_thread                   0x0800aa4d   Thumb Code    30  sched.o(i.sht_set_running_thread)
    sht_start                                0x0800aa71   Thumb Code    44  core.o(i.sht_start)
    sht_start_os                             0x0800aac9   Thumb Code    30  core.o(i.sht_start_os)
    sht_suspend_self                         0x0800aaf1   Thumb Code    12  thread.o(i.sht_suspend_self)
    sht_suspend_thread                       0x0800ab01   Thumb Code    40  thread.o(i.sht_suspend_thread)
    sht_thread_exit                          0x0800ab29   Thumb Code    12  thread.o(i.sht_thread_exit)
    sht_thread_init                          0x0800ab39   Thumb Code   142  thread.o(i.sht_thread_init)
    sht_thread_pool_init                     0x0800abcd   Thumb Code    38  thread.o(i.sht_thread_pool_init)
    sht_thread_runqueue_init                 0x0800abf9   Thumb Code    12  sched.o(i.sht_thread_runqueue_init)
    sht_thread_sys_init                      0x0800ac09   Thumb Code    12  thread.o(i.sht_thread_sys_init)
    sht_ticks_entry                          0x0800ac15   Thumb Code    36  timer.o(i.sht_ticks_entry)
    sht_ticks_init                           0x0800ac41   Thumb Code    30  timer.o(i.sht_ticks_init)
    sht_time_sys_init                        0x0800ac69   Thumb Code    26  timer.o(i.sht_time_sys_init)
    sht_unrdy_thread                         0x0800ac8d   Thumb Code    24  thread.o(i.sht_unrdy_thread)
    time_delay_deal                          0x0800aca5   Thumb Code    80  timer.o(i.time_delay_deal)
    timeout_delay_deal                       0x0800acf9   Thumb Code    78  timer.o(i.timeout_delay_deal)
    tiny_vsnprintf_like                      0x0800ad71   Thumb Code   450  stm32_tiny_vsnprintf.o(i.tiny_vsnprintf_like)
    user_main                                0x0800af3d   Thumb Code    48  user.o(i.user_main)
    vcom_DeInit                              0x0800af7d   Thumb Code    50  usart_if.o(i.vcom_DeInit)
    vcom_Init                                0x0800afb5   Thumb Code    36  usart_if.o(i.vcom_Init)
    vcom_ReceiveInit                         0x0800afe1   Thumb Code    92  usart_if.o(i.vcom_ReceiveInit)
    vcom_Trace_DMA                           0x0800b049   Thumb Code    20  usart_if.o(i.vcom_Trace_DMA)
    vprint                                   0x0800b061   Thumb Code    46  print.o(i.vprint)
    UTIL_TimerDriver                         0x0800b09c   Data          44  timer_if.o(.constdata)
    UTIL_SYSTIMDriver                        0x0800b0c8   Data          20  timer_if.o(.constdata)
    UTIL_TraceDriver                         0x0800b0e4   Data          16  usart_if.o(.constdata)
    UARTPrescTable                           0x0800b120   Data          24  stm32wlxx_hal_uart.o(.constdata)
    AHBPrescTable                            0x0800b158   Data          64  system_stm32wlxx.o(.constdata)
    APBPrescTable                            0x0800b198   Data          32  system_stm32wlxx.o(.constdata)
    MSIRangeTable                            0x0800b1b8   Data          64  system_stm32wlxx.o(.constdata)
    Radio                                    0x0800b200   Data         140  radio.o(.constdata)
    Bandwidths                               0x0800b28c   Data           3  radio.o(.constdata)
    Region$$Table$$Base                      0x0800b398   Number         0  anon$$obj.o(Region$$Table)
    Region$$Table$$Limit                     0x0800b3b8   Number         0  anon$$obj.o(Region$$Table)
    charRx                                   0x2000000c   Data           1  usart_if.o(.data)
    RxBufferSize                             0x2000001a   Data           2  subghz_phy_app.o(.data)
    RssiValue                                0x2000001c   Data           1  subghz_phy_app.o(.data)
    SnrValue                                 0x2000001d   Data           1  subghz_phy_app.o(.data)
    isMaster                                 0x2000001e   Data           1  subghz_phy_app.o(.data)
    sht_res_release_queue                    0x20000024   Data           8  core.o(.data)
    sht_start_sched                          0x2000002c   Data           4  core.o(.data)
    daemon_id                                0x20000030   Data           4  core.o(.data)
    idle_id                                  0x20000034   Data           4  core.o(.data)
    init_id                                  0x20000038   Data           4  core.o(.data)
    interrupt_nest                           0x2000003c   Data           1  irq.o(.data)
    sht_mem_ctrl                             0x20000040   Data           4  mem.o(.data)
    sht_mem_blocks                           0x20000044   Data           4  mem.o(.data)
    sht_free_res_pool                        0x20000048   Data           4  mem.o(.data)
    g_msgctr_header                          0x2000004c   Data           8  message.o(.data)
    period_delay_queue                       0x20000054   Data           8  period_thrd.o(.data)
    policy_list                              0x2000005c   Data           8  policy.o(.data)
    sht_need_sched                           0x20000064   Data           1  sched.o(.data)
    sched_lock                               0x20000065   Data           1  sched.o(.data)
    sht_cur_thread                           0x20000068   Data           4  sched.o(.data)
    sht_ready_thread                         0x2000006c   Data           4  sched.o(.data)
    sht_threads_queue                        0x20000070   Data           8  thread.o(.data)
    time_delay_queue                         0x20000078   Data           8  timer.o(.data)
    timeout_queue                            0x20000080   Data           8  timer.o(.data)
    interrupt_from_thread                    0x2000008c   Data           4  cpuport.o(.data)
    interrupt_to_thread                      0x20000090   Data           4  cpuport.o(.data)
    thread_switch_interrupt_flag             0x20000094   Data           4  cpuport.o(.data)
    uwTick                                   0x2000009c   Data           4  stm32wlxx_hal.o(.data)
    uwTickPrio                               0x200000a0   Data           4  stm32wlxx_hal.o(.data)
    uwTickFreq                               0x200000a4   Data           1  stm32wlxx_hal.o(.data)
    SystemCoreClock                          0x200000a8   Data           4  system_stm32wlxx.o(.data)
    FrequencyError                           0x200000b8   Data           4  radio_driver.o(.data)
    TIM16_WaitSignal                         0x200000fc   Data           1  dht11.o(.data)
    DHT_Buffer                               0x200000fd   Data           5  dht11.o(.data)
    j                                        0x20000102   Data           1  dht11.o(.data)
    htim16                                   0x20000104   Data          76  gpio.o(.bss)
    hrtc                                     0x20000150   Data          56  rtc.o(.bss)
    hsubghz                                  0x20000188   Data          12  subghz.o(.bss)
    huart2                                   0x20000194   Data         148  usart.o(.bss)
    hdma_usart2_tx                           0x20000228   Data          96  usart.o(.bss)
    comm_policy                              0x200004bc   Data          28  comm_thrd.o(.bss)
    sht_evt_pool_ctrl                        0x200004d8   Data          48  event.o(.bss)
    sht_pools                                0x20000508   Data        1920  mem.o(.bss)
    sht_msgctr_pool_ctrl                     0x20000c88   Data          48  message.o(.bss)
    sht_msg_pool_ctrl                        0x20000cb8   Data          48  message.o(.bss)
    period_policy                            0x20000ce8   Data          28  period_thrd.o(.bss)
    sht_ready_queues                         0x20000d04   Data         340  sched.o(.bss)
    sht_thread_pool_ctrl                     0x20000e58   Data          48  thread.o(.bss)
    SubgRf                                   0x20000f88   Data          92  radio.o(.bss)
    TxTimeoutTimer                           0x20000fe4   Data          24  radio.o(.bss)
    RxTimeoutTimer                           0x20000ffc   Data          24  radio.o(.bss)
    __heap_base                              0x20001330   Data           0  startup_stm32wle5xx.o(HEAP)
    __heap_limit                             0x2000a330   Data           0  startup_stm32wle5xx.o(HEAP)
    __initial_sp                             0x2000ab30   Data           0  startup_stm32wle5xx.o(STACK)



==============================================================================

Memory Map of the image

  Image Entry point : 0x08000139

  Load Region LR_IROM1 (Base: 0x08000000, Size: 0x0000b4bc, Max: 0x00040000, ABSOLUTE)

    Execution Region ER_IROM1 (Base: 0x08000000, Size: 0x0000b3b8, Max: 0x00040000, ABSOLUTE)

    Base Addr    Size         Type   Attr      Idx    E Section Name        Object

    0x08000000   0x00000138   Data   RO            3    RESET               startup_stm32wle5xx.o
    0x08000138   0x00000000   Code   RO         9296  * .ARM.Collect$$$$00000000  mc_w.l(entry.o)
    0x08000138   0x00000004   Code   RO         9339    .ARM.Collect$$$$00000001  mc_w.l(entry2.o)
    0x0800013c   0x00000004   Code   RO         9342    .ARM.Collect$$$$00000004  mc_w.l(entry5.o)
    0x08000140   0x00000000   Code   RO         9344    .ARM.Collect$$$$00000008  mc_w.l(entry7b.o)
    0x08000140   0x00000000   Code   RO         9346    .ARM.Collect$$$$0000000A  mc_w.l(entry8b.o)
    0x08000140   0x00000008   Code   RO         9347    .ARM.Collect$$$$0000000B  mc_w.l(entry9a.o)
    0x08000148   0x00000000   Code   RO         9349    .ARM.Collect$$$$0000000D  mc_w.l(entry10a.o)
    0x08000148   0x00000000   Code   RO         9351    .ARM.Collect$$$$0000000F  mc_w.l(entry11a.o)
    0x08000148   0x00000004   Code   RO         9340    .ARM.Collect$$$$00002712  mc_w.l(entry2.o)
    0x0800014c   0x00000024   Code   RO            4    .text               startup_stm32wle5xx.o
    0x08000170   0x000000fc   Code   RO         2525    .text               context_rvds.o
    0x0800026c   0x00000062   Code   RO         9299    .text               mc_w.l(uldiv.o)
    0x080002ce   0x00000024   Code   RO         9301    .text               mc_w.l(memcpya.o)
    0x080002f2   0x00000024   Code   RO         9303    .text               mc_w.l(memseta.o)
    0x08000316   0x0000000e   Code   RO         9305    .text               mc_w.l(strlen.o)
    0x08000324   0x0000001e   Code   RO         9307    .text               mc_w.l(strncmp.o)
    0x08000342   0x0000002c   Code   RO         9356    .text               mc_w.l(uidiv.o)
    0x0800036e   0x0000001e   Code   RO         9358    .text               mc_w.l(llshl.o)
    0x0800038c   0x00000020   Code   RO         9360    .text               mc_w.l(llushr.o)
    0x080003ac   0x00000000   Code   RO         9362    .text               mc_w.l(iusefp.o)
    0x080003ac   0x0000014e   Code   RO         9363    .text               mf_w.l(dadd.o)
    0x080004fa   0x000000e4   Code   RO         9365    .text               mf_w.l(dmul.o)
    0x080005de   0x000000de   Code   RO         9367    .text               mf_w.l(ddiv.o)
    0x080006bc   0x00000030   Code   RO         9369    .text               mf_w.l(dfixul.o)
    0x080006ec   0x00000030   Code   RO         9371    .text               mf_w.l(cdrcmple.o)
    0x0800071c   0x00000024   Code   RO         9373    .text               mc_w.l(init.o)
    0x08000740   0x00000024   Code   RO         9376    .text               mc_w.l(llsshr.o)
    0x08000764   0x000000ba   Code   RO         9379    .text               mf_w.l(depilogue.o)
    0x0800081e   0x0000008a   Code   RO         9152    i.BSP_RADIO_ConfigRFSwitch  stm32wlxx_lm403_radio.o
    0x080008a8   0x0000000c   Code   RO         9154    i.BSP_RADIO_GetRFOMaxPowerConfig  stm32wlxx_lm403_radio.o
    0x080008b4   0x00000004   Code   RO         9155    i.BSP_RADIO_GetTxConfig  stm32wlxx_lm403_radio.o
    0x080008b8   0x00000062   Code   RO         9156    i.BSP_RADIO_Init    stm32wlxx_lm403_radio.o
    0x0800091a   0x00000004   Code   RO         9157    i.BSP_RADIO_IsDCDC  stm32wlxx_lm403_radio.o
    0x0800091e   0x00000004   Code   RO         9158    i.BSP_RADIO_IsTCXO  stm32wlxx_lm403_radio.o
    0x08000922   0x00000008   Code   RO          268    i.Board_Init        gpio.o
    0x0800092a   0x00000004   Code   RO         1008    i.BusFault_Handler  stm32wlxx_it.o
    0x0800092e   0x00000002   PAD
    0x08000930   0x00000010   Code   RO         1009    i.DMA1_Channel5_IRQHandler  stm32wlxx_it.o
    0x08000940   0x00000054   Code   RO         3356    i.DMA_CalcDMAMUXChannelBaseAndMask  stm32wlxx_hal_dma.o
    0x08000994   0x00000028   Code   RO         3357    i.DMA_CalcDMAMUXRequestGenBaseAndMask  stm32wlxx_hal_dma.o
    0x080009bc   0x00000040   Code   RO         3358    i.DMA_SetConfig     stm32wlxx_hal_dma.o
    0x080009fc   0x00000002   Code   RO         1010    i.DebugMon_Handler  stm32wlxx_it.o
    0x080009fe   0x0000000a   Code   RO         1011    i.EXTI0_IRQHandler  stm32wlxx_it.o
    0x08000a08   0x00000006   Code   RO           13    i.Error_Handler     main.o
    0x08000a0e   0x00000002   PAD
    0x08000a10   0x00000028   Code   RO          711    i.GetTimerTicks     timer_if.o
    0x08000a38   0x00000086   Code   RO         3359    i.HAL_DMA_Abort     stm32wlxx_hal_dma.o
    0x08000abe   0x00000084   Code   RO         3360    i.HAL_DMA_Abort_IT  stm32wlxx_hal_dma.o
    0x08000b42   0x00000002   PAD
    0x08000b44   0x000000bc   Code   RO         3361    i.HAL_DMA_DeInit    stm32wlxx_hal_dma.o
    0x08000c00   0x00000124   Code   RO         3364    i.HAL_DMA_IRQHandler  stm32wlxx_hal_dma.o
    0x08000d24   0x000000e0   Code   RO         3365    i.HAL_DMA_Init      stm32wlxx_hal_dma.o
    0x08000e04   0x000000c6   Code   RO         3369    i.HAL_DMA_Start_IT  stm32wlxx_hal_dma.o
    0x08000eca   0x0000000a   Code   RO          569    i.HAL_Delay         sys_app.o
    0x08000ed4   0x00000104   Code   RO         3282    i.HAL_GPIO_DeInit   stm32wlxx_hal_gpio.o
    0x08000fd8   0x00000002   Code   RO         3283    i.HAL_GPIO_EXTI_Callback  stm32wlxx_hal_gpio.o
    0x08000fda   0x00000002   PAD
    0x08000fdc   0x0000001c   Code   RO         3284    i.HAL_GPIO_EXTI_IRQHandler  stm32wlxx_hal_gpio.o
    0x08000ff8   0x00000180   Code   RO         3285    i.HAL_GPIO_Init     stm32wlxx_hal_gpio.o
    0x08001178   0x00000014   Code   RO         3288    i.HAL_GPIO_TogglePin  stm32wlxx_hal_gpio.o
    0x0800118c   0x0000000a   Code   RO         3290    i.HAL_GPIO_WritePin  stm32wlxx_hal_gpio.o
    0x08001196   0x00000002   PAD
    0x08001198   0x00000018   Code   RO          570    i.HAL_GetTick       sys_app.o
    0x080011b0   0x00000018   Code   RO         4039    i.HAL_IncTick       stm32wlxx_hal.o
    0x080011c8   0x0000002c   Code   RO         4040    i.HAL_Init          stm32wlxx_hal.o
    0x080011f4   0x00000006   Code   RO          571    i.HAL_InitTick      sys_app.o
    0x080011fa   0x00000002   Code   RO         1128    i.HAL_MspInit       stm32wlxx_hal_msp.o
    0x080011fc   0x00000044   Code   RO         3884    i.HAL_NVIC_DisableIRQ  stm32wlxx_hal_cortex.o
    0x08001240   0x00000028   Code   RO         3885    i.HAL_NVIC_EnableIRQ  stm32wlxx_hal_cortex.o
    0x08001268   0x0000007a   Code   RO         3891    i.HAL_NVIC_SetPriority  stm32wlxx_hal_cortex.o
    0x080012e2   0x00000002   PAD
    0x080012e4   0x00000028   Code   RO         3892    i.HAL_NVIC_SetPriorityGrouping  stm32wlxx_hal_cortex.o
    0x0800130c   0x00000010   Code   RO         3660    i.HAL_PWREx_GetVoltageRange  stm32wlxx_hal_pwr_ex.o
    0x0800131c   0x00000014   Code   RO         3520    i.HAL_PWR_EnableBkUpAccess  stm32wlxx_hal_pwr.o
    0x08001330   0x00000234   Code   RO         2817    i.HAL_RCCEx_PeriphCLKConfig  stm32wlxx_hal_rcc_ex.o
    0x08001564   0x00000240   Code   RO         2591    i.HAL_RCC_ClockConfig  stm32wlxx_hal_rcc.o
    0x080017a4   0x00000024   Code   RO         2596    i.HAL_RCC_GetHCLKFreq  stm32wlxx_hal_rcc.o
    0x080017c8   0x00000020   Code   RO         2598    i.HAL_RCC_GetPCLK1Freq  stm32wlxx_hal_rcc.o
    0x080017e8   0x00000020   Code   RO         2599    i.HAL_RCC_GetPCLK2Freq  stm32wlxx_hal_rcc.o
    0x08001808   0x00000138   Code   RO         2601    i.HAL_RCC_GetSysClockFreq  stm32wlxx_hal_rcc.o
    0x08001940   0x00000628   Code   RO         2604    i.HAL_RCC_OscConfig  stm32wlxx_hal_rcc.o
    0x08001f68   0x00000002   Code   RO         4501    i.HAL_RTCEx_AlarmBEventCallback  stm32wlxx_hal_rtc_ex.o
    0x08001f6a   0x00000002   PAD
    0x08001f6c   0x00000010   Code   RO         4502    i.HAL_RTCEx_BKUPRead  stm32wlxx_hal_rtc_ex.o
    0x08001f7c   0x00000014   Code   RO         4503    i.HAL_RTCEx_BKUPWrite  stm32wlxx_hal_rtc_ex.o
    0x08001f90   0x00000060   Code   RO         4513    i.HAL_RTCEx_EnableBypassShadow  stm32wlxx_hal_rtc_ex.o
    0x08001ff0   0x00000012   Code   RO          712    i.HAL_RTCEx_SSRUEventCallback  timer_if.o
    0x08002002   0x00000002   PAD
    0x08002004   0x00000028   Code   RO         4528    i.HAL_RTCEx_SSRUIRQHandler  stm32wlxx_hal_rtc_ex.o
    0x0800202c   0x00000070   Code   RO         4535    i.HAL_RTCEx_SetSSRU_IT  stm32wlxx_hal_rtc_ex.o
    0x0800209c   0x0000000a   Code   RO          713    i.HAL_RTC_AlarmAEventCallback  timer_if.o
    0x080020a6   0x00000002   PAD
    0x080020a8   0x00000044   Code   RO         4326    i.HAL_RTC_AlarmIRQHandler  stm32wlxx_hal_rtc.o
    0x080020ec   0x000000b8   Code   RO         4333    i.HAL_RTC_DeactivateAlarm  stm32wlxx_hal_rtc.o
    0x080021a4   0x000000dc   Code   RO         4338    i.HAL_RTC_Init      stm32wlxx_hal_rtc.o
    0x08002280   0x00000084   Code   RO          358    i.HAL_RTC_MspInit   rtc.o
    0x08002304   0x000001f0   Code   RO         4343    i.HAL_RTC_SetAlarm_IT  stm32wlxx_hal_rtc.o
    0x080024f4   0x0000003c   Code   RO         4346    i.HAL_RTC_WaitForSynchro  stm32wlxx_hal_rtc.o
    0x08002530   0x00000030   Code   RO         7608    i.HAL_SUBGHZ_CADStatusCallback  radio_driver.o
    0x08002560   0x00000014   Code   RO         7609    i.HAL_SUBGHZ_CRCErrorCallback  radio_driver.o
    0x08002574   0x00000088   Code   RO         4830    i.HAL_SUBGHZ_ExecGetCmd  stm32wlxx_hal_subghz.o
    0x080025fc   0x0000008c   Code   RO         4831    i.HAL_SUBGHZ_ExecSetCmd  stm32wlxx_hal_subghz.o
    0x08002688   0x00000014   Code   RO         7610    i.HAL_SUBGHZ_HeaderErrorCallback  radio_driver.o
    0x0800269c   0x00000014   Code   RO         7611    i.HAL_SUBGHZ_HeaderValidCallback  radio_driver.o
    0x080026b0   0x000000b8   Code   RO         4836    i.HAL_SUBGHZ_IRQHandler  stm32wlxx_hal_subghz.o
    0x08002768   0x000000c0   Code   RO         4837    i.HAL_SUBGHZ_Init   stm32wlxx_hal_subghz.o
    0x08002828   0x00000014   Code   RO         7612    i.HAL_SUBGHZ_LrFhssHopCallback  radio_driver.o
    0x0800283c   0x00000032   Code   RO          407    i.HAL_SUBGHZ_MspInit  subghz.o
    0x0800286e   0x00000002   PAD
    0x08002870   0x00000014   Code   RO         7613    i.HAL_SUBGHZ_PreambleDetectedCallback  radio_driver.o
    0x08002884   0x00000090   Code   RO         4842    i.HAL_SUBGHZ_ReadBuffer  stm32wlxx_hal_subghz.o
    0x08002914   0x00000098   Code   RO         4844    i.HAL_SUBGHZ_ReadRegisters  stm32wlxx_hal_subghz.o
    0x080029ac   0x00000014   Code   RO         7614    i.HAL_SUBGHZ_RxCpltCallback  radio_driver.o
    0x080029c0   0x00000014   Code   RO         7615    i.HAL_SUBGHZ_RxTxTimeoutCallback  radio_driver.o
    0x080029d4   0x00000014   Code   RO         7616    i.HAL_SUBGHZ_SyncWordValidCallback  radio_driver.o
    0x080029e8   0x00000014   Code   RO         7617    i.HAL_SUBGHZ_TxCpltCallback  radio_driver.o
    0x080029fc   0x0000007c   Code   RO         4849    i.HAL_SUBGHZ_WriteBuffer  stm32wlxx_hal_subghz.o
    0x08002a78   0x0000008a   Code   RO         4851    i.HAL_SUBGHZ_WriteRegisters  stm32wlxx_hal_subghz.o
    0x08002b02   0x00000034   Code   RO         3896    i.HAL_SYSTICK_Config  stm32wlxx_hal_cortex.o
    0x08002b36   0x00000002   Code   RO         5791    i.HAL_TIMEx_Break2Callback  stm32wlxx_hal_tim_ex.o
    0x08002b38   0x00000002   Code   RO         5792    i.HAL_TIMEx_BreakCallback  stm32wlxx_hal_tim_ex.o
    0x08002b3a   0x00000002   Code   RO         5793    i.HAL_TIMEx_CommutCallback  stm32wlxx_hal_tim_ex.o
    0x08002b3c   0x00000002   Code   RO         5098    i.HAL_TIM_IC_CaptureCallback  stm32wlxx_hal_tim.o
    0x08002b3e   0x000001b8   Code   RO         5112    i.HAL_TIM_IRQHandler  stm32wlxx_hal_tim.o
    0x08002cf6   0x00000002   Code   RO         5115    i.HAL_TIM_OC_DelayElapsedCallback  stm32wlxx_hal_tim.o
    0x08002cf8   0x00000002   Code   RO         5142    i.HAL_TIM_PWM_PulseFinishedCallback  stm32wlxx_hal_tim.o
    0x08002cfa   0x00000002   PAD
    0x08002cfc   0x00000014   Code   RO         9223    i.HAL_TIM_PeriodElapsedCallback  dht11.o
    0x08002d10   0x00000002   Code   RO         5155    i.HAL_TIM_TriggerCallback  stm32wlxx_hal_tim.o
    0x08002d12   0x00000058   Code   RO         6525    i.HAL_UARTEx_EnableFifoMode  stm32wlxx_hal_uart_ex.o
    0x08002d6a   0x00000040   Code   RO         6526    i.HAL_UARTEx_EnableStopMode  stm32wlxx_hal_uart_ex.o
    0x08002daa   0x00000002   Code   RO         6099    i.HAL_UARTEx_RxEventCallback  stm32wlxx_hal_uart.o
    0x08002dac   0x00000002   Code   RO         6531    i.HAL_UARTEx_RxFifoFullCallback  stm32wlxx_hal_uart_ex.o
    0x08002dae   0x0000005e   Code   RO         6532    i.HAL_UARTEx_SetRxFifoThreshold  stm32wlxx_hal_uart_ex.o
    0x08002e0c   0x0000005e   Code   RO         6533    i.HAL_UARTEx_SetTxFifoThreshold  stm32wlxx_hal_uart_ex.o
    0x08002e6a   0x00000090   Code   RO         6534    i.HAL_UARTEx_StopModeWakeUpSourceConfig  stm32wlxx_hal_uart_ex.o
    0x08002efa   0x00000002   Code   RO         6535    i.HAL_UARTEx_TxFifoEmptyCallback  stm32wlxx_hal_uart_ex.o
    0x08002efc   0x00000002   Code   RO         6536    i.HAL_UARTEx_WakeupCallback  stm32wlxx_hal_uart_ex.o
    0x08002efe   0x00000002   Code   RO         6115    i.HAL_UART_ErrorCallback  stm32wlxx_hal_uart.o
    0x08002f00   0x000003a4   Code   RO         6118    i.HAL_UART_IRQHandler  stm32wlxx_hal_uart.o
    0x080032a4   0x00000078   Code   RO         6119    i.HAL_UART_Init     stm32wlxx_hal_uart.o
    0x0800331c   0x0000003c   Code   RO          962    i.HAL_UART_MspDeInit  usart.o
    0x08003358   0x000000dc   Code   RO          963    i.HAL_UART_MspInit  usart.o
    0x08003434   0x0000005c   Code   RO         6124    i.HAL_UART_Receive_IT  stm32wlxx_hal_uart.o
    0x08003490   0x0000003c   Code   RO          876    i.HAL_UART_RxCpltCallback  usart_if.o
    0x080034cc   0x000000b6   Code   RO         6128    i.HAL_UART_Transmit  stm32wlxx_hal_uart.o
    0x08003582   0x00000002   PAD
    0x08003584   0x000000a0   Code   RO         6129    i.HAL_UART_Transmit_DMA  stm32wlxx_hal_uart.o
    0x08003624   0x00000020   Code   RO          877    i.HAL_UART_TxCpltCallback  usart_if.o
    0x08003644   0x00000002   Code   RO         6132    i.HAL_UART_TxHalfCpltCallback  stm32wlxx_hal_uart.o
    0x08003646   0x0000001c   Code   RO          320    i.LL_AHB1_GRP1_EnableClock  dma.o
    0x08003662   0x0000001c   Code   RO          269    i.LL_AHB2_GRP1_EnableClock  gpio.o
    0x0800367e   0x0000001c   Code   RO         9159    i.LL_AHB2_GRP1_EnableClock  stm32wlxx_lm403_radio.o
    0x0800369a   0x00000002   PAD
    0x0800369c   0x00000010   Code   RO         2605    i.LL_PWR_IsEnabledBkUpAccess  stm32wlxx_hal_rcc.o
    0x080036ac   0x00000014   Code   RO         4852    i.LL_PWR_SelectSUBGHZSPI_NSS  stm32wlxx_hal_subghz.o
    0x080036c0   0x00000014   Code   RO         4853    i.LL_PWR_SetRadioBusyTrigger  stm32wlxx_hal_subghz.o
    0x080036d4   0x00000014   Code   RO         4854    i.LL_PWR_UnselectSUBGHZSPI_NSS  stm32wlxx_hal_subghz.o
    0x080036e8   0x00000010   Code   RO         2606    i.LL_RCC_GetAHB3Prescaler  stm32wlxx_hal_rcc.o
    0x080036f8   0x0000000c   Code   RO         2607    i.LL_RCC_GetSysClkSource  stm32wlxx_hal_rcc.o
    0x08003704   0x00000014   Code   RO         6133    i.LL_RCC_GetUSARTClockSource  stm32wlxx_hal_uart.o
    0x08003718   0x00000012   Code   RO         2608    i.LL_RCC_HSE_DisableTcxo  stm32wlxx_hal_rcc.o
    0x0800372a   0x00000012   Code   RO         2609    i.LL_RCC_HSE_Enable  stm32wlxx_hal_rcc.o
    0x0800373c   0x0000000c   Code   RO         2610    i.LL_RCC_HSE_IsEnabledDiv2  stm32wlxx_hal_rcc.o
    0x08003748   0x0000000c   Code   RO         2611    i.LL_RCC_HSE_IsReady  stm32wlxx_hal_rcc.o
    0x08003754   0x0000000c   Code   RO         2612    i.LL_RCC_HSI_IsReady  stm32wlxx_hal_rcc.o
    0x08003760   0x00000016   Code   RO         2613    i.LL_RCC_HSI_SetCalibTrimming  stm32wlxx_hal_rcc.o
    0x08003776   0x00000002   PAD
    0x08003778   0x00000010   Code   RO         4855    i.LL_RCC_IsRFUnderReset  stm32wlxx_hal_subghz.o
    0x08003788   0x00000010   Code   RO         2614    i.LL_RCC_LSE_IsReady  stm32wlxx_hal_rcc.o
    0x08003798   0x00000010   Code   RO         2831    i.LL_RCC_LSE_IsReady  stm32wlxx_hal_rcc_ex.o
    0x080037a8   0x00000018   Code   RO         2615    i.LL_RCC_LSI_Disable  stm32wlxx_hal_rcc.o
    0x080037c0   0x00000010   Code   RO         2616    i.LL_RCC_LSI_IsReady  stm32wlxx_hal_rcc.o
    0x080037d0   0x00000012   Code   RO         2617    i.LL_RCC_MSI_Enable  stm32wlxx_hal_rcc.o
    0x080037e2   0x0000000c   Code   RO         2618    i.LL_RCC_MSI_IsEnabledRangeSelect  stm32wlxx_hal_rcc.o
    0x080037ee   0x0000000c   Code   RO         2619    i.LL_RCC_MSI_IsReady  stm32wlxx_hal_rcc.o
    0x080037fa   0x00000016   Code   RO         2620    i.LL_RCC_MSI_SetCalibTrimming  stm32wlxx_hal_rcc.o
    0x08003810   0x00000012   Code   RO         2621    i.LL_RCC_PLL_Disable  stm32wlxx_hal_rcc.o
    0x08003822   0x0000000c   Code   RO         2622    i.LL_RCC_PLL_IsReady  stm32wlxx_hal_rcc.o
    0x0800382e   0x00000002   PAD
    0x08003830   0x00000028   Code   RO         2839    i.LL_RCC_SetI2CClockSource  stm32wlxx_hal_rcc_ex.o
    0x08003858   0x0000001c   Code   RO         2840    i.LL_RCC_SetLPTIMClockSource  stm32wlxx_hal_rcc_ex.o
    0x08003874   0x0000001c   Code   RO         2841    i.LL_RCC_SetUSARTClockSource  stm32wlxx_hal_rcc_ex.o
    0x08003890   0x00000020   Code   RO          321    i.MX_DMA_Init       dma.o
    0x080038b0   0x00000048   Code   RO          270    i.MX_GPIO_Init      gpio.o
    0x080038f8   0x00000074   Code   RO          359    i.MX_RTC_Init       rtc.o
    0x0800396c   0x0000001c   Code   RO          408    i.MX_SUBGHZ_Init    subghz.o
    0x08003988   0x0000000c   Code   RO         1202    i.MX_SubGHz_Phy_Init  app_subghz_phy.o
    0x08003994   0x0000006c   Code   RO          964    i.MX_USART2_UART_Init  usart.o
    0x08003a00   0x00000004   Code   RO         1013    i.MemManage_Handler  stm32wlxx_it.o
    0x08003a04   0x00000004   Code   RO         1014    i.NMI_Handler       stm32wlxx_it.o
    0x08003a08   0x0000012c   Code   RO         1232    i.OnRxDone          subghz_phy_app.o
    0x08003b34   0x00000034   Code   RO         1233    i.OnRxError         subghz_phy_app.o
    0x08003b68   0x00000034   Code   RO         1234    i.OnRxTimeout       subghz_phy_app.o
    0x08003b9c   0x00000034   Code   RO         1235    i.OnTxDone          subghz_phy_app.o
    0x08003bd0   0x00000038   Code   RO         1236    i.OnTxTimeout       subghz_phy_app.o
    0x08003c08   0x00000024   Code   RO         1237    i.OnledEvent        subghz_phy_app.o
    0x08003c2c   0x000002c4   Code   RO         1238    i.PingPong_Process  subghz_phy_app.o
    0x08003ef0   0x0000000c   Code   RO         1316    i.RBI_ConfigRFSwitch  radio_board_if.o
    0x08003efc   0x0000000c   Code   RO         1318    i.RBI_GetRFOMaxPowerConfig  radio_board_if.o
    0x08003f08   0x00000008   Code   RO         1319    i.RBI_GetTxConfig   radio_board_if.o
    0x08003f10   0x00000008   Code   RO         1320    i.RBI_Init          radio_board_if.o
    0x08003f18   0x00000008   Code   RO         1321    i.RBI_IsDCDC        radio_board_if.o
    0x08003f20   0x00000008   Code   RO         1322    i.RBI_IsTCXO        radio_board_if.o
    0x08003f28   0x000000a8   Code   RO         2623    i.RCC_SetFlashLatency  stm32wlxx_hal_rcc.o
    0x08003fd0   0x00000048   Code   RO         2624    i.RCC_SetFlashLatencyFromMSIRange  stm32wlxx_hal_rcc.o
    0x08004018   0x00000002   Code   RO         8053    i.RFW_DeInit        radio_fw.o
    0x0800401a   0x00000002   Code   RO         8054    i.RFW_DeInit_TxLongPacket  radio_fw.o
    0x0800401c   0x00000008   Code   RO         8055    i.RFW_Init          radio_fw.o
    0x08004024   0x00000004   Code   RO         8056    i.RFW_Is_Init       radio_fw.o
    0x08004028   0x00000004   Code   RO         8057    i.RFW_Is_LongPacketModeEnabled  radio_fw.o
    0x0800402c   0x00000006   Code   RO         8058    i.RFW_ReceiveInit   radio_fw.o
    0x08004032   0x0000000a   Code   RO         8059    i.RFW_ReceiveLongPacket  radio_fw.o
    0x0800403c   0x00000002   Code   RO         8060    i.RFW_ReceivePayload  radio_fw.o
    0x0800403e   0x00000002   Code   RO         8061    i.RFW_SetAntSwitch  radio_fw.o
    0x08004040   0x00000002   Code   RO         8062    i.RFW_SetRadioModem  radio_fw.o
    0x08004042   0x0000000a   Code   RO         8063    i.RFW_TransmitInit  radio_fw.o
    0x0800404c   0x0000000a   Code   RO         8064    i.RFW_TransmitLongPacket  radio_fw.o
    0x08004056   0x00000002   PAD
    0x08004058   0x00000010   Code   RO         1016    i.RTC_Alarm_IRQHandler  stm32wlxx_it.o
    0x08004068   0x0000001c   Code   RO         4348    i.RTC_ByteToBcd2    stm32wlxx_hal_rtc.o
    0x08004084   0x00000050   Code   RO         4349    i.RTC_EnterInitMode  stm32wlxx_hal_rtc.o
    0x080040d4   0x00000068   Code   RO         4350    i.RTC_ExitInitMode  stm32wlxx_hal_rtc.o
    0x0800413c   0x00000006   Code   RO         7347    i.RadioCheckRfFrequency  radio.o
    0x08004142   0x00000028   Code   RO         7348    i.RadioGetGfskTimeOnAirNumerator  radio.o
    0x0800416a   0x00000002   PAD
    0x0800416c   0x00000060   Code   RO         7349    i.RadioGetLoRaBandwidthInHz  radio.o
    0x080041cc   0x000000b0   Code   RO         7350    i.RadioGetLoRaTimeOnAirNumerator  radio.o
    0x0800427c   0x00000024   Code   RO         7351    i.RadioGetStatus    radio.o
    0x080042a0   0x0000000a   Code   RO         7352    i.RadioGetWakeupTime  radio.o
    0x080042aa   0x00000002   PAD
    0x080042ac   0x000000a8   Code   RO         7353    i.RadioInit         radio.o
    0x08004354   0x0000038c   Code   RO         7354    i.RadioIrqProcess   radio.o
    0x080046e0   0x00000094   Code   RO         7355    i.RadioIsChannelFree  radio.o
    0x08004774   0x00000006   Code   RO         7356    i.RadioLrFhssGetTimeOnAirInMs  radio.o
    0x0800477a   0x00000006   Code   RO         7357    i.RadioLrFhssSetCfg  radio.o
    0x08004780   0x00000014   Code   RO         7358    i.RadioOnDioIrq     radio.o
    0x08004794   0x0000000a   Code   RO         7359    i.RadioOnRxTimeoutIrq  radio.o
    0x0800479e   0x00000002   PAD
    0x080047a0   0x00000020   Code   RO         7360    i.RadioOnRxTimeoutProcess  radio.o
    0x080047c0   0x0000000a   Code   RO         7361    i.RadioOnTxTimeoutIrq  radio.o
    0x080047ca   0x00000002   PAD
    0x080047cc   0x00000020   Code   RO         7362    i.RadioOnTxTimeoutProcess  radio.o
    0x080047ec   0x0000001a   Code   RO         7363    i.RadioRandom       radio.o
    0x08004806   0x0000000c   Code   RO         7364    i.RadioRead         radio.o
    0x08004812   0x00000014   Code   RO         7365    i.RadioReadRegisters  radio.o
    0x08004826   0x0000000a   Code   RO         7366    i.RadioRssi         radio.o
    0x08004830   0x00000070   Code   RO         7367    i.RadioRx           radio.o
    0x080048a0   0x00000070   Code   RO         7368    i.RadioRxBoosted    radio.o
    0x08004910   0x000001c8   Code   RO         7369    i.RadioSend         radio.o
    0x08004ad8   0x0000000c   Code   RO         7370    i.RadioSetChannel   radio.o
    0x08004ae4   0x0000003c   Code   RO         7371    i.RadioSetMaxPayloadLength  radio.o
    0x08004b20   0x00000090   Code   RO         7372    i.RadioSetModem     radio.o
    0x08004bb0   0x00000044   Code   RO         7373    i.RadioSetPublicNetwork  radio.o
    0x08004bf4   0x00000348   Code   RO         7374    i.RadioSetRxConfig  radio.o
    0x08004f3c   0x00000038   Code   RO         7375    i.RadioSetRxDutyCycle  radio.o
    0x08004f74   0x000002c8   Code   RO         7376    i.RadioSetRxGenericConfig  radio.o
    0x0800523c   0x000001c0   Code   RO         7377    i.RadioSetTxConfig  radio.o
    0x080053fc   0x00000054   Code   RO         7378    i.RadioSetTxContinuousWave  radio.o
    0x08005450   0x00000360   Code   RO         7379    i.RadioSetTxGenericConfig  radio.o
    0x080057b0   0x00000020   Code   RO         7380    i.RadioSleep        radio.o
    0x080057d0   0x0000000a   Code   RO         7381    i.RadioStandby      radio.o
    0x080057da   0x00000002   PAD
    0x080057dc   0x00000028   Code   RO         7382    i.RadioStartCad     radio.o
    0x08005804   0x0000007c   Code   RO         7383    i.RadioTimeOnAir    radio.o
    0x08005880   0x00000024   Code   RO         7384    i.RadioTxCw         radio.o
    0x080058a4   0x00000034   Code   RO         7385    i.RadioTxPrbs       radio.o
    0x080058d8   0x00000010   Code   RO         7386    i.RadioWrite        radio.o
    0x080058e8   0x00000014   Code   RO         7387    i.RadioWriteRegisters  radio.o
    0x080058fc   0x0000002a   Code   RO         7618    i.Radio_SMPS_Set    radio_driver.o
    0x08005926   0x00000002   PAD
    0x08005928   0x00000028   Code   RO         4857    i.SUBGHZSPI_Init    stm32wlxx_hal_subghz.o
    0x08005950   0x00000088   Code   RO         4858    i.SUBGHZSPI_Receive  stm32wlxx_hal_subghz.o
    0x080059d8   0x00000084   Code   RO         4859    i.SUBGHZSPI_Transmit  stm32wlxx_hal_subghz.o
    0x08005a5c   0x0000003c   Code   RO         4860    i.SUBGHZ_CheckDeviceReady  stm32wlxx_hal_subghz.o
    0x08005a98   0x00000010   Code   RO         1017    i.SUBGHZ_Radio_IRQHandler  stm32wlxx_it.o
    0x08005aa8   0x00000058   Code   RO         4861    i.SUBGHZ_WaitOnBusy  stm32wlxx_hal_subghz.o
    0x08005b00   0x00000062   Code   RO         7619    i.SUBGRF_Calibrate  radio_driver.o
    0x08005b62   0x00000002   PAD
    0x08005b64   0x00000094   Code   RO         7620    i.SUBGRF_CalibrateImage  radio_driver.o
    0x08005bf8   0x00000098   Code   RO         7623    i.SUBGRF_GetCFO     radio_driver.o
    0x08005c90   0x00000030   Code   RO         7625    i.SUBGRF_GetFskBandwidthRegValue  radio_driver.o
    0x08005cc0   0x0000000c   Code   RO         7627    i.SUBGRF_GetOperatingMode  radio_driver.o
    0x08005ccc   0x0000008c   Code   RO         7628    i.SUBGRF_GetPacketStatus  radio_driver.o
    0x08005d58   0x0000000c   Code   RO         7629    i.SUBGRF_GetPacketType  radio_driver.o
    0x08005d64   0x0000002e   Code   RO         7630    i.SUBGRF_GetPayload  radio_driver.o
    0x08005d92   0x00000004   Code   RO         7631    i.SUBGRF_GetRadioWakeUpTime  radio_driver.o
    0x08005d96   0x00000068   Code   RO         7632    i.SUBGRF_GetRandom  radio_driver.o
    0x08005dfe   0x0000001c   Code   RO         7633    i.SUBGRF_GetRssiInst  radio_driver.o
    0x08005e1a   0x00000002   PAD
    0x08005e1c   0x00000040   Code   RO         7634    i.SUBGRF_GetRxBufferStatus  radio_driver.o
    0x08005e5c   0x00000078   Code   RO         7636    i.SUBGRF_Init       radio_driver.o
    0x08005ed4   0x0000002c   Code   RO         7637    i.SUBGRF_ReadBuffer  radio_driver.o
    0x08005f00   0x0000002c   Code   RO         7638    i.SUBGRF_ReadCommand  radio_driver.o
    0x08005f2c   0x0000001c   Code   RO         7639    i.SUBGRF_ReadRegister  radio_driver.o
    0x08005f48   0x0000002c   Code   RO         7640    i.SUBGRF_ReadRegisters  radio_driver.o
    0x08005f74   0x00000018   Code   RO         7641    i.SUBGRF_SendPayload  radio_driver.o
    0x08005f8c   0x0000001a   Code   RO         7642    i.SUBGRF_SetBufferBaseAddress  radio_driver.o
    0x08005fa6   0x00000002   PAD
    0x08005fa8   0x00000018   Code   RO         7643    i.SUBGRF_SetCad     radio_driver.o
    0x08005fc0   0x0000002a   Code   RO         7645    i.SUBGRF_SetCrcPolynomial  radio_driver.o
    0x08005fea   0x0000002a   Code   RO         7646    i.SUBGRF_SetCrcSeed  radio_driver.o
    0x08006014   0x0000004a   Code   RO         7647    i.SUBGRF_SetDioIrqParams  radio_driver.o
    0x0800605e   0x0000003e   Code   RO         7649    i.SUBGRF_SetLoRaSymbNumTimeout  radio_driver.o
    0x0800609c   0x00000144   Code   RO         7650    i.SUBGRF_SetModulationParams  radio_driver.o
    0x080061e0   0x00000026   Code   RO         7651    i.SUBGRF_SetPaConfig  radio_driver.o
    0x08006206   0x00000002   PAD
    0x08006208   0x00000100   Code   RO         7652    i.SUBGRF_SetPacketParams  radio_driver.o
    0x08006308   0x0000002c   Code   RO         7653    i.SUBGRF_SetPacketType  radio_driver.o
    0x08006334   0x00000012   Code   RO         7654    i.SUBGRF_SetPayload  radio_driver.o
    0x08006346   0x00000020   Code   RO         7655    i.SUBGRF_SetRegulatorMode  radio_driver.o
    0x08006366   0x00000002   PAD
    0x08006368   0x00000060   Code   RO         7656    i.SUBGRF_SetRfFrequency  radio_driver.o
    0x080063c8   0x0000003e   Code   RO         7657    i.SUBGRF_SetRfTxPower  radio_driver.o
    0x08006406   0x00000002   PAD
    0x08006408   0x0000002c   Code   RO         7658    i.SUBGRF_SetRx      radio_driver.o
    0x08006434   0x00000038   Code   RO         7659    i.SUBGRF_SetRxBoosted  radio_driver.o
    0x0800646c   0x00000040   Code   RO         7660    i.SUBGRF_SetRxDutyCycle  radio_driver.o
    0x080064ac   0x00000048   Code   RO         7662    i.SUBGRF_SetSleep   radio_driver.o
    0x080064f4   0x00000028   Code   RO         7663    i.SUBGRF_SetStandby  radio_driver.o
    0x0800651c   0x0000000e   Code   RO         7664    i.SUBGRF_SetStopRxTimerOnPreambleDetect  radio_driver.o
    0x0800652a   0x0000002c   Code   RO         7665    i.SUBGRF_SetSwitch  radio_driver.o
    0x08006556   0x00000014   Code   RO         7666    i.SUBGRF_SetSyncWord  radio_driver.o
    0x0800656a   0x0000002c   Code   RO         7667    i.SUBGRF_SetTcxoMode  radio_driver.o
    0x08006596   0x00000002   PAD
    0x08006598   0x0000002c   Code   RO         7668    i.SUBGRF_SetTx      radio_driver.o
    0x080065c4   0x0000000e   Code   RO         7669    i.SUBGRF_SetTxContinuousWave  radio_driver.o
    0x080065d2   0x0000000e   Code   RO         7670    i.SUBGRF_SetTxInfinitePreamble  radio_driver.o
    0x080065e0   0x0000012c   Code   RO         7671    i.SUBGRF_SetTxParams  radio_driver.o
    0x0800670c   0x0000003a   Code   RO         7672    i.SUBGRF_SetWhiteningSeed  radio_driver.o
    0x08006746   0x00000002   PAD
    0x08006748   0x0000002c   Code   RO         7673    i.SUBGRF_WriteBuffer  radio_driver.o
    0x08006774   0x0000002c   Code   RO         7674    i.SUBGRF_WriteCommand  radio_driver.o
    0x080067a0   0x00000018   Code   RO         7675    i.SUBGRF_WriteRegister  radio_driver.o
    0x080067b8   0x0000002c   Code   RO         7676    i.SUBGRF_WriteRegisters  radio_driver.o
    0x080067e4   0x00000002   Code   RO         1018    i.SVC_Handler       stm32wlxx_it.o
    0x080067e6   0x00000002   PAD
    0x080067e8   0x000001ac   Code   RO         1239    i.SubghzApp_Init    subghz_phy_app.o
    0x08006994   0x00000010   Code   RO         1019    i.SysTick_Handler   stm32wlxx_it.o
    0x080069a4   0x0000004e   Code   RO         8241    i.SysTimeAdd        stm32_systime.o
    0x080069f2   0x00000002   PAD
    0x080069f4   0x00000058   Code   RO         8243    i.SysTimeGet        stm32_systime.o
    0x08006a4c   0x00000050   Code   RO          572    i.SystemApp_Init    sys_app.o
    0x08006a9c   0x0000009c   Code   RO           14    i.SystemClock_Config  main.o
    0x08006b38   0x00000002   Code   RO         7187    i.SystemInit        system_stm32wlxx.o
    0x08006b3a   0x00000002   PAD
    0x08006b3c   0x00000010   Code   RO         1020    i.TAMP_STAMP_LSECSS_SSRU_IRQHandler  stm32wlxx_it.o
    0x08006b4c   0x00000010   Code   RO         1021    i.TIM16_IRQHandler  stm32wlxx_it.o
    0x08006b5c   0x00000014   Code   RO         9224    i.TIM16_PeriodElapsedCallback  dht11.o
    0x08006b70   0x00000014   Code   RO          714    i.TIMER_IF_BkUp_Read_MSBticks  timer_if.o
    0x08006b84   0x00000018   Code   RO          715    i.TIMER_IF_BkUp_Read_Seconds  timer_if.o
    0x08006b9c   0x00000018   Code   RO          716    i.TIMER_IF_BkUp_Read_SubSeconds  timer_if.o
    0x08006bb4   0x00000014   Code   RO          717    i.TIMER_IF_BkUp_Write_MSBticks  timer_if.o
    0x08006bc8   0x00000014   Code   RO          718    i.TIMER_IF_BkUp_Write_Seconds  timer_if.o
    0x08006bdc   0x00000014   Code   RO          719    i.TIMER_IF_BkUp_Write_SubSeconds  timer_if.o
    0x08006bf0   0x00000016   Code   RO          720    i.TIMER_IF_Convert_Tick2ms  timer_if.o
    0x08006c06   0x00000026   Code   RO          721    i.TIMER_IF_Convert_ms2Tick  timer_if.o
    0x08006c2c   0x00000022   Code   RO          722    i.TIMER_IF_DelayMs  timer_if.o
    0x08006c4e   0x00000006   Code   RO          723    i.TIMER_IF_GetMinimumTimeout  timer_if.o
    0x08006c54   0x00000038   Code   RO          724    i.TIMER_IF_GetTime  timer_if.o
    0x08006c8c   0x0000000c   Code   RO          725    i.TIMER_IF_GetTimerContext  timer_if.o
    0x08006c98   0x00000018   Code   RO          726    i.TIMER_IF_GetTimerElapsedTime  timer_if.o
    0x08006cb0   0x0000001c   Code   RO          727    i.TIMER_IF_GetTimerValue  timer_if.o
    0x08006ccc   0x0000004c   Code   RO          728    i.TIMER_IF_Init     timer_if.o
    0x08006d18   0x00000014   Code   RO          729    i.TIMER_IF_SetTimerContext  timer_if.o
    0x08006d2c   0x00000050   Code   RO          730    i.TIMER_IF_StartTimer  timer_if.o
    0x08006d7c   0x00000024   Code   RO          731    i.TIMER_IF_StopTimer  timer_if.o
    0x08006da0   0x000000bc   Code   RO         8329    i.TRACE_AllocateBufer  stm32_adv_trace.o
    0x08006e5c   0x00000014   Code   RO         8330    i.TRACE_IsLocked    stm32_adv_trace.o
    0x08006e70   0x00000020   Code   RO         8331    i.TRACE_Lock        stm32_adv_trace.o
    0x08006e90   0x000000c4   Code   RO         8332    i.TRACE_Send        stm32_adv_trace.o
    0x08006f54   0x000000d8   Code   RO         8333    i.TRACE_TxCpltCallback  stm32_adv_trace.o
    0x0800702c   0x00000020   Code   RO         8334    i.TRACE_UnLock      stm32_adv_trace.o
    0x0800704c   0x00000020   Code   RO         8740    i.TimerExists       stm32_timer.o
    0x0800706c   0x00000020   Code   RO         8741    i.TimerInsertNewHeadTimer  stm32_timer.o
    0x0800708c   0x00000034   Code   RO         8742    i.TimerInsertTimer  stm32_timer.o
    0x080070c0   0x00000038   Code   RO         8743    i.TimerSetTimeout   stm32_timer.o
    0x080070f8   0x00000034   Code   RO          573    i.TimestampNow      sys_app.o
    0x0800712c   0x00000058   Code   RO         6537    i.UARTEx_SetNbDataToProcess  stm32wlxx_hal_uart_ex.o
    0x08007184   0x00000026   Code   RO         6538    i.UARTEx_Wakeup_AddressConfig  stm32wlxx_hal_uart_ex.o
    0x080071aa   0x000000f8   Code   RO         6134    i.UART_AdvFeatureConfig  stm32wlxx_hal_uart.o
    0x080072a2   0x00000078   Code   RO         6135    i.UART_CheckIdleState  stm32wlxx_hal_uart.o
    0x0800731a   0x00000018   Code   RO         6136    i.UART_DMAAbortOnError  stm32wlxx_hal_uart.o
    0x08007332   0x0000005e   Code   RO         6137    i.UART_DMAError     stm32wlxx_hal_uart.o
    0x08007390   0x00000056   Code   RO         6142    i.UART_DMATransmitCplt  stm32wlxx_hal_uart.o
    0x080073e6   0x0000000e   Code   RO         6144    i.UART_DMATxHalfCplt  stm32wlxx_hal_uart.o
    0x080073f4   0x0000006c   Code   RO         6146    i.UART_EndRxTransfer  stm32wlxx_hal_uart.o
    0x08007460   0x00000030   Code   RO         6147    i.UART_EndTransmit_IT  stm32wlxx_hal_uart.o
    0x08007490   0x00000040   Code   RO         6148    i.UART_EndTxTransfer  stm32wlxx_hal_uart.o
    0x080074d0   0x00000104   Code   RO         6149    i.UART_RxISR_16BIT  stm32wlxx_hal_uart.o
    0x080075d4   0x000001fc   Code   RO         6150    i.UART_RxISR_16BIT_FIFOEN  stm32wlxx_hal_uart.o
    0x080077d0   0x00000104   Code   RO         6151    i.UART_RxISR_8BIT   stm32wlxx_hal_uart.o
    0x080078d4   0x000001f8   Code   RO         6152    i.UART_RxISR_8BIT_FIFOEN  stm32wlxx_hal_uart.o
    0x08007acc   0x00000328   Code   RO         6153    i.UART_SetConfig    stm32wlxx_hal_uart.o
    0x08007df4   0x0000015c   Code   RO         6155    i.UART_Start_Receive_IT  stm32wlxx_hal_uart.o
    0x08007f50   0x000000fe   Code   RO         6160    i.UART_WaitOnFlagUntilTimeout  stm32wlxx_hal_uart.o
    0x0800804e   0x00000002   PAD
    0x08008050   0x00000010   Code   RO         1022    i.USART2_IRQHandler  stm32wlxx_it.o
    0x08008060   0x000000dc   Code   RO         8335    i.UTIL_ADV_TRACE_COND_FSend  stm32_adv_trace.o
    0x0800813c   0x00000034   Code   RO         8343    i.UTIL_ADV_TRACE_Init  stm32_adv_trace.o
    0x08008170   0x0000000c   Code   RO          574    i.UTIL_ADV_TRACE_PostSendHook  sys_app.o
    0x0800817c   0x0000000c   Code   RO          575    i.UTIL_ADV_TRACE_PreSendHook  sys_app.o
    0x08008188   0x0000000c   Code   RO         8347    i.UTIL_ADV_TRACE_RegisterTimeStampFunction  stm32_adv_trace.o
    0x08008194   0x0000000c   Code   RO         8351    i.UTIL_ADV_TRACE_SetVerboseLevel  stm32_adv_trace.o
    0x080081a0   0x00000014   Code   RO         8871    i.UTIL_LPM_Init     stm32_lpm.o
    0x080081b4   0x0000003c   Code   RO         8872    i.UTIL_LPM_SetOffMode  stm32_lpm.o
    0x080081f0   0x0000003c   Code   RO         8873    i.UTIL_LPM_SetStopMode  stm32_lpm.o
    0x0800822c   0x0000001c   Code   RO         8513    i.UTIL_MEM_cpy_8    stm32_mem.o
    0x08008248   0x00000016   Code   RO         8515    i.UTIL_MEM_set_8    stm32_mem.o
    0x0800825e   0x00000002   PAD
    0x08008260   0x00000038   Code   RO         8616    i.UTIL_SEQ_SetTask  stm32_seq.o
    0x08008298   0x00000040   Code   RO         8744    i.UTIL_TIMER_Create  stm32_timer.o
    0x080082d8   0x00000018   Code   RO         8746    i.UTIL_TIMER_GetCurrentTime  stm32_timer.o
    0x080082f0   0x00000024   Code   RO         8747    i.UTIL_TIMER_GetElapsedTime  stm32_timer.o
    0x08008314   0x000000bc   Code   RO         8750    i.UTIL_TIMER_IRQ_Handler  stm32_timer.o
    0x080083d0   0x00000018   Code   RO         8751    i.UTIL_TIMER_Init   stm32_timer.o
    0x080083e8   0x00000038   Code   RO         8753    i.UTIL_TIMER_SetPeriod  stm32_timer.o
    0x08008420   0x000000a0   Code   RO         8755    i.UTIL_TIMER_Start  stm32_timer.o
    0x080084c0   0x000000a8   Code   RO         8757    i.UTIL_TIMER_Stop   stm32_timer.o
    0x08008568   0x00000004   Code   RO         1023    i.UsageFault_Handler  stm32wlxx_it.o
    0x0800856c   0x00000024   Code   RO         9318    i.__0vsprintf       mc_w.l(printfa.o)
    0x08008590   0x00000010   Code   RO         3898    i.__NVIC_GetPriorityGrouping  stm32wlxx_hal_cortex.o
    0x080085a0   0x00000028   Code   RO         3899    i.__NVIC_SetPriority  stm32wlxx_hal_cortex.o
    0x080085c8   0x00000006   Code   RO         7677    i.__get_PRIMASK     radio_driver.o
    0x080085ce   0x00000006   Code   RO         8355    i.__get_PRIMASK     stm32_adv_trace.o
    0x080085d4   0x00000006   Code   RO         8618    i.__get_PRIMASK     stm32_seq.o
    0x080085da   0x00000006   Code   RO         8874    i.__get_PRIMASK     stm32_lpm.o
    0x080085e0   0x0000000e   Code   RO         9383    i.__scatterload_copy  mc_w.l(handlers.o)
    0x080085ee   0x00000002   Code   RO         9384    i.__scatterload_null  mc_w.l(handlers.o)
    0x080085f0   0x0000000e   Code   RO         9385    i.__scatterload_zeroinit  mc_w.l(handlers.o)
    0x080085fe   0x00000006   Code   RO         7678    i.__set_PRIMASK     radio_driver.o
    0x08008604   0x00000006   Code   RO         8356    i.__set_PRIMASK     stm32_adv_trace.o
    0x0800860a   0x00000006   Code   RO         8619    i.__set_PRIMASK     stm32_seq.o
    0x08008610   0x00000006   Code   RO         8875    i.__set_PRIMASK     stm32_lpm.o
    0x08008616   0x00000002   PAD
    0x08008618   0x00000164   Code   RO         9319    i._fp_digits        mc_w.l(printfa.o)
    0x0800877c   0x000006dc   Code   RO         9320    i._printf_core      mc_w.l(printfa.o)
    0x08008e58   0x00000024   Code   RO         9321    i._printf_post_padding  mc_w.l(printfa.o)
    0x08008e7c   0x0000002e   Code   RO         9322    i._printf_pre_padding  mc_w.l(printfa.o)
    0x08008eaa   0x0000000a   Code   RO         9324    i._sputc            mc_w.l(printfa.o)
    0x08008eb4   0x0000024c   Code   RO         1654    i.buddy_free        mem.o
    0x08009100   0x00000300   Code   RO         1655    i.buddy_init        mem.o
    0x08009400   0x00000058   Code   RO         1656    i.buddy_malloc      mem.o
    0x08009458   0x0000003c   Code   RO         1657    i.buddy_malloc_size  mem.o
    0x08009494   0x00000030   Code   RO         1378    i.comm_policy_init  comm_thrd.o
    0x080094c4   0x0000007c   Code   RO         1379    i.comm_policy_thread_init  comm_thrd.o
    0x08009540   0x0000005c   Code   RO         1406    i.daem              core.o
    0x0800959c   0x00000148   Code   RO         8572    i.ee_number         stm32_tiny_vsnprintf.o
    0x080096e4   0x0000002c   Code   RO         8573    i.ee_skip_atoi      stm32_tiny_vsnprintf.o
    0x08009710   0x00000228   Code   RO         2535    i.hw_hard_fault_exception  cpuport.o
    0x08009938   0x0000004c   Code   RO         2536    i.hw_stack_init     cpuport.o
    0x08009984   0x00000004   Code   RO         1407    i.idle              core.o
    0x08009988   0x000000a8   Code   RO         1408    i.init              core.o
    0x08009a30   0x0000001c   Code   RO         1618    i.interrupt_get_nest  irq.o
    0x08009a4c   0x00000018   Code   RO           15    i.main              main.o
    0x08009a64   0x000000b2   Code   RO         7388    i.payload_integration  radio.o
    0x08009b16   0x00000002   PAD
    0x08009b18   0x00000078   Code   RO         1935    i.period_delay_deal  period_thrd.o
    0x08009b90   0x00000048   Code   RO         1936    i.period_policy_init  period_thrd.o
    0x08009bd8   0x00000100   Code   RO         1937    i.period_policy_thread_init  period_thrd.o
    0x08009cd8   0x0000000c   Code   RO         1938    i.period_policy_thread_release  period_thrd.o
    0x08009ce4   0x00000010   Code   RO         1939    i.period_thread_delay  period_thrd.o
    0x08009cf4   0x00000008   Code   RO         1940    i.period_thread_exit  period_thrd.o
    0x08009cfc   0x00000158   Code   RO         1659    i.r_malloc          mem.o
    0x08009e54   0x00000114   Code   RO         1660    i.recus_malloc      mem.o
    0x08009f68   0x00000010   Code   RO         2233    i.sht_alloc_thread  thread.o
    0x08009f78   0x0000001c   Code   RO         8931    i.sht_clear_bit     bitops.o
    0x08009f94   0x000000a4   Code   RO         1409    i.sht_core_cpu_start  core.o
    0x0800a038   0x00000072   Code   RO         1661    i.sht_create_pool   mem.o
    0x0800a0aa   0x00000002   PAD
    0x0800a0ac   0x000000a0   Code   RO         2235    i.sht_create_thread  thread.o
    0x0800a14c   0x00000028   Code   RO         1500    i.sht_evt_pool_init  event.o
    0x0800a174   0x00000012   Code   RO         1502    i.sht_evt_queue_del  event.o
    0x0800a186   0x00000008   Code   RO         1504    i.sht_evt_sys_init  event.o
    0x0800a18e   0x00000034   Code   RO         8932    i.sht_ffs           bitops.o
    0x0800a1c2   0x00000030   Code   RO         8933    i.sht_find_first_bit  bitops.o
    0x0800a1f2   0x0000001c   Code   RO         8934    i.sht_get_bit       bitops.o
    0x0800a20e   0x00000002   PAD
    0x0800a210   0x00000020   Code   RO         1662    i.sht_get_free_pool  mem.o
    0x0800a230   0x0000000e   Code   RO         2067    i.sht_get_highprio  sched.o
    0x0800a23e   0x00000002   PAD
    0x0800a240   0x00000028   Code   RO         2019    i.sht_get_policy_ctrl  policy.o
    0x0800a268   0x00000020   Code   RO         1663    i.sht_get_pool_by_id  mem.o
    0x0800a288   0x00000068   Code   RO         1664    i.sht_get_res       mem.o
    0x0800a2f0   0x00000020   Code   RO         1665    i.sht_get_res_by_id  mem.o
    0x0800a310   0x00000038   Code   RO         1558    i.sht_intr_exit     int.o
    0x0800a348   0x00000002   Code   RO         1561    i.sht_intr_sys_init  int.o
    0x0800a34a   0x00000046   Code   RO         2238    i.sht_kill_thread   thread.o
    0x0800a390   0x0000000e   Code   RO         8967    i.sht_list_add      list.o
    0x0800a39e   0x0000000e   Code   RO         8968    i.sht_list_add2_tail  list.o
    0x0800a3ac   0x00000012   Code   RO         8969    i.sht_list_del      list.o
    0x0800a3be   0x00000002   PAD
    0x0800a3c0   0x00000018   Code   RO         1666    i.sht_mem_sys_init  mem.o
    0x0800a3d8   0x000000d8   Code   RO         1410    i.sht_module_init   core.o
    0x0800a4b0   0x0000004c   Code   RO         1780    i.sht_msg_sys_init  message.o
    0x0800a4fc   0x00000064   Code   RO         1941    i.sht_periodqueue_add  period_thrd.o
    0x0800a560   0x00000020   Code   RO         2020    i.sht_policy_delay_deal  policy.o
    0x0800a580   0x00000070   Code   RO         2021    i.sht_policy_thread_init  policy.o
    0x0800a5f0   0x00000018   Code   RO         2022    i.sht_policy_thread_release  policy.o
    0x0800a608   0x00000054   Code   RO         1667    i.sht_pool_ctrl_init  mem.o
    0x0800a65c   0x00000030   Code   RO         1668    i.sht_pool_res_init  mem.o
    0x0800a68c   0x0000001a   Code   RO         8996    i.sht_print         print.o
    0x0800a6a6   0x0000002e   Code   RO         2068    i.sht_prio_queue_add  sched.o
    0x0800a6d4   0x00000034   Code   RO         2069    i.sht_prio_queue_del  sched.o
    0x0800a708   0x0000003c   Code   RO         2070    i.sht_prio_queue_init  sched.o
    0x0800a744   0x00000018   Code   RO         2240    i.sht_rdy_thread    thread.o
    0x0800a75c   0x00000034   Code   RO         2071    i.sht_rdyqueue_add  sched.o
    0x0800a790   0x0000003c   Code   RO         2072    i.sht_rdyqueue_del  sched.o
    0x0800a7cc   0x00000050   Code   RO         2074    i.sht_real_sched    sched.o
    0x0800a81c   0x00000014   Code   RO         2023    i.sht_register_sched_policy  policy.o
    0x0800a830   0x0000009c   Code   RO         1670    i.sht_release_res   mem.o
    0x0800a8cc   0x00000022   Code   RO         2241    i.sht_release_thread  thread.o
    0x0800a8ee   0x00000002   PAD
    0x0800a8f0   0x00000030   Code   RO         2242    i.sht_release_thread1  thread.o
    0x0800a920   0x00000034   Code   RO         1671    i.sht_res_sys_init  mem.o
    0x0800a954   0x00000028   Code   RO         2243    i.sht_resume_thread  thread.o
    0x0800a97c   0x00000038   Code   RO         2075    i.sht_sched         sched.o
    0x0800a9b4   0x00000014   Code   RO         2076    i.sht_sched_init    sched.o
    0x0800a9c8   0x0000001c   Code   RO         2245    i.sht_sched_mechanism_init  thread.o
    0x0800a9e4   0x0000001c   Code   RO         2024    i.sht_sched_policy_init  policy.o
    0x0800aa00   0x00000030   Code   RO         2077    i.sht_select_thread  sched.o
    0x0800aa30   0x0000001c   Code   RO         8935    i.sht_set_bit       bitops.o
    0x0800aa4c   0x00000024   Code   RO         2078    i.sht_set_running_thread  sched.o
    0x0800aa70   0x00000058   Code   RO         1411    i.sht_start         core.o
    0x0800aac8   0x00000028   Code   RO         1412    i.sht_start_os      core.o
    0x0800aaf0   0x00000010   Code   RO         2246    i.sht_suspend_self  thread.o
    0x0800ab00   0x00000028   Code   RO         2247    i.sht_suspend_thread  thread.o
    0x0800ab28   0x00000010   Code   RO         2251    i.sht_thread_exit   thread.o
    0x0800ab38   0x00000094   Code   RO         2252    i.sht_thread_init   thread.o
    0x0800abcc   0x0000002c   Code   RO         2255    i.sht_thread_pool_init  thread.o
    0x0800abf8   0x00000010   Code   RO         2079    i.sht_thread_runqueue_init  sched.o
    0x0800ac08   0x0000000c   Code   RO         2256    i.sht_thread_sys_init  thread.o
    0x0800ac14   0x0000002c   Code   RO         2429    i.sht_ticks_entry   timer.o
    0x0800ac40   0x00000028   Code   RO         2430    i.sht_ticks_init    timer.o
    0x0800ac68   0x00000024   Code   RO         2431    i.sht_time_sys_init  timer.o
    0x0800ac8c   0x00000018   Code   RO         2257    i.sht_unrdy_thread  thread.o
    0x0800aca4   0x00000054   Code   RO         2432    i.time_delay_deal   timer.o
    0x0800acf8   0x00000054   Code   RO         2433    i.timeout_delay_deal  timer.o
    0x0800ad4c   0x00000022   Code   RO          577    i.tiny_snprintf_like  sys_app.o
    0x0800ad6e   0x00000002   PAD
    0x0800ad70   0x000001cc   Code   RO         8574    i.tiny_vsnprintf_like  stm32_tiny_vsnprintf.o
    0x0800af3c   0x00000040   Code   RO         1169    i.user_main         user.o
    0x0800af7c   0x00000038   Code   RO          878    i.vcom_DeInit       usart_if.o
    0x0800afb4   0x0000002c   Code   RO          879    i.vcom_Init         usart_if.o
    0x0800afe0   0x00000068   Code   RO          880    i.vcom_ReceiveInit  usart_if.o
    0x0800b048   0x00000018   Code   RO          883    i.vcom_Trace_DMA    usart_if.o
    0x0800b060   0x00000034   Code   RO         8998    i.vprint            print.o
    0x0800b094   0x00000048   Data   RO          732    .constdata          timer_if.o
    0x0800b0dc   0x00000018   Data   RO          884    .constdata          usart_if.o
    0x0800b0f4   0x00000024   Data   RO         2625    .constdata          stm32wlxx_hal_rcc.o
    0x0800b118   0x00000020   Data   RO         6161    .constdata          stm32wlxx_hal_uart.o
    0x0800b138   0x00000017   Data   RO         6539    .constdata          stm32wlxx_hal_uart_ex.o
    0x0800b14f   0x00000001   PAD
    0x0800b150   0x000000a8   Data   RO         7188    .constdata          system_stm32wlxx.o
    0x0800b1f8   0x00000097   Data   RO         7390    .constdata          radio.o
    0x0800b28f   0x00000001   PAD
    0x0800b290   0x000000b8   Data   RO         7679    .constdata          radio_driver.o
    0x0800b348   0x0000004d   Data   RO         8575    .conststring        stm32_tiny_vsnprintf.o
    0x0800b395   0x00000003   PAD
    0x0800b398   0x00000020   Data   RO         9381    Region$$Table       anon$$obj.o


    Execution Region RW_IRAM1 (Base: 0x20000000, Size: 0x0000ab30, Max: 0x00010000, ABSOLUTE)

    Base Addr    Size         Type   Attr      Idx    E Section Name        Object

    0x20000000   0x00000001   Data   RW          579    .data               sys_app.o
    0x20000001   0x00000003   PAD
    0x20000004   0x00000008   Data   RW          733    .data               timer_if.o
    0x2000000c   0x0000000c   Data   RW          885    .data               usart_if.o
    0x20000018   0x0000000c   Data   RW         1242    .data               subghz_phy_app.o
    0x20000024   0x00000018   Data   RW         1414    .data               core.o
    0x2000003c   0x00000001   Data   RW         1621    .data               irq.o
    0x2000003d   0x00000003   PAD
    0x20000040   0x0000000c   Data   RW         1673    .data               mem.o
    0x2000004c   0x00000008   Data   RW         1788    .data               message.o
    0x20000054   0x00000008   Data   RW         1945    .data               period_thrd.o
    0x2000005c   0x00000008   Data   RW         2025    .data               policy.o
    0x20000064   0x0000000c   Data   RW         2082    .data               sched.o
    0x20000070   0x00000008   Data   RW         2260    .data               thread.o
    0x20000078   0x00000014   Data   RW         2437    .data               timer.o
    0x2000008c   0x00000010   Data   RW         2538    .data               cpuport.o
    0x2000009c   0x00000009   Data   RW         4056    .data               stm32wlxx_hal.o
    0x200000a5   0x00000003   PAD
    0x200000a8   0x00000004   Data   RW         7189    .data               system_stm32wlxx.o
    0x200000ac   0x00000008   Data   RW         7391    .data               radio.o
    0x200000b4   0x00000010   Data   RW         7680    .data               radio_driver.o
    0x200000c4   0x00000008   Data   RW         8576    .data               stm32_tiny_vsnprintf.o
    0x200000cc   0x00000024   Data   RW         8621    .data               stm32_seq.o
    0x200000f0   0x00000004   Data   RW         8758    .data               stm32_timer.o
    0x200000f4   0x00000008   Data   RW         8876    .data               stm32_lpm.o
    0x200000fc   0x00000007   Data   RW         9229    .data               dht11.o
    0x20000103   0x00000001   PAD
    0x20000104   0x0000004c   Zero   RW          272    .bss                gpio.o
    0x20000150   0x00000038   Zero   RW          360    .bss                rtc.o
    0x20000188   0x0000000c   Zero   RW          409    .bss                subghz.o
    0x20000194   0x000000f4   Zero   RW          965    .bss                usart.o
    0x20000288   0x00000234   Zero   RW         1240    .bss                subghz_phy_app.o
    0x200004bc   0x0000001c   Zero   RW         1380    .bss                comm_thrd.o
    0x200004d8   0x00000030   Zero   RW         1505    .bss                event.o
    0x20000508   0x00000780   Zero   RW         1672    .bss                mem.o
    0x20000c88   0x00000060   Zero   RW         1786    .bss                message.o
    0x20000ce8   0x0000001c   Zero   RW         1943    .bss                period_thrd.o
    0x20000d04   0x00000154   Zero   RW         2080    .bss                sched.o
    0x20000e58   0x00000030   Zero   RW         2258    .bss                thread.o
    0x20000e88   0x0000018c   Zero   RW         7389    .bss                radio.o
    0x20001014   0x00000318   Zero   RW         8357    .bss                stm32_adv_trace.o
    0x2000132c   0x00000004   PAD
    0x20001330   0x00009000   Zero   RW            2    HEAP                startup_stm32wle5xx.o
    0x2000a330   0x00000800   Zero   RW            1    STACK               startup_stm32wle5xx.o


==============================================================================

Image component sizes


      Code (inc. data)   RO Data    RW Data    ZI Data      Debug   Object Name

        12          0          0          0          0        457   app_subghz_phy.o
       184          0          0          0          0       2911   bitops.o
       172         50          0          0         28       1975   comm_thrd.o
       252         28          0          0          0        712   context_rvds.o
       772        266          0         24          0       9299   core.o
       628        348          0         16          0       3419   cpuport.o
        40         10          0          7          0       1627   dht11.o
        60          0          0          0          0       6510   dma.o
        66          4          0          0         48       1967   event.o
       108          6          0          0         76       7190   gpio.o
        58         14          0          0          0        844   int.o
        28          6          0          1          0       1130   irq.o
        46          0          0          0          0       1707   list.o
       186          8          0          0          0     554361   main.o
      2802        174          0         12       1920      12140   mem.o
        76         14          0          8         96        824   message.o
       584        116          0          8         28      10881   period_thrd.o
       256         52          0          8          0       4161   policy.o
        78          6          0          0          0       1085   print.o
      6248        374        151          8        396      42380   radio.o
        56          0          0          0          0       3579   radio_board_if.o
      3566        232        184         16          0      41061   radio_driver.o
        62          0          0          0          0       9157   radio_fw.o
       248         16          0          0         56      30095   rtc.o
       540         74          0         12        340       7636   sched.o
        36          8        312          0      38912        776   startup_stm32wle5xx.o
       992         92          0          0        792       8022   stm32_adv_trace.o
       152         16          0          8          0       2641   stm32_lpm.o
         0          0          0          0          0       3267   stm32_lpm_if.o
        50          0          0          0          0       1546   stm32_mem.o
        68         10          0         36          0       2480   stm32_seq.o
       166          6          0          0          0       4258   stm32_systime.o
       892         76          0          4          0       8564   stm32_timer.o
       832         20         77          8          0       3310   stm32_tiny_vsnprintf.o
        68         14          0          9          0       9956   stm32wlxx_hal.o
       378         28          0          0          0      34609   stm32wlxx_hal_cortex.o
      1356         38          0          0          0       6299   stm32wlxx_hal_dma.o
         0          0          0          0          0       4984   stm32wlxx_hal_flash.o
       704         38          0          0          0       4247   stm32wlxx_hal_gpio.o
         2          0          0          0          0        402   stm32wlxx_hal_msp.o
        20          6          0          0          0        487   stm32wlxx_hal_pwr.o
        16          6          0          0          0        516   stm32wlxx_hal_pwr_ex.o
      3092        126         36          0          0      49676   stm32wlxx_hal_rcc.o
       676         32          0          0          0      26444   stm32wlxx_hal_rcc_ex.o
      1240         44          0          0          0       5818   stm32wlxx_hal_rtc.o
       286         30          0          0          0       4040   stm32wlxx_hal_rtc_ex.o
      1742         76          0          0          0      48990   stm32wlxx_hal_subghz.o
       448          0          0          0          0       3374   stm32wlxx_hal_tim.o
         6          0          0          0          0       2264   stm32wlxx_hal_tim_ex.o
      5260        142         32          0          0      62958   stm32wlxx_hal_uart.o
       616         10         23          0          0       7217   stm32wlxx_hal_uart_ex.o
       142         36          0          0          0       5983   stm32wlxx_it.o
       288          0          0          0          0       3775   stm32wlxx_lm403_radio.o
        78          6          0          0         12       7180   subghz.o
      1684        494          0         12        564      12159   subghz_phy_app.o
       230         24          0          1          0      32975   sys_app.o
         2          0        168          4          0       1117   system_stm32wlxx.o
       720        104          0          8         48      13779   thread.o
       288         38          0         20          0       8436   timer.o
       628         82         72          8          0      37319   timer_if.o
       388         26          0          0        244       8182   usart.o
       320         52         24         12          0      14485   usart_if.o
        64         16          0          0          0        808   user.o

    ----------------------------------------------------------------------
     41144       3494       1116        260      43564    1210451   Object Totals
         0          0         32          0          0          0   (incl. Generated)
        86          0          5         10          4          0   (incl. Padding)

    ----------------------------------------------------------------------

      Code (inc. data)   RO Data    RW Data    ZI Data      Debug   Library Member Name

         0          0          0          0          0          0   entry.o
         0          0          0          0          0          0   entry10a.o
         0          0          0          0          0          0   entry11a.o
         8          4          0          0          0          0   entry2.o
         4          0          0          0          0          0   entry5.o
         0          0          0          0          0          0   entry7b.o
         0          0          0          0          0          0   entry8b.o
         8          4          0          0          0          0   entry9a.o
        30          0          0          0          0          0   handlers.o
        36          8          0          0          0         68   init.o
         0          0          0          0          0          0   iusefp.o
        30          0          0          0          0         68   llshl.o
        36          0          0          0          0         68   llsshr.o
        32          0          0          0          0         68   llushr.o
        36          0          0          0          0         68   memcpya.o
        36          0          0          0          0        108   memseta.o
      2240         86          0          0          0        508   printfa.o
        14          0          0          0          0         68   strlen.o
        30          0          0          0          0         80   strncmp.o
        44          0          0          0          0         80   uidiv.o
        98          0          0          0          0         92   uldiv.o
        48          0          0          0          0         68   cdrcmple.o
       334          0          0          0          0        148   dadd.o
       222          0          0          0          0        100   ddiv.o
       186          0          0          0          0        176   depilogue.o
        48          0          0          0          0         68   dfixul.o
       228          0          0          0          0         96   dmul.o

    ----------------------------------------------------------------------
      3748        102          0          0          0       1932   Library Totals
         0          0          0          0          0          0   (incl. Padding)

    ----------------------------------------------------------------------

      Code (inc. data)   RO Data    RW Data    ZI Data      Debug   Library Name

      2682        102          0          0          0       1276   mc_w.l
      1066          0          0          0          0        656   mf_w.l

    ----------------------------------------------------------------------
      3748        102          0          0          0       1932   Library Totals

    ----------------------------------------------------------------------

==============================================================================


      Code (inc. data)   RO Data    RW Data    ZI Data      Debug   

     44892       3596       1116        260      43564    1187419   Grand Totals
     44892       3596       1116        260      43564    1187419   ELF Image Totals
     44892       3596       1116        260          0          0   ROM Totals

==============================================================================

    Total RO  Size (Code + RO Data)                46008 (  44.93kB)
    Total RW  Size (RW Data + ZI Data)             43824 (  42.80kB)
    Total ROM Size (Code + RO Data + RW Data)      46268 (  45.18kB)

==============================================================================

