<!doctype html public "-//w3c//dtd html 4.0 transitional//en">
<html><head>
<title>Static Call Graph - [SubGHz_Phy_PingPong\SubGHz_Phy_PingPong.axf]</title></head>
<body><HR>
<H1>Static Call Graph for image SubGHz_Phy_PingPong\SubGHz_Phy_PingPong.axf</H1><HR>
<BR><P>#&#060CALLGRAPH&#062# ARM Linker, 5050106: Last Updated: Tue Mar 12 10:05:53 2024
<BR><P>
<H3>Maximum Stack Usage =        472 bytes + Unknown(Cycles, Untraceable Function Pointers)</H3><H3>
Call chain for Maximum Stack Depth:</H3>
init &rArr; user_main &rArr; sht_create_thread &rArr; sht_policy_thread_init &rArr; sht_release_res &rArr; sht_print &rArr; vprint &rArr; HAL_UART_Transmit &rArr; UART_WaitOnFlagUntilTimeout &rArr; HAL_GetTick &rArr; TIMER_IF_GetTimerValue
<P>
<H3>
Mutually Recursive functions
</H3> <LI><a href="#[1c]">ADC_IRQHandler</a>&nbsp;&nbsp;&nbsp;&rArr;&nbsp;&nbsp;&nbsp;<a href="#[1c]">ADC_IRQHandler</a><BR>
 <LI><a href="#[1f5]">recus_malloc</a>&nbsp;&nbsp;&nbsp;&rArr;&nbsp;&nbsp;&nbsp;<a href="#[1f5]">recus_malloc</a><BR>
 <LI><a href="#[8f]">RadioSetPublicNetwork</a>&nbsp;&nbsp;&nbsp;&rArr;&nbsp;&nbsp;&nbsp;<a href="#[7b]">RadioSetModem</a><BR>
</UL>
<P>
<H3>
Function Pointers
</H3><UL>
 <LI><a href="#[1c]">ADC_IRQHandler</a> from startup_stm32wle5xx.o(.text) referenced from startup_stm32wle5xx.o(RESET)
 <LI><a href="#[3a]">AES_IRQHandler</a> from startup_stm32wle5xx.o(.text) referenced from startup_stm32wle5xx.o(RESET)
 <LI><a href="#[4]">BusFault_Handler</a> from stm32wlxx_it.o(i.BusFault_Handler) referenced from startup_stm32wle5xx.o(RESET)
 <LI><a href="#[1e]">COMP_IRQHandler</a> from startup_stm32wle5xx.o(.text) referenced from startup_stm32wle5xx.o(RESET)
 <LI><a href="#[1d]">DAC_IRQHandler</a> from startup_stm32wle5xx.o(.text) referenced from startup_stm32wle5xx.o(RESET)
 <LI><a href="#[15]">DMA1_Channel1_IRQHandler</a> from startup_stm32wle5xx.o(.text) referenced from startup_stm32wle5xx.o(RESET)
 <LI><a href="#[16]">DMA1_Channel2_IRQHandler</a> from startup_stm32wle5xx.o(.text) referenced from startup_stm32wle5xx.o(RESET)
 <LI><a href="#[17]">DMA1_Channel3_IRQHandler</a> from startup_stm32wle5xx.o(.text) referenced from startup_stm32wle5xx.o(RESET)
 <LI><a href="#[18]">DMA1_Channel4_IRQHandler</a> from startup_stm32wle5xx.o(.text) referenced from startup_stm32wle5xx.o(RESET)
 <LI><a href="#[19]">DMA1_Channel5_IRQHandler</a> from stm32wlxx_it.o(i.DMA1_Channel5_IRQHandler) referenced from startup_stm32wle5xx.o(RESET)
 <LI><a href="#[1a]">DMA1_Channel6_IRQHandler</a> from startup_stm32wle5xx.o(.text) referenced from startup_stm32wle5xx.o(RESET)
 <LI><a href="#[1b]">DMA1_Channel7_IRQHandler</a> from startup_stm32wle5xx.o(.text) referenced from startup_stm32wle5xx.o(RESET)
 <LI><a href="#[3d]">DMA2_Channel1_IRQHandler</a> from startup_stm32wle5xx.o(.text) referenced from startup_stm32wle5xx.o(RESET)
 <LI><a href="#[3e]">DMA2_Channel2_IRQHandler</a> from startup_stm32wle5xx.o(.text) referenced from startup_stm32wle5xx.o(RESET)
 <LI><a href="#[3f]">DMA2_Channel3_IRQHandler</a> from startup_stm32wle5xx.o(.text) referenced from startup_stm32wle5xx.o(RESET)
 <LI><a href="#[40]">DMA2_Channel4_IRQHandler</a> from startup_stm32wle5xx.o(.text) referenced from startup_stm32wle5xx.o(RESET)
 <LI><a href="#[41]">DMA2_Channel5_IRQHandler</a> from startup_stm32wle5xx.o(.text) referenced from startup_stm32wle5xx.o(RESET)
 <LI><a href="#[42]">DMA2_Channel6_IRQHandler</a> from startup_stm32wle5xx.o(.text) referenced from startup_stm32wle5xx.o(RESET)
 <LI><a href="#[43]">DMA2_Channel7_IRQHandler</a> from startup_stm32wle5xx.o(.text) referenced from startup_stm32wle5xx.o(RESET)
 <LI><a href="#[44]">DMAMUX1_OVR_IRQHandler</a> from startup_stm32wle5xx.o(.text) referenced from startup_stm32wle5xx.o(RESET)
 <LI><a href="#[7]">DebugMon_Handler</a> from stm32wlxx_it.o(i.DebugMon_Handler) referenced from startup_stm32wle5xx.o(RESET)
 <LI><a href="#[10]">EXTI0_IRQHandler</a> from stm32wlxx_it.o(i.EXTI0_IRQHandler) referenced from startup_stm32wle5xx.o(RESET)
 <LI><a href="#[32]">EXTI15_10_IRQHandler</a> from startup_stm32wle5xx.o(.text) referenced from startup_stm32wle5xx.o(RESET)
 <LI><a href="#[11]">EXTI1_IRQHandler</a> from startup_stm32wle5xx.o(.text) referenced from startup_stm32wle5xx.o(RESET)
 <LI><a href="#[12]">EXTI2_IRQHandler</a> from startup_stm32wle5xx.o(.text) referenced from startup_stm32wle5xx.o(RESET)
 <LI><a href="#[13]">EXTI3_IRQHandler</a> from startup_stm32wle5xx.o(.text) referenced from startup_stm32wle5xx.o(RESET)
 <LI><a href="#[14]">EXTI4_IRQHandler</a> from startup_stm32wle5xx.o(.text) referenced from startup_stm32wle5xx.o(RESET)
 <LI><a href="#[1f]">EXTI9_5_IRQHandler</a> from startup_stm32wle5xx.o(.text) referenced from startup_stm32wle5xx.o(RESET)
 <LI><a href="#[e]">FLASH_IRQHandler</a> from startup_stm32wle5xx.o(.text) referenced from startup_stm32wle5xx.o(RESET)
 <LI><a href="#[36]">HSEM_IRQHandler</a> from startup_stm32wle5xx.o(.text) referenced from startup_stm32wle5xx.o(RESET)
 <LI><a href="#[2]">HardFault_Handler</a> from context_rvds.o(.text) referenced from startup_stm32wle5xx.o(RESET)
 <LI><a href="#[28]">I2C1_ER_IRQHandler</a> from startup_stm32wle5xx.o(.text) referenced from startup_stm32wle5xx.o(RESET)
 <LI><a href="#[27]">I2C1_EV_IRQHandler</a> from startup_stm32wle5xx.o(.text) referenced from startup_stm32wle5xx.o(RESET)
 <LI><a href="#[2a]">I2C2_ER_IRQHandler</a> from startup_stm32wle5xx.o(.text) referenced from startup_stm32wle5xx.o(RESET)
 <LI><a href="#[29]">I2C2_EV_IRQHandler</a> from startup_stm32wle5xx.o(.text) referenced from startup_stm32wle5xx.o(RESET)
 <LI><a href="#[38]">I2C3_ER_IRQHandler</a> from startup_stm32wle5xx.o(.text) referenced from startup_stm32wle5xx.o(RESET)
 <LI><a href="#[37]">I2C3_EV_IRQHandler</a> from startup_stm32wle5xx.o(.text) referenced from startup_stm32wle5xx.o(RESET)
 <LI><a href="#[30]">LPTIM1_IRQHandler</a> from startup_stm32wle5xx.o(.text) referenced from startup_stm32wle5xx.o(RESET)
 <LI><a href="#[31]">LPTIM2_IRQHandler</a> from startup_stm32wle5xx.o(.text) referenced from startup_stm32wle5xx.o(RESET)
 <LI><a href="#[34]">LPTIM3_IRQHandler</a> from startup_stm32wle5xx.o(.text) referenced from startup_stm32wle5xx.o(RESET)
 <LI><a href="#[2f]">LPUART1_IRQHandler</a> from startup_stm32wle5xx.o(.text) referenced from startup_stm32wle5xx.o(RESET)
 <LI><a href="#[3]">MemManage_Handler</a> from stm32wlxx_it.o(i.MemManage_Handler) referenced from startup_stm32wle5xx.o(RESET)
 <LI><a href="#[1]">NMI_Handler</a> from stm32wlxx_it.o(i.NMI_Handler) referenced from startup_stm32wle5xx.o(RESET)
 <LI><a href="#[51]">OnRxDone</a> from subghz_phy_app.o(i.OnRxDone) referenced from subghz_phy_app.o(i.SubghzApp_Init)
 <LI><a href="#[54]">OnRxError</a> from subghz_phy_app.o(i.OnRxError) referenced from subghz_phy_app.o(i.SubghzApp_Init)
 <LI><a href="#[53]">OnRxTimeout</a> from subghz_phy_app.o(i.OnRxTimeout) referenced from subghz_phy_app.o(i.SubghzApp_Init)
 <LI><a href="#[50]">OnTxDone</a> from subghz_phy_app.o(i.OnTxDone) referenced from subghz_phy_app.o(i.SubghzApp_Init)
 <LI><a href="#[52]">OnTxTimeout</a> from subghz_phy_app.o(i.OnTxTimeout) referenced from subghz_phy_app.o(i.SubghzApp_Init)
 <LI><a href="#[4f]">OnledEvent</a> from subghz_phy_app.o(i.OnledEvent) referenced from subghz_phy_app.o(i.SubghzApp_Init)
 <LI><a href="#[3c]">PKA_IRQHandler</a> from startup_stm32wle5xx.o(.text) referenced from startup_stm32wle5xx.o(RESET)
 <LI><a href="#[b]">PVD_PVM_IRQHandler</a> from startup_stm32wle5xx.o(.text) referenced from startup_stm32wle5xx.o(RESET)
 <LI><a href="#[8]">PendSV_Handler</a> from context_rvds.o(.text) referenced from startup_stm32wle5xx.o(RESET)
 <LI><a href="#[65]">PingPong_Process</a> from subghz_phy_app.o(i.PingPong_Process) referenced from user.o(i.user_main)
 <LI><a href="#[f]">RCC_IRQHandler</a> from startup_stm32wle5xx.o(.text) referenced from startup_stm32wle5xx.o(RESET)
 <LI><a href="#[99]">RFW_ReceiveLongPacket</a> from radio_fw.o(i.RFW_ReceiveLongPacket) referenced from radio.o(.constdata)
 <LI><a href="#[98]">RFW_TransmitLongPacket</a> from radio_fw.o(i.RFW_TransmitLongPacket) referenced from radio.o(.constdata)
 <LI><a href="#[3b]">RNG_IRQHandler</a> from startup_stm32wle5xx.o(.text) referenced from startup_stm32wle5xx.o(RESET)
 <LI><a href="#[33]">RTC_Alarm_IRQHandler</a> from stm32wlxx_it.o(i.RTC_Alarm_IRQHandler) referenced from startup_stm32wle5xx.o(RESET)
 <LI><a href="#[d]">RTC_WKUP_IRQHandler</a> from startup_stm32wle5xx.o(.text) referenced from startup_stm32wle5xx.o(RESET)
 <LI><a href="#[81]">RadioCheckRfFrequency</a> from radio.o(i.RadioCheckRfFrequency) referenced from radio.o(.constdata)
 <LI><a href="#[7a]">RadioGetStatus</a> from radio.o(i.RadioGetStatus) referenced from radio.o(.constdata)
 <LI><a href="#[90]">RadioGetWakeupTime</a> from radio.o(i.RadioGetWakeupTime) referenced from radio.o(.constdata)
 <LI><a href="#[79]">RadioInit</a> from radio.o(i.RadioInit) referenced from radio.o(.constdata)
 <LI><a href="#[91]">RadioIrqProcess</a> from radio.o(i.RadioIrqProcess) referenced from radio.o(.constdata)
 <LI><a href="#[7d]">RadioIsChannelFree</a> from radio.o(i.RadioIsChannelFree) referenced from radio.o(.constdata)
 <LI><a href="#[9b]">RadioLrFhssGetTimeOnAirInMs</a> from radio.o(i.RadioLrFhssGetTimeOnAirInMs) referenced from radio.o(.constdata)
 <LI><a href="#[9a]">RadioLrFhssSetCfg</a> from radio.o(i.RadioLrFhssSetCfg) referenced from radio.o(.constdata)
 <LI><a href="#[4c]">RadioOnDioIrq</a> from radio.o(i.RadioOnDioIrq) referenced from radio.o(i.RadioInit)
 <LI><a href="#[4e]">RadioOnRxTimeoutIrq</a> from radio.o(i.RadioOnRxTimeoutIrq) referenced from radio.o(i.RadioInit)
 <LI><a href="#[4d]">RadioOnTxTimeoutIrq</a> from radio.o(i.RadioOnTxTimeoutIrq) referenced from radio.o(i.RadioInit)
 <LI><a href="#[7e]">RadioRandom</a> from radio.o(i.RadioRandom) referenced from radio.o(.constdata)
 <LI><a href="#[8b]">RadioRead</a> from radio.o(i.RadioRead) referenced from radio.o(.constdata)
 <LI><a href="#[8d]">RadioReadRegisters</a> from radio.o(i.RadioReadRegisters) referenced from radio.o(.constdata)
 <LI><a href="#[89]">RadioRssi</a> from radio.o(i.RadioRssi) referenced from radio.o(.constdata)
 <LI><a href="#[86]">RadioRx</a> from radio.o(i.RadioRx) referenced from radio.o(.constdata)
 <LI><a href="#[92]">RadioRxBoosted</a> from radio.o(i.RadioRxBoosted) referenced from radio.o(.constdata)
 <LI><a href="#[83]">RadioSend</a> from radio.o(i.RadioSend) referenced from radio.o(.constdata)
 <LI><a href="#[7c]">RadioSetChannel</a> from radio.o(i.RadioSetChannel) referenced from radio.o(.constdata)
 <LI><a href="#[8e]">RadioSetMaxPayloadLength</a> from radio.o(i.RadioSetMaxPayloadLength) referenced from radio.o(.constdata)
 <LI><a href="#[7b]">RadioSetModem</a> from radio.o(i.RadioSetModem) referenced from radio.o(.constdata)
 <LI><a href="#[8f]">RadioSetPublicNetwork</a> from radio.o(i.RadioSetPublicNetwork) referenced from radio.o(.constdata)
 <LI><a href="#[7f]">RadioSetRxConfig</a> from radio.o(i.RadioSetRxConfig) referenced from radio.o(.constdata)
 <LI><a href="#[93]">RadioSetRxDutyCycle</a> from radio.o(i.RadioSetRxDutyCycle) referenced from radio.o(.constdata)
 <LI><a href="#[96]">RadioSetRxGenericConfig</a> from radio.o(i.RadioSetRxGenericConfig) referenced from radio.o(.constdata)
 <LI><a href="#[80]">RadioSetTxConfig</a> from radio.o(i.RadioSetTxConfig) referenced from radio.o(.constdata)
 <LI><a href="#[88]">RadioSetTxContinuousWave</a> from radio.o(i.RadioSetTxContinuousWave) referenced from radio.o(.constdata)
 <LI><a href="#[97]">RadioSetTxGenericConfig</a> from radio.o(i.RadioSetTxGenericConfig) referenced from radio.o(.constdata)
 <LI><a href="#[84]">RadioSleep</a> from radio.o(i.RadioSleep) referenced from radio.o(.constdata)
 <LI><a href="#[85]">RadioStandby</a> from radio.o(i.RadioStandby) referenced from radio.o(.constdata)
 <LI><a href="#[87]">RadioStartCad</a> from radio.o(i.RadioStartCad) referenced from radio.o(.constdata)
 <LI><a href="#[82]">RadioTimeOnAir</a> from radio.o(i.RadioTimeOnAir) referenced from radio.o(.constdata)
 <LI><a href="#[95]">RadioTxCw</a> from radio.o(i.RadioTxCw) referenced from radio.o(.constdata)
 <LI><a href="#[94]">RadioTxPrbs</a> from radio.o(i.RadioTxPrbs) referenced from radio.o(.constdata)
 <LI><a href="#[8a]">RadioWrite</a> from radio.o(i.RadioWrite) referenced from radio.o(.constdata)
 <LI><a href="#[8c]">RadioWriteRegisters</a> from radio.o(i.RadioWriteRegisters) referenced from radio.o(.constdata)
 <LI><a href="#[0]">Reset_Handler</a> from startup_stm32wle5xx.o(.text) referenced from startup_stm32wle5xx.o(RESET)
 <LI><a href="#[2b]">SPI1_IRQHandler</a> from startup_stm32wle5xx.o(.text) referenced from startup_stm32wle5xx.o(RESET)
 <LI><a href="#[2c]">SPI2_IRQHandler</a> from startup_stm32wle5xx.o(.text) referenced from startup_stm32wle5xx.o(RESET)
 <LI><a href="#[35]">SUBGHZSPI_IRQHandler</a> from startup_stm32wle5xx.o(.text) referenced from startup_stm32wle5xx.o(RESET)
 <LI><a href="#[39]">SUBGHZ_Radio_IRQHandler</a> from stm32wlxx_it.o(i.SUBGHZ_Radio_IRQHandler) referenced from startup_stm32wle5xx.o(RESET)
 <LI><a href="#[6]">SVC_Handler</a> from stm32wlxx_it.o(i.SVC_Handler) referenced from startup_stm32wle5xx.o(RESET)
 <LI><a href="#[9]">SysTick_Handler</a> from stm32wlxx_it.o(i.SysTick_Handler) referenced from startup_stm32wle5xx.o(RESET)
 <LI><a href="#[46]">SystemInit</a> from system_stm32wlxx.o(i.SystemInit) referenced from startup_stm32wle5xx.o(.text)
 <LI><a href="#[c]">TAMP_STAMP_LSECSS_SSRU_IRQHandler</a> from stm32wlxx_it.o(i.TAMP_STAMP_LSECSS_SSRU_IRQHandler) referenced from startup_stm32wle5xx.o(RESET)
 <LI><a href="#[25]">TIM16_IRQHandler</a> from stm32wlxx_it.o(i.TIM16_IRQHandler) referenced from startup_stm32wle5xx.o(RESET)
 <LI><a href="#[26]">TIM17_IRQHandler</a> from startup_stm32wle5xx.o(.text) referenced from startup_stm32wle5xx.o(RESET)
 <LI><a href="#[20]">TIM1_BRK_IRQHandler</a> from startup_stm32wle5xx.o(.text) referenced from startup_stm32wle5xx.o(RESET)
 <LI><a href="#[23]">TIM1_CC_IRQHandler</a> from startup_stm32wle5xx.o(.text) referenced from startup_stm32wle5xx.o(RESET)
 <LI><a href="#[22]">TIM1_TRG_COM_IRQHandler</a> from startup_stm32wle5xx.o(.text) referenced from startup_stm32wle5xx.o(RESET)
 <LI><a href="#[21]">TIM1_UP_IRQHandler</a> from startup_stm32wle5xx.o(.text) referenced from startup_stm32wle5xx.o(RESET)
 <LI><a href="#[24]">TIM2_IRQHandler</a> from startup_stm32wle5xx.o(.text) referenced from startup_stm32wle5xx.o(RESET)
 <LI><a href="#[71]">TIMER_IF_BkUp_Read_Seconds</a> from timer_if.o(i.TIMER_IF_BkUp_Read_Seconds) referenced from timer_if.o(.constdata)
 <LI><a href="#[73]">TIMER_IF_BkUp_Read_SubSeconds</a> from timer_if.o(i.TIMER_IF_BkUp_Read_SubSeconds) referenced from timer_if.o(.constdata)
 <LI><a href="#[70]">TIMER_IF_BkUp_Write_Seconds</a> from timer_if.o(i.TIMER_IF_BkUp_Write_Seconds) referenced from timer_if.o(.constdata)
 <LI><a href="#[72]">TIMER_IF_BkUp_Write_SubSeconds</a> from timer_if.o(i.TIMER_IF_BkUp_Write_SubSeconds) referenced from timer_if.o(.constdata)
 <LI><a href="#[6f]">TIMER_IF_Convert_Tick2ms</a> from timer_if.o(i.TIMER_IF_Convert_Tick2ms) referenced from timer_if.o(.constdata)
 <LI><a href="#[6e]">TIMER_IF_Convert_ms2Tick</a> from timer_if.o(i.TIMER_IF_Convert_ms2Tick) referenced from timer_if.o(.constdata)
 <LI><a href="#[6d]">TIMER_IF_GetMinimumTimeout</a> from timer_if.o(i.TIMER_IF_GetMinimumTimeout) referenced from timer_if.o(.constdata)
 <LI><a href="#[74]">TIMER_IF_GetTime</a> from timer_if.o(i.TIMER_IF_GetTime) referenced from timer_if.o(.constdata)
 <LI><a href="#[6a]">TIMER_IF_GetTimerContext</a> from timer_if.o(i.TIMER_IF_GetTimerContext) referenced from timer_if.o(.constdata)
 <LI><a href="#[6b]">TIMER_IF_GetTimerElapsedTime</a> from timer_if.o(i.TIMER_IF_GetTimerElapsedTime) referenced from timer_if.o(.constdata)
 <LI><a href="#[6c]">TIMER_IF_GetTimerValue</a> from timer_if.o(i.TIMER_IF_GetTimerValue) referenced from timer_if.o(.constdata)
 <LI><a href="#[66]">TIMER_IF_Init</a> from timer_if.o(i.TIMER_IF_Init) referenced from timer_if.o(.constdata)
 <LI><a href="#[69]">TIMER_IF_SetTimerContext</a> from timer_if.o(i.TIMER_IF_SetTimerContext) referenced from timer_if.o(.constdata)
 <LI><a href="#[67]">TIMER_IF_StartTimer</a> from timer_if.o(i.TIMER_IF_StartTimer) referenced from timer_if.o(.constdata)
 <LI><a href="#[68]">TIMER_IF_StopTimer</a> from timer_if.o(i.TIMER_IF_StopTimer) referenced from timer_if.o(.constdata)
 <LI><a href="#[5a]">TRACE_TxCpltCallback</a> from stm32_adv_trace.o(i.TRACE_TxCpltCallback) referenced from stm32_adv_trace.o(i.UTIL_ADV_TRACE_Init)
 <LI><a href="#[55]">TimestampNow</a> from sys_app.o(i.TimestampNow) referenced from sys_app.o(i.SystemApp_Init)
 <LI><a href="#[48]">UART_DMAAbortOnError</a> from stm32wlxx_hal_uart.o(i.UART_DMAAbortOnError) referenced from stm32wlxx_hal_uart.o(i.HAL_UART_IRQHandler)
 <LI><a href="#[4b]">UART_DMAError</a> from stm32wlxx_hal_uart.o(i.UART_DMAError) referenced from stm32wlxx_hal_uart.o(i.HAL_UART_Transmit_DMA)
 <LI><a href="#[49]">UART_DMATransmitCplt</a> from stm32wlxx_hal_uart.o(i.UART_DMATransmitCplt) referenced from stm32wlxx_hal_uart.o(i.HAL_UART_Transmit_DMA)
 <LI><a href="#[4a]">UART_DMATxHalfCplt</a> from stm32wlxx_hal_uart.o(i.UART_DMATxHalfCplt) referenced from stm32wlxx_hal_uart.o(i.HAL_UART_Transmit_DMA)
 <LI><a href="#[56]">UART_RxISR_16BIT</a> from stm32wlxx_hal_uart.o(i.UART_RxISR_16BIT) referenced from stm32wlxx_hal_uart.o(i.UART_RxISR_16BIT_FIFOEN)
 <LI><a href="#[56]">UART_RxISR_16BIT</a> from stm32wlxx_hal_uart.o(i.UART_RxISR_16BIT) referenced from stm32wlxx_hal_uart.o(i.UART_Start_Receive_IT)
 <LI><a href="#[58]">UART_RxISR_16BIT_FIFOEN</a> from stm32wlxx_hal_uart.o(i.UART_RxISR_16BIT_FIFOEN) referenced from stm32wlxx_hal_uart.o(i.UART_Start_Receive_IT)
 <LI><a href="#[57]">UART_RxISR_8BIT</a> from stm32wlxx_hal_uart.o(i.UART_RxISR_8BIT) referenced from stm32wlxx_hal_uart.o(i.UART_RxISR_8BIT_FIFOEN)
 <LI><a href="#[57]">UART_RxISR_8BIT</a> from stm32wlxx_hal_uart.o(i.UART_RxISR_8BIT) referenced from stm32wlxx_hal_uart.o(i.UART_Start_Receive_IT)
 <LI><a href="#[59]">UART_RxISR_8BIT_FIFOEN</a> from stm32wlxx_hal_uart.o(i.UART_RxISR_8BIT_FIFOEN) referenced from stm32wlxx_hal_uart.o(i.UART_Start_Receive_IT)
 <LI><a href="#[2d]">USART1_IRQHandler</a> from startup_stm32wle5xx.o(.text) referenced from startup_stm32wle5xx.o(RESET)
 <LI><a href="#[2e]">USART2_IRQHandler</a> from stm32wlxx_it.o(i.USART2_IRQHandler) referenced from startup_stm32wle5xx.o(RESET)
 <LI><a href="#[5]">UsageFault_Handler</a> from stm32wlxx_it.o(i.UsageFault_Handler) referenced from startup_stm32wle5xx.o(RESET)
 <LI><a href="#[a]">WWDG_IRQHandler</a> from startup_stm32wle5xx.o(.text) referenced from startup_stm32wle5xx.o(RESET)
 <LI><a href="#[47]">__main</a> from entry.o(.ARM.Collect$$$$00000000) referenced from startup_stm32wle5xx.o(.text)
 <LI><a href="#[5b]">_sputc</a> from printfa.o(i._sputc) referenced from printfa.o(i.__0vsprintf)
 <LI><a href="#[5c]">comm_policy_thread_init</a> from comm_thrd.o(i.comm_policy_thread_init) referenced from comm_thrd.o(i.comm_policy_init)
 <LI><a href="#[5e]">daem</a> from core.o(i.daem) referenced from core.o(i.init)
 <LI><a href="#[63]">idle</a> from core.o(i.idle) referenced from core.o(i.sht_core_cpu_start)
 <LI><a href="#[64]">init</a> from core.o(i.init) referenced from core.o(i.sht_core_cpu_start)
 <LI><a href="#[45]">main</a> from main.o(i.main) referenced from entry9a.o(.ARM.Collect$$$$0000000B)
 <LI><a href="#[62]">period_delay_deal</a> from period_thrd.o(i.period_delay_deal) referenced from period_thrd.o(i.period_policy_init)
 <LI><a href="#[60]">period_policy_thread_init</a> from period_thrd.o(i.period_policy_thread_init) referenced from period_thrd.o(i.period_policy_init)
 <LI><a href="#[61]">period_policy_thread_release</a> from period_thrd.o(i.period_policy_thread_release) referenced from period_thrd.o(i.period_policy_init)
 <LI><a href="#[5f]">period_thread_exit</a> from period_thrd.o(i.period_thread_exit) referenced from period_thrd.o(i.period_delay_deal)
 <LI><a href="#[5f]">period_thread_exit</a> from period_thrd.o(i.period_thread_exit) referenced from period_thrd.o(i.period_policy_thread_init)
 <LI><a href="#[5d]">sht_thread_exit</a> from thread.o(i.sht_thread_exit) referenced from comm_thrd.o(i.comm_policy_thread_init)
 <LI><a href="#[76]">vcom_DeInit</a> from usart_if.o(i.vcom_DeInit) referenced from usart_if.o(.constdata)
 <LI><a href="#[75]">vcom_Init</a> from usart_if.o(i.vcom_Init) referenced from usart_if.o(.constdata)
 <LI><a href="#[77]">vcom_ReceiveInit</a> from usart_if.o(i.vcom_ReceiveInit) referenced from usart_if.o(.constdata)
 <LI><a href="#[78]">vcom_Trace_DMA</a> from usart_if.o(i.vcom_Trace_DMA) referenced from usart_if.o(.constdata)
</UL>
<P>
<H3>
Global Symbols
</H3>
<P><STRONG><a name="[47]"></a>__main</STRONG> (Thumb, 0 bytes, Stack size unknown bytes, entry.o(.ARM.Collect$$$$00000000))
<BR>[Address Reference Count : 1]<UL><LI> startup_stm32wle5xx.o(.text)
</UL>
<P><STRONG><a name="[22e]"></a>_main_stk</STRONG> (Thumb, 0 bytes, Stack size unknown bytes, entry2.o(.ARM.Collect$$$$00000001))

<P><STRONG><a name="[9c]"></a>_main_scatterload</STRONG> (Thumb, 0 bytes, Stack size unknown bytes, entry5.o(.ARM.Collect$$$$00000004))
<BR><BR>[Calls]<UL><LI><a href="#[9d]">&gt;&gt;</a>&nbsp;&nbsp;&nbsp;__scatterload
</UL>

<P><STRONG><a name="[ae]"></a>__main_after_scatterload</STRONG> (Thumb, 0 bytes, Stack size unknown bytes, entry5.o(.ARM.Collect$$$$00000004))
<BR><BR>[Called By]<UL><LI><a href="#[9d]">&gt;&gt;</a>&nbsp;&nbsp;&nbsp;__scatterload
</UL>

<P><STRONG><a name="[22f]"></a>_main_clock</STRONG> (Thumb, 0 bytes, Stack size unknown bytes, entry7b.o(.ARM.Collect$$$$00000008))

<P><STRONG><a name="[230]"></a>_main_cpp_init</STRONG> (Thumb, 0 bytes, Stack size unknown bytes, entry8b.o(.ARM.Collect$$$$0000000A))

<P><STRONG><a name="[231]"></a>_main_init</STRONG> (Thumb, 0 bytes, Stack size unknown bytes, entry9a.o(.ARM.Collect$$$$0000000B))

<P><STRONG><a name="[232]"></a>__rt_final_cpp</STRONG> (Thumb, 0 bytes, Stack size unknown bytes, entry10a.o(.ARM.Collect$$$$0000000D))

<P><STRONG><a name="[233]"></a>__rt_final_exit</STRONG> (Thumb, 0 bytes, Stack size unknown bytes, entry11a.o(.ARM.Collect$$$$0000000F))

<P><STRONG><a name="[0]"></a>Reset_Handler</STRONG> (Thumb, 8 bytes, Stack size 0 bytes, startup_stm32wle5xx.o(.text))
<BR>[Address Reference Count : 1]<UL><LI> startup_stm32wle5xx.o(RESET)
</UL>
<P><STRONG><a name="[1c]"></a>ADC_IRQHandler</STRONG> (Thumb, 0 bytes, Stack size 0 bytes, startup_stm32wle5xx.o(.text))
<BR><BR>[Calls]<UL><LI><a href="#[1c]">&gt;&gt;</a>&nbsp;&nbsp;&nbsp;ADC_IRQHandler
</UL>
<BR>[Called By]<UL><LI><a href="#[1c]">&gt;&gt;</a>&nbsp;&nbsp;&nbsp;ADC_IRQHandler
</UL>
<BR>[Address Reference Count : 1]<UL><LI> startup_stm32wle5xx.o(RESET)
</UL>
<P><STRONG><a name="[3a]"></a>AES_IRQHandler</STRONG> (Thumb, 0 bytes, Stack size 0 bytes, startup_stm32wle5xx.o(.text))
<BR>[Address Reference Count : 1]<UL><LI> startup_stm32wle5xx.o(RESET)
</UL>
<P><STRONG><a name="[1e]"></a>COMP_IRQHandler</STRONG> (Thumb, 0 bytes, Stack size 0 bytes, startup_stm32wle5xx.o(.text))
<BR>[Address Reference Count : 1]<UL><LI> startup_stm32wle5xx.o(RESET)
</UL>
<P><STRONG><a name="[1d]"></a>DAC_IRQHandler</STRONG> (Thumb, 0 bytes, Stack size 0 bytes, startup_stm32wle5xx.o(.text))
<BR>[Address Reference Count : 1]<UL><LI> startup_stm32wle5xx.o(RESET)
</UL>
<P><STRONG><a name="[15]"></a>DMA1_Channel1_IRQHandler</STRONG> (Thumb, 0 bytes, Stack size 0 bytes, startup_stm32wle5xx.o(.text))
<BR>[Address Reference Count : 1]<UL><LI> startup_stm32wle5xx.o(RESET)
</UL>
<P><STRONG><a name="[16]"></a>DMA1_Channel2_IRQHandler</STRONG> (Thumb, 0 bytes, Stack size 0 bytes, startup_stm32wle5xx.o(.text))
<BR>[Address Reference Count : 1]<UL><LI> startup_stm32wle5xx.o(RESET)
</UL>
<P><STRONG><a name="[17]"></a>DMA1_Channel3_IRQHandler</STRONG> (Thumb, 0 bytes, Stack size 0 bytes, startup_stm32wle5xx.o(.text))
<BR>[Address Reference Count : 1]<UL><LI> startup_stm32wle5xx.o(RESET)
</UL>
<P><STRONG><a name="[18]"></a>DMA1_Channel4_IRQHandler</STRONG> (Thumb, 0 bytes, Stack size 0 bytes, startup_stm32wle5xx.o(.text))
<BR>[Address Reference Count : 1]<UL><LI> startup_stm32wle5xx.o(RESET)
</UL>
<P><STRONG><a name="[1a]"></a>DMA1_Channel6_IRQHandler</STRONG> (Thumb, 0 bytes, Stack size 0 bytes, startup_stm32wle5xx.o(.text))
<BR>[Address Reference Count : 1]<UL><LI> startup_stm32wle5xx.o(RESET)
</UL>
<P><STRONG><a name="[1b]"></a>DMA1_Channel7_IRQHandler</STRONG> (Thumb, 0 bytes, Stack size 0 bytes, startup_stm32wle5xx.o(.text))
<BR>[Address Reference Count : 1]<UL><LI> startup_stm32wle5xx.o(RESET)
</UL>
<P><STRONG><a name="[3d]"></a>DMA2_Channel1_IRQHandler</STRONG> (Thumb, 0 bytes, Stack size 0 bytes, startup_stm32wle5xx.o(.text))
<BR>[Address Reference Count : 1]<UL><LI> startup_stm32wle5xx.o(RESET)
</UL>
<P><STRONG><a name="[3e]"></a>DMA2_Channel2_IRQHandler</STRONG> (Thumb, 0 bytes, Stack size 0 bytes, startup_stm32wle5xx.o(.text))
<BR>[Address Reference Count : 1]<UL><LI> startup_stm32wle5xx.o(RESET)
</UL>
<P><STRONG><a name="[3f]"></a>DMA2_Channel3_IRQHandler</STRONG> (Thumb, 0 bytes, Stack size 0 bytes, startup_stm32wle5xx.o(.text))
<BR>[Address Reference Count : 1]<UL><LI> startup_stm32wle5xx.o(RESET)
</UL>
<P><STRONG><a name="[40]"></a>DMA2_Channel4_IRQHandler</STRONG> (Thumb, 0 bytes, Stack size 0 bytes, startup_stm32wle5xx.o(.text))
<BR>[Address Reference Count : 1]<UL><LI> startup_stm32wle5xx.o(RESET)
</UL>
<P><STRONG><a name="[41]"></a>DMA2_Channel5_IRQHandler</STRONG> (Thumb, 0 bytes, Stack size 0 bytes, startup_stm32wle5xx.o(.text))
<BR>[Address Reference Count : 1]<UL><LI> startup_stm32wle5xx.o(RESET)
</UL>
<P><STRONG><a name="[42]"></a>DMA2_Channel6_IRQHandler</STRONG> (Thumb, 0 bytes, Stack size 0 bytes, startup_stm32wle5xx.o(.text))
<BR>[Address Reference Count : 1]<UL><LI> startup_stm32wle5xx.o(RESET)
</UL>
<P><STRONG><a name="[43]"></a>DMA2_Channel7_IRQHandler</STRONG> (Thumb, 0 bytes, Stack size 0 bytes, startup_stm32wle5xx.o(.text))
<BR>[Address Reference Count : 1]<UL><LI> startup_stm32wle5xx.o(RESET)
</UL>
<P><STRONG><a name="[44]"></a>DMAMUX1_OVR_IRQHandler</STRONG> (Thumb, 0 bytes, Stack size 0 bytes, startup_stm32wle5xx.o(.text))
<BR>[Address Reference Count : 1]<UL><LI> startup_stm32wle5xx.o(RESET)
</UL>
<P><STRONG><a name="[32]"></a>EXTI15_10_IRQHandler</STRONG> (Thumb, 0 bytes, Stack size 0 bytes, startup_stm32wle5xx.o(.text))
<BR>[Address Reference Count : 1]<UL><LI> startup_stm32wle5xx.o(RESET)
</UL>
<P><STRONG><a name="[11]"></a>EXTI1_IRQHandler</STRONG> (Thumb, 0 bytes, Stack size 0 bytes, startup_stm32wle5xx.o(.text))
<BR>[Address Reference Count : 1]<UL><LI> startup_stm32wle5xx.o(RESET)
</UL>
<P><STRONG><a name="[12]"></a>EXTI2_IRQHandler</STRONG> (Thumb, 0 bytes, Stack size 0 bytes, startup_stm32wle5xx.o(.text))
<BR>[Address Reference Count : 1]<UL><LI> startup_stm32wle5xx.o(RESET)
</UL>
<P><STRONG><a name="[13]"></a>EXTI3_IRQHandler</STRONG> (Thumb, 0 bytes, Stack size 0 bytes, startup_stm32wle5xx.o(.text))
<BR>[Address Reference Count : 1]<UL><LI> startup_stm32wle5xx.o(RESET)
</UL>
<P><STRONG><a name="[14]"></a>EXTI4_IRQHandler</STRONG> (Thumb, 0 bytes, Stack size 0 bytes, startup_stm32wle5xx.o(.text))
<BR>[Address Reference Count : 1]<UL><LI> startup_stm32wle5xx.o(RESET)
</UL>
<P><STRONG><a name="[1f]"></a>EXTI9_5_IRQHandler</STRONG> (Thumb, 0 bytes, Stack size 0 bytes, startup_stm32wle5xx.o(.text))
<BR>[Address Reference Count : 1]<UL><LI> startup_stm32wle5xx.o(RESET)
</UL>
<P><STRONG><a name="[e]"></a>FLASH_IRQHandler</STRONG> (Thumb, 0 bytes, Stack size 0 bytes, startup_stm32wle5xx.o(.text))
<BR>[Address Reference Count : 1]<UL><LI> startup_stm32wle5xx.o(RESET)
</UL>
<P><STRONG><a name="[36]"></a>HSEM_IRQHandler</STRONG> (Thumb, 0 bytes, Stack size 0 bytes, startup_stm32wle5xx.o(.text))
<BR>[Address Reference Count : 1]<UL><LI> startup_stm32wle5xx.o(RESET)
</UL>
<P><STRONG><a name="[28]"></a>I2C1_ER_IRQHandler</STRONG> (Thumb, 0 bytes, Stack size 0 bytes, startup_stm32wle5xx.o(.text))
<BR>[Address Reference Count : 1]<UL><LI> startup_stm32wle5xx.o(RESET)
</UL>
<P><STRONG><a name="[27]"></a>I2C1_EV_IRQHandler</STRONG> (Thumb, 0 bytes, Stack size 0 bytes, startup_stm32wle5xx.o(.text))
<BR>[Address Reference Count : 1]<UL><LI> startup_stm32wle5xx.o(RESET)
</UL>
<P><STRONG><a name="[2a]"></a>I2C2_ER_IRQHandler</STRONG> (Thumb, 0 bytes, Stack size 0 bytes, startup_stm32wle5xx.o(.text))
<BR>[Address Reference Count : 1]<UL><LI> startup_stm32wle5xx.o(RESET)
</UL>
<P><STRONG><a name="[29]"></a>I2C2_EV_IRQHandler</STRONG> (Thumb, 0 bytes, Stack size 0 bytes, startup_stm32wle5xx.o(.text))
<BR>[Address Reference Count : 1]<UL><LI> startup_stm32wle5xx.o(RESET)
</UL>
<P><STRONG><a name="[38]"></a>I2C3_ER_IRQHandler</STRONG> (Thumb, 0 bytes, Stack size 0 bytes, startup_stm32wle5xx.o(.text))
<BR>[Address Reference Count : 1]<UL><LI> startup_stm32wle5xx.o(RESET)
</UL>
<P><STRONG><a name="[37]"></a>I2C3_EV_IRQHandler</STRONG> (Thumb, 0 bytes, Stack size 0 bytes, startup_stm32wle5xx.o(.text))
<BR>[Address Reference Count : 1]<UL><LI> startup_stm32wle5xx.o(RESET)
</UL>
<P><STRONG><a name="[30]"></a>LPTIM1_IRQHandler</STRONG> (Thumb, 0 bytes, Stack size 0 bytes, startup_stm32wle5xx.o(.text))
<BR>[Address Reference Count : 1]<UL><LI> startup_stm32wle5xx.o(RESET)
</UL>
<P><STRONG><a name="[31]"></a>LPTIM2_IRQHandler</STRONG> (Thumb, 0 bytes, Stack size 0 bytes, startup_stm32wle5xx.o(.text))
<BR>[Address Reference Count : 1]<UL><LI> startup_stm32wle5xx.o(RESET)
</UL>
<P><STRONG><a name="[34]"></a>LPTIM3_IRQHandler</STRONG> (Thumb, 0 bytes, Stack size 0 bytes, startup_stm32wle5xx.o(.text))
<BR>[Address Reference Count : 1]<UL><LI> startup_stm32wle5xx.o(RESET)
</UL>
<P><STRONG><a name="[2f]"></a>LPUART1_IRQHandler</STRONG> (Thumb, 0 bytes, Stack size 0 bytes, startup_stm32wle5xx.o(.text))
<BR>[Address Reference Count : 1]<UL><LI> startup_stm32wle5xx.o(RESET)
</UL>
<P><STRONG><a name="[3c]"></a>PKA_IRQHandler</STRONG> (Thumb, 0 bytes, Stack size 0 bytes, startup_stm32wle5xx.o(.text))
<BR>[Address Reference Count : 1]<UL><LI> startup_stm32wle5xx.o(RESET)
</UL>
<P><STRONG><a name="[b]"></a>PVD_PVM_IRQHandler</STRONG> (Thumb, 0 bytes, Stack size 0 bytes, startup_stm32wle5xx.o(.text))
<BR>[Address Reference Count : 1]<UL><LI> startup_stm32wle5xx.o(RESET)
</UL>
<P><STRONG><a name="[f]"></a>RCC_IRQHandler</STRONG> (Thumb, 0 bytes, Stack size 0 bytes, startup_stm32wle5xx.o(.text))
<BR>[Address Reference Count : 1]<UL><LI> startup_stm32wle5xx.o(RESET)
</UL>
<P><STRONG><a name="[3b]"></a>RNG_IRQHandler</STRONG> (Thumb, 0 bytes, Stack size 0 bytes, startup_stm32wle5xx.o(.text))
<BR>[Address Reference Count : 1]<UL><LI> startup_stm32wle5xx.o(RESET)
</UL>
<P><STRONG><a name="[d]"></a>RTC_WKUP_IRQHandler</STRONG> (Thumb, 0 bytes, Stack size 0 bytes, startup_stm32wle5xx.o(.text))
<BR>[Address Reference Count : 1]<UL><LI> startup_stm32wle5xx.o(RESET)
</UL>
<P><STRONG><a name="[2b]"></a>SPI1_IRQHandler</STRONG> (Thumb, 0 bytes, Stack size 0 bytes, startup_stm32wle5xx.o(.text))
<BR>[Address Reference Count : 1]<UL><LI> startup_stm32wle5xx.o(RESET)
</UL>
<P><STRONG><a name="[2c]"></a>SPI2_IRQHandler</STRONG> (Thumb, 0 bytes, Stack size 0 bytes, startup_stm32wle5xx.o(.text))
<BR>[Address Reference Count : 1]<UL><LI> startup_stm32wle5xx.o(RESET)
</UL>
<P><STRONG><a name="[35]"></a>SUBGHZSPI_IRQHandler</STRONG> (Thumb, 0 bytes, Stack size 0 bytes, startup_stm32wle5xx.o(.text))
<BR>[Address Reference Count : 1]<UL><LI> startup_stm32wle5xx.o(RESET)
</UL>
<P><STRONG><a name="[26]"></a>TIM17_IRQHandler</STRONG> (Thumb, 0 bytes, Stack size 0 bytes, startup_stm32wle5xx.o(.text))
<BR>[Address Reference Count : 1]<UL><LI> startup_stm32wle5xx.o(RESET)
</UL>
<P><STRONG><a name="[20]"></a>TIM1_BRK_IRQHandler</STRONG> (Thumb, 0 bytes, Stack size 0 bytes, startup_stm32wle5xx.o(.text))
<BR>[Address Reference Count : 1]<UL><LI> startup_stm32wle5xx.o(RESET)
</UL>
<P><STRONG><a name="[23]"></a>TIM1_CC_IRQHandler</STRONG> (Thumb, 0 bytes, Stack size 0 bytes, startup_stm32wle5xx.o(.text))
<BR>[Address Reference Count : 1]<UL><LI> startup_stm32wle5xx.o(RESET)
</UL>
<P><STRONG><a name="[22]"></a>TIM1_TRG_COM_IRQHandler</STRONG> (Thumb, 0 bytes, Stack size 0 bytes, startup_stm32wle5xx.o(.text))
<BR>[Address Reference Count : 1]<UL><LI> startup_stm32wle5xx.o(RESET)
</UL>
<P><STRONG><a name="[21]"></a>TIM1_UP_IRQHandler</STRONG> (Thumb, 0 bytes, Stack size 0 bytes, startup_stm32wle5xx.o(.text))
<BR>[Address Reference Count : 1]<UL><LI> startup_stm32wle5xx.o(RESET)
</UL>
<P><STRONG><a name="[24]"></a>TIM2_IRQHandler</STRONG> (Thumb, 0 bytes, Stack size 0 bytes, startup_stm32wle5xx.o(.text))
<BR>[Address Reference Count : 1]<UL><LI> startup_stm32wle5xx.o(RESET)
</UL>
<P><STRONG><a name="[2d]"></a>USART1_IRQHandler</STRONG> (Thumb, 0 bytes, Stack size 0 bytes, startup_stm32wle5xx.o(.text))
<BR>[Address Reference Count : 1]<UL><LI> startup_stm32wle5xx.o(RESET)
</UL>
<P><STRONG><a name="[a]"></a>WWDG_IRQHandler</STRONG> (Thumb, 0 bytes, Stack size 0 bytes, startup_stm32wle5xx.o(.text))
<BR>[Address Reference Count : 1]<UL><LI> startup_stm32wle5xx.o(RESET)
</UL>
<P><STRONG><a name="[1da]"></a>hw_interrupt_disable</STRONG> (Thumb, 8 bytes, Stack size 0 bytes, context_rvds.o(.text))
<BR><BR>[Called By]<UL><LI><a href="#[1e4]">&gt;&gt;</a>&nbsp;&nbsp;&nbsp;sht_thread_init
<LI><a href="#[1e6]">&gt;&gt;</a>&nbsp;&nbsp;&nbsp;sht_resume_thread
<LI><a href="#[5c]">&gt;&gt;</a>&nbsp;&nbsp;&nbsp;comm_policy_thread_init
<LI><a href="#[1fe]">&gt;&gt;</a>&nbsp;&nbsp;&nbsp;sht_policy_thread_init
<LI><a href="#[60]">&gt;&gt;</a>&nbsp;&nbsp;&nbsp;period_policy_thread_init
<LI><a href="#[1fc]">&gt;&gt;</a>&nbsp;&nbsp;&nbsp;sht_get_free_pool
<LI><a href="#[1d8]">&gt;&gt;</a>&nbsp;&nbsp;&nbsp;buddy_free
<LI><a href="#[1e1]">&gt;&gt;</a>&nbsp;&nbsp;&nbsp;r_malloc
<LI><a href="#[1ee]">&gt;&gt;</a>&nbsp;&nbsp;&nbsp;interrupt_get_nest
<LI><a href="#[1f8]">&gt;&gt;</a>&nbsp;&nbsp;&nbsp;sht_get_res
<LI><a href="#[5e]">&gt;&gt;</a>&nbsp;&nbsp;&nbsp;daem
<LI><a href="#[225]">&gt;&gt;</a>&nbsp;&nbsp;&nbsp;sht_suspend_thread
<LI><a href="#[209]">&gt;&gt;</a>&nbsp;&nbsp;&nbsp;sht_kill_thread
</UL>

<P><STRONG><a name="[1db]"></a>hw_interrupt_enable</STRONG> (Thumb, 6 bytes, Stack size 0 bytes, context_rvds.o(.text))
<BR><BR>[Called By]<UL><LI><a href="#[1e4]">&gt;&gt;</a>&nbsp;&nbsp;&nbsp;sht_thread_init
<LI><a href="#[1e6]">&gt;&gt;</a>&nbsp;&nbsp;&nbsp;sht_resume_thread
<LI><a href="#[5c]">&gt;&gt;</a>&nbsp;&nbsp;&nbsp;comm_policy_thread_init
<LI><a href="#[1fe]">&gt;&gt;</a>&nbsp;&nbsp;&nbsp;sht_policy_thread_init
<LI><a href="#[60]">&gt;&gt;</a>&nbsp;&nbsp;&nbsp;period_policy_thread_init
<LI><a href="#[1fc]">&gt;&gt;</a>&nbsp;&nbsp;&nbsp;sht_get_free_pool
<LI><a href="#[1d8]">&gt;&gt;</a>&nbsp;&nbsp;&nbsp;buddy_free
<LI><a href="#[1e1]">&gt;&gt;</a>&nbsp;&nbsp;&nbsp;r_malloc
<LI><a href="#[1ee]">&gt;&gt;</a>&nbsp;&nbsp;&nbsp;interrupt_get_nest
<LI><a href="#[1f8]">&gt;&gt;</a>&nbsp;&nbsp;&nbsp;sht_get_res
<LI><a href="#[5e]">&gt;&gt;</a>&nbsp;&nbsp;&nbsp;daem
<LI><a href="#[225]">&gt;&gt;</a>&nbsp;&nbsp;&nbsp;sht_suspend_thread
<LI><a href="#[209]">&gt;&gt;</a>&nbsp;&nbsp;&nbsp;sht_kill_thread
</UL>

<P><STRONG><a name="[21f]"></a>hw_context_switch</STRONG> (Thumb, 32 bytes, Stack size 0 bytes, context_rvds.o(.text))
<BR><BR>[Called By]<UL><LI><a href="#[21b]">&gt;&gt;</a>&nbsp;&nbsp;&nbsp;sht_real_sched
</UL>

<P><STRONG><a name="[234]"></a>hw_context_switch_interrupt</STRONG> (Thumb, 0 bytes, Stack size 0 bytes, context_rvds.o(.text), UNUSED)

<P><STRONG><a name="[8]"></a>PendSV_Handler</STRONG> (Thumb, 60 bytes, Stack size 0 bytes, context_rvds.o(.text))
<BR>[Address Reference Count : 1]<UL><LI> startup_stm32wle5xx.o(RESET)
</UL>
<P><STRONG><a name="[21e]"></a>hw_context_switch_to</STRONG> (Thumb, 64 bytes, Stack size 0 bytes, context_rvds.o(.text))
<BR><BR>[Called By]<UL><LI><a href="#[21b]">&gt;&gt;</a>&nbsp;&nbsp;&nbsp;sht_real_sched
<LI><a href="#[1fa]">&gt;&gt;</a>&nbsp;&nbsp;&nbsp;sht_start_os
</UL>

<P><STRONG><a name="[235]"></a>hw_interrupt_thread_switch</STRONG> (Thumb, 2 bytes, Stack size 0 bytes, context_rvds.o(.text), UNUSED)

<P><STRONG><a name="[2]"></a>HardFault_Handler</STRONG> (Thumb, 52 bytes, Stack size 0 bytes, context_rvds.o(.text))
<BR><BR>[Stack]<UL><LI>Max Depth = 352<LI>Call Chain = HardFault_Handler &rArr; hw_hard_fault_exception &rArr; sht_print &rArr; vprint &rArr; HAL_UART_Transmit &rArr; UART_WaitOnFlagUntilTimeout &rArr; HAL_GetTick &rArr; TIMER_IF_GetTimerValue
</UL>
<BR>[Calls]<UL><LI><a href="#[9e]">&gt;&gt;</a>&nbsp;&nbsp;&nbsp;hw_hard_fault_exception
</UL>
<BR>[Address Reference Count : 1]<UL><LI> startup_stm32wle5xx.o(RESET)
</UL>
<P><STRONG><a name="[9f]"></a>__aeabi_uldivmod</STRONG> (Thumb, 98 bytes, Stack size 40 bytes, uldiv.o(.text))
<BR><BR>[Stack]<UL><LI>Max Depth = 40<LI>Call Chain = __aeabi_uldivmod
</UL>
<BR>[Calls]<UL><LI><a href="#[a0]">&gt;&gt;</a>&nbsp;&nbsp;&nbsp;__aeabi_llsr
<LI><a href="#[a1]">&gt;&gt;</a>&nbsp;&nbsp;&nbsp;__aeabi_llsl
</UL>
<BR>[Called By]<UL><LI><a href="#[6e]">&gt;&gt;</a>&nbsp;&nbsp;&nbsp;TIMER_IF_Convert_ms2Tick
<LI><a href="#[17e]">&gt;&gt;</a>&nbsp;&nbsp;&nbsp;SUBGRF_SetRfFrequency
<LI><a href="#[184]">&gt;&gt;</a>&nbsp;&nbsp;&nbsp;SUBGRF_SetModulationParams
<LI><a href="#[133]">&gt;&gt;</a>&nbsp;&nbsp;&nbsp;UART_SetConfig
<LI><a href="#[1d2]">&gt;&gt;</a>&nbsp;&nbsp;&nbsp;_printf_core
<LI><a href="#[1d3]">&gt;&gt;</a>&nbsp;&nbsp;&nbsp;_fp_digits
</UL>

<P><STRONG><a name="[149]"></a>__aeabi_memcpy</STRONG> (Thumb, 36 bytes, Stack size 0 bytes, memcpya.o(.text))
<BR><BR>[Called By]<UL><LI><a href="#[51]">&gt;&gt;</a>&nbsp;&nbsp;&nbsp;OnRxDone
</UL>

<P><STRONG><a name="[236]"></a>__aeabi_memcpy4</STRONG> (Thumb, 0 bytes, Stack size 0 bytes, memcpya.o(.text), UNUSED)

<P><STRONG><a name="[237]"></a>__aeabi_memcpy8</STRONG> (Thumb, 0 bytes, Stack size 0 bytes, memcpya.o(.text), UNUSED)

<P><STRONG><a name="[a3]"></a>__aeabi_memset</STRONG> (Thumb, 14 bytes, Stack size 0 bytes, memseta.o(.text))
<BR><BR>[Called By]<UL><LI><a href="#[a4]">&gt;&gt;</a>&nbsp;&nbsp;&nbsp;_memset$wrapper
<LI><a href="#[a2]">&gt;&gt;</a>&nbsp;&nbsp;&nbsp;__aeabi_memclr
</UL>

<P><STRONG><a name="[238]"></a>__aeabi_memset4</STRONG> (Thumb, 0 bytes, Stack size 0 bytes, memseta.o(.text), UNUSED)

<P><STRONG><a name="[239]"></a>__aeabi_memset8</STRONG> (Thumb, 0 bytes, Stack size 0 bytes, memseta.o(.text), UNUSED)

<P><STRONG><a name="[a2]"></a>__aeabi_memclr</STRONG> (Thumb, 4 bytes, Stack size 0 bytes, memseta.o(.text))
<BR><BR>[Calls]<UL><LI><a href="#[a3]">&gt;&gt;</a>&nbsp;&nbsp;&nbsp;__aeabi_memset
</UL>
<BR>[Called By]<UL><LI><a href="#[146]">&gt;&gt;</a>&nbsp;&nbsp;&nbsp;SubghzApp_Init
</UL>

<P><STRONG><a name="[b2]"></a>__aeabi_memclr4</STRONG> (Thumb, 0 bytes, Stack size 0 bytes, memseta.o(.text))
<BR><BR>[Called By]<UL><LI><a href="#[141]">&gt;&gt;</a>&nbsp;&nbsp;&nbsp;MX_RTC_Init
<LI><a href="#[f1]">&gt;&gt;</a>&nbsp;&nbsp;&nbsp;HAL_RTC_MspInit
<LI><a href="#[b6]">&gt;&gt;</a>&nbsp;&nbsp;&nbsp;MX_GPIO_Init
<LI><a href="#[1b3]">&gt;&gt;</a>&nbsp;&nbsp;&nbsp;SystemClock_Config
<LI><a href="#[b1]">&gt;&gt;</a>&nbsp;&nbsp;&nbsp;BSP_RADIO_Init
<LI><a href="#[51]">&gt;&gt;</a>&nbsp;&nbsp;&nbsp;OnRxDone
<LI><a href="#[132]">&gt;&gt;</a>&nbsp;&nbsp;&nbsp;HAL_UART_MspInit
<LI><a href="#[67]">&gt;&gt;</a>&nbsp;&nbsp;&nbsp;TIMER_IF_StartTimer
</UL>

<P><STRONG><a name="[23a]"></a>__aeabi_memclr8</STRONG> (Thumb, 0 bytes, Stack size 0 bytes, memseta.o(.text), UNUSED)

<P><STRONG><a name="[a4]"></a>_memset$wrapper</STRONG> (Thumb, 18 bytes, Stack size 8 bytes, memseta.o(.text), UNUSED)
<BR><BR>[Calls]<UL><LI><a href="#[a3]">&gt;&gt;</a>&nbsp;&nbsp;&nbsp;__aeabi_memset
</UL>

<P><STRONG><a name="[1c5]"></a>strlen</STRONG> (Thumb, 14 bytes, Stack size 0 bytes, strlen.o(.text))
<BR><BR>[Called By]<UL><LI><a href="#[1ca]">&gt;&gt;</a>&nbsp;&nbsp;&nbsp;tiny_vsnprintf_like
<LI><a href="#[55]">&gt;&gt;</a>&nbsp;&nbsp;&nbsp;TimestampNow
<LI><a href="#[216]">&gt;&gt;</a>&nbsp;&nbsp;&nbsp;vprint
</UL>

<P><STRONG><a name="[14d]"></a>strncmp</STRONG> (Thumb, 30 bytes, Stack size 12 bytes, strncmp.o(.text))
<BR><BR>[Stack]<UL><LI>Max Depth = 12<LI>Call Chain = strncmp
</UL>
<BR>[Called By]<UL><LI><a href="#[65]">&gt;&gt;</a>&nbsp;&nbsp;&nbsp;PingPong_Process
</UL>

<P><STRONG><a name="[23b]"></a>__aeabi_uidiv</STRONG> (Thumb, 0 bytes, Stack size 12 bytes, uidiv.o(.text), UNUSED)

<P><STRONG><a name="[1d7]"></a>__aeabi_uidivmod</STRONG> (Thumb, 44 bytes, Stack size 12 bytes, uidiv.o(.text), UNUSED)
<BR><BR>[Called By]<UL><LI><a href="#[1d2]">&gt;&gt;</a>&nbsp;&nbsp;&nbsp;_printf_core
</UL>

<P><STRONG><a name="[a1]"></a>__aeabi_llsl</STRONG> (Thumb, 30 bytes, Stack size 0 bytes, llshl.o(.text))
<BR><BR>[Called By]<UL><LI><a href="#[a7]">&gt;&gt;</a>&nbsp;&nbsp;&nbsp;_double_epilogue
<LI><a href="#[a5]">&gt;&gt;</a>&nbsp;&nbsp;&nbsp;__aeabi_dadd
<LI><a href="#[ad]">&gt;&gt;</a>&nbsp;&nbsp;&nbsp;__aeabi_d2ulz
<LI><a href="#[9f]">&gt;&gt;</a>&nbsp;&nbsp;&nbsp;__aeabi_uldivmod
</UL>

<P><STRONG><a name="[23c]"></a>_ll_shift_l</STRONG> (Thumb, 0 bytes, Stack size 0 bytes, llshl.o(.text), UNUSED)

<P><STRONG><a name="[a0]"></a>__aeabi_llsr</STRONG> (Thumb, 32 bytes, Stack size 0 bytes, llushr.o(.text))
<BR><BR>[Called By]<UL><LI><a href="#[a7]">&gt;&gt;</a>&nbsp;&nbsp;&nbsp;_double_epilogue
<LI><a href="#[ad]">&gt;&gt;</a>&nbsp;&nbsp;&nbsp;__aeabi_d2ulz
<LI><a href="#[9f]">&gt;&gt;</a>&nbsp;&nbsp;&nbsp;__aeabi_uldivmod
</UL>

<P><STRONG><a name="[23d]"></a>_ll_ushift_r</STRONG> (Thumb, 0 bytes, Stack size 0 bytes, llushr.o(.text), UNUSED)

<P><STRONG><a name="[23e]"></a>__I$use$fp</STRONG> (Thumb, 0 bytes, Stack size 48 bytes, iusefp.o(.text), UNUSED)

<P><STRONG><a name="[a5]"></a>__aeabi_dadd</STRONG> (Thumb, 322 bytes, Stack size 48 bytes, dadd.o(.text), UNUSED)
<BR><BR>[Calls]<UL><LI><a href="#[a6]">&gt;&gt;</a>&nbsp;&nbsp;&nbsp;__aeabi_lasr
<LI><a href="#[a8]">&gt;&gt;</a>&nbsp;&nbsp;&nbsp;_double_round
<LI><a href="#[a7]">&gt;&gt;</a>&nbsp;&nbsp;&nbsp;_double_epilogue
<LI><a href="#[a1]">&gt;&gt;</a>&nbsp;&nbsp;&nbsp;__aeabi_llsl
</UL>
<BR>[Called By]<UL><LI><a href="#[aa]">&gt;&gt;</a>&nbsp;&nbsp;&nbsp;__aeabi_drsub
<LI><a href="#[a9]">&gt;&gt;</a>&nbsp;&nbsp;&nbsp;__aeabi_dsub
<LI><a href="#[1d3]">&gt;&gt;</a>&nbsp;&nbsp;&nbsp;_fp_digits
</UL>

<P><STRONG><a name="[a9]"></a>__aeabi_dsub</STRONG> (Thumb, 6 bytes, Stack size 0 bytes, dadd.o(.text), UNUSED)
<BR><BR>[Calls]<UL><LI><a href="#[a5]">&gt;&gt;</a>&nbsp;&nbsp;&nbsp;__aeabi_dadd
</UL>

<P><STRONG><a name="[aa]"></a>__aeabi_drsub</STRONG> (Thumb, 6 bytes, Stack size 0 bytes, dadd.o(.text), UNUSED)
<BR><BR>[Calls]<UL><LI><a href="#[a5]">&gt;&gt;</a>&nbsp;&nbsp;&nbsp;__aeabi_dadd
</UL>

<P><STRONG><a name="[ab]"></a>__aeabi_dmul</STRONG> (Thumb, 228 bytes, Stack size 48 bytes, dmul.o(.text), UNUSED)
<BR><BR>[Calls]<UL><LI><a href="#[a7]">&gt;&gt;</a>&nbsp;&nbsp;&nbsp;_double_epilogue
</UL>
<BR>[Called By]<UL><LI><a href="#[1d3]">&gt;&gt;</a>&nbsp;&nbsp;&nbsp;_fp_digits
</UL>

<P><STRONG><a name="[ac]"></a>__aeabi_ddiv</STRONG> (Thumb, 222 bytes, Stack size 32 bytes, ddiv.o(.text), UNUSED)
<BR><BR>[Calls]<UL><LI><a href="#[a8]">&gt;&gt;</a>&nbsp;&nbsp;&nbsp;_double_round
</UL>
<BR>[Called By]<UL><LI><a href="#[1d3]">&gt;&gt;</a>&nbsp;&nbsp;&nbsp;_fp_digits
</UL>

<P><STRONG><a name="[ad]"></a>__aeabi_d2ulz</STRONG> (Thumb, 48 bytes, Stack size 0 bytes, dfixul.o(.text), UNUSED)
<BR><BR>[Calls]<UL><LI><a href="#[a0]">&gt;&gt;</a>&nbsp;&nbsp;&nbsp;__aeabi_llsr
<LI><a href="#[a1]">&gt;&gt;</a>&nbsp;&nbsp;&nbsp;__aeabi_llsl
</UL>
<BR>[Called By]<UL><LI><a href="#[1d3]">&gt;&gt;</a>&nbsp;&nbsp;&nbsp;_fp_digits
</UL>

<P><STRONG><a name="[1d4]"></a>__aeabi_cdrcmple</STRONG> (Thumb, 48 bytes, Stack size 0 bytes, cdrcmple.o(.text), UNUSED)
<BR><BR>[Called By]<UL><LI><a href="#[1d3]">&gt;&gt;</a>&nbsp;&nbsp;&nbsp;_fp_digits
</UL>

<P><STRONG><a name="[9d]"></a>__scatterload</STRONG> (Thumb, 28 bytes, Stack size 0 bytes, init.o(.text))
<BR><BR>[Calls]<UL><LI><a href="#[ae]">&gt;&gt;</a>&nbsp;&nbsp;&nbsp;__main_after_scatterload
</UL>
<BR>[Called By]<UL><LI><a href="#[9c]">&gt;&gt;</a>&nbsp;&nbsp;&nbsp;_main_scatterload
</UL>

<P><STRONG><a name="[23f]"></a>__scatterload_rt2</STRONG> (Thumb, 0 bytes, Stack size 0 bytes, init.o(.text), UNUSED)

<P><STRONG><a name="[a6]"></a>__aeabi_lasr</STRONG> (Thumb, 36 bytes, Stack size 0 bytes, llsshr.o(.text), UNUSED)
<BR><BR>[Called By]<UL><LI><a href="#[a5]">&gt;&gt;</a>&nbsp;&nbsp;&nbsp;__aeabi_dadd
</UL>

<P><STRONG><a name="[240]"></a>_ll_sshift_r</STRONG> (Thumb, 0 bytes, Stack size 0 bytes, llsshr.o(.text), UNUSED)

<P><STRONG><a name="[a8]"></a>_double_round</STRONG> (Thumb, 30 bytes, Stack size 8 bytes, depilogue.o(.text), UNUSED)
<BR><BR>[Called By]<UL><LI><a href="#[a7]">&gt;&gt;</a>&nbsp;&nbsp;&nbsp;_double_epilogue
<LI><a href="#[ac]">&gt;&gt;</a>&nbsp;&nbsp;&nbsp;__aeabi_ddiv
<LI><a href="#[a5]">&gt;&gt;</a>&nbsp;&nbsp;&nbsp;__aeabi_dadd
</UL>

<P><STRONG><a name="[a7]"></a>_double_epilogue</STRONG> (Thumb, 156 bytes, Stack size 32 bytes, depilogue.o(.text), UNUSED)
<BR><BR>[Calls]<UL><LI><a href="#[a8]">&gt;&gt;</a>&nbsp;&nbsp;&nbsp;_double_round
<LI><a href="#[a0]">&gt;&gt;</a>&nbsp;&nbsp;&nbsp;__aeabi_llsr
<LI><a href="#[a1]">&gt;&gt;</a>&nbsp;&nbsp;&nbsp;__aeabi_llsl
</UL>
<BR>[Called By]<UL><LI><a href="#[ab]">&gt;&gt;</a>&nbsp;&nbsp;&nbsp;__aeabi_dmul
<LI><a href="#[a5]">&gt;&gt;</a>&nbsp;&nbsp;&nbsp;__aeabi_dadd
</UL>

<P><STRONG><a name="[af]"></a>BSP_RADIO_ConfigRFSwitch</STRONG> (Thumb, 138 bytes, Stack size 8 bytes, stm32wlxx_lm403_radio.o(i.BSP_RADIO_ConfigRFSwitch))
<BR><BR>[Stack]<UL><LI>Max Depth = 8<LI>Call Chain = BSP_RADIO_ConfigRFSwitch
</UL>
<BR>[Calls]<UL><LI><a href="#[b0]">&gt;&gt;</a>&nbsp;&nbsp;&nbsp;HAL_GPIO_WritePin
</UL>
<BR>[Called By]<UL><LI><a href="#[14f]">&gt;&gt;</a>&nbsp;&nbsp;&nbsp;RBI_ConfigRFSwitch
</UL>

<P><STRONG><a name="[151]"></a>BSP_RADIO_GetRFOMaxPowerConfig</STRONG> (Thumb, 12 bytes, Stack size 0 bytes, stm32wlxx_lm403_radio.o(i.BSP_RADIO_GetRFOMaxPowerConfig))
<BR><BR>[Called By]<UL><LI><a href="#[150]">&gt;&gt;</a>&nbsp;&nbsp;&nbsp;RBI_GetRFOMaxPowerConfig
</UL>

<P><STRONG><a name="[153]"></a>BSP_RADIO_GetTxConfig</STRONG> (Thumb, 4 bytes, Stack size 0 bytes, stm32wlxx_lm403_radio.o(i.BSP_RADIO_GetTxConfig))
<BR><BR>[Called By]<UL><LI><a href="#[152]">&gt;&gt;</a>&nbsp;&nbsp;&nbsp;RBI_GetTxConfig
</UL>

<P><STRONG><a name="[b1]"></a>BSP_RADIO_Init</STRONG> (Thumb, 98 bytes, Stack size 24 bytes, stm32wlxx_lm403_radio.o(i.BSP_RADIO_Init))
<BR><BR>[Stack]<UL><LI>Max Depth = 40<LI>Call Chain = BSP_RADIO_Init &rArr; HAL_GPIO_Init
</UL>
<BR>[Calls]<UL><LI><a href="#[b0]">&gt;&gt;</a>&nbsp;&nbsp;&nbsp;HAL_GPIO_WritePin
<LI><a href="#[b4]">&gt;&gt;</a>&nbsp;&nbsp;&nbsp;HAL_GPIO_Init
<LI><a href="#[b2]">&gt;&gt;</a>&nbsp;&nbsp;&nbsp;__aeabi_memclr4
<LI><a href="#[b3]">&gt;&gt;</a>&nbsp;&nbsp;&nbsp;LL_AHB2_GRP1_EnableClock
</UL>
<BR>[Called By]<UL><LI><a href="#[154]">&gt;&gt;</a>&nbsp;&nbsp;&nbsp;RBI_Init
</UL>

<P><STRONG><a name="[156]"></a>BSP_RADIO_IsDCDC</STRONG> (Thumb, 4 bytes, Stack size 0 bytes, stm32wlxx_lm403_radio.o(i.BSP_RADIO_IsDCDC))
<BR><BR>[Called By]<UL><LI><a href="#[155]">&gt;&gt;</a>&nbsp;&nbsp;&nbsp;RBI_IsDCDC
</UL>

<P><STRONG><a name="[158]"></a>BSP_RADIO_IsTCXO</STRONG> (Thumb, 4 bytes, Stack size 0 bytes, stm32wlxx_lm403_radio.o(i.BSP_RADIO_IsTCXO))
<BR><BR>[Called By]<UL><LI><a href="#[157]">&gt;&gt;</a>&nbsp;&nbsp;&nbsp;RBI_IsTCXO
</UL>

<P><STRONG><a name="[b5]"></a>Board_Init</STRONG> (Thumb, 8 bytes, Stack size 8 bytes, gpio.o(i.Board_Init))
<BR><BR>[Stack]<UL><LI>Max Depth = 48<LI>Call Chain = Board_Init &rArr; MX_GPIO_Init &rArr; HAL_GPIO_Init
</UL>
<BR>[Calls]<UL><LI><a href="#[b6]">&gt;&gt;</a>&nbsp;&nbsp;&nbsp;MX_GPIO_Init
</UL>
<BR>[Called By]<UL><LI><a href="#[45]">&gt;&gt;</a>&nbsp;&nbsp;&nbsp;main
</UL>

<P><STRONG><a name="[4]"></a>BusFault_Handler</STRONG> (Thumb, 4 bytes, Stack size 0 bytes, stm32wlxx_it.o(i.BusFault_Handler))
<BR>[Address Reference Count : 1]<UL><LI> startup_stm32wle5xx.o(RESET)
</UL>
<P><STRONG><a name="[19]"></a>DMA1_Channel5_IRQHandler</STRONG> (Thumb, 10 bytes, Stack size 8 bytes, stm32wlxx_it.o(i.DMA1_Channel5_IRQHandler))
<BR><BR>[Stack]<UL><LI>Max Depth = 24<LI>Call Chain = DMA1_Channel5_IRQHandler &rArr; HAL_DMA_IRQHandler
</UL>
<BR>[Calls]<UL><LI><a href="#[b7]">&gt;&gt;</a>&nbsp;&nbsp;&nbsp;HAL_DMA_IRQHandler
</UL>
<BR>[Address Reference Count : 1]<UL><LI> startup_stm32wle5xx.o(RESET)
</UL>
<P><STRONG><a name="[7]"></a>DebugMon_Handler</STRONG> (Thumb, 2 bytes, Stack size 0 bytes, stm32wlxx_it.o(i.DebugMon_Handler))
<BR>[Address Reference Count : 1]<UL><LI> startup_stm32wle5xx.o(RESET)
</UL>
<P><STRONG><a name="[10]"></a>EXTI0_IRQHandler</STRONG> (Thumb, 10 bytes, Stack size 8 bytes, stm32wlxx_it.o(i.EXTI0_IRQHandler))
<BR><BR>[Stack]<UL><LI>Max Depth = 16<LI>Call Chain = EXTI0_IRQHandler &rArr; HAL_GPIO_EXTI_IRQHandler
</UL>
<BR>[Calls]<UL><LI><a href="#[b8]">&gt;&gt;</a>&nbsp;&nbsp;&nbsp;HAL_GPIO_EXTI_IRQHandler
</UL>
<BR>[Address Reference Count : 1]<UL><LI> startup_stm32wle5xx.o(RESET)
</UL>
<P><STRONG><a name="[f4]"></a>Error_Handler</STRONG> (Thumb, 6 bytes, Stack size 0 bytes, main.o(i.Error_Handler))
<BR><BR>[Called By]<UL><LI><a href="#[143]">&gt;&gt;</a>&nbsp;&nbsp;&nbsp;MX_SUBGHZ_Init
<LI><a href="#[141]">&gt;&gt;</a>&nbsp;&nbsp;&nbsp;MX_RTC_Init
<LI><a href="#[f1]">&gt;&gt;</a>&nbsp;&nbsp;&nbsp;HAL_RTC_MspInit
<LI><a href="#[1b3]">&gt;&gt;</a>&nbsp;&nbsp;&nbsp;SystemClock_Config
<LI><a href="#[132]">&gt;&gt;</a>&nbsp;&nbsp;&nbsp;HAL_UART_MspInit
<LI><a href="#[147]">&gt;&gt;</a>&nbsp;&nbsp;&nbsp;MX_USART2_UART_Init
<LI><a href="#[67]">&gt;&gt;</a>&nbsp;&nbsp;&nbsp;TIMER_IF_StartTimer
</UL>

<P><STRONG><a name="[12b]"></a>HAL_DMA_Abort</STRONG> (Thumb, 134 bytes, Stack size 0 bytes, stm32wlxx_hal_dma.o(i.HAL_DMA_Abort))
<BR><BR>[Called By]<UL><LI><a href="#[127]">&gt;&gt;</a>&nbsp;&nbsp;&nbsp;HAL_UART_IRQHandler
</UL>

<P><STRONG><a name="[129]"></a>HAL_DMA_Abort_IT</STRONG> (Thumb, 132 bytes, Stack size 16 bytes, stm32wlxx_hal_dma.o(i.HAL_DMA_Abort_IT))
<BR><BR>[Stack]<UL><LI>Max Depth = 16<LI>Call Chain = HAL_DMA_Abort_IT
</UL>
<BR>[Called By]<UL><LI><a href="#[127]">&gt;&gt;</a>&nbsp;&nbsp;&nbsp;HAL_UART_IRQHandler
</UL>

<P><STRONG><a name="[b9]"></a>HAL_DMA_DeInit</STRONG> (Thumb, 178 bytes, Stack size 8 bytes, stm32wlxx_hal_dma.o(i.HAL_DMA_DeInit))
<BR><BR>[Stack]<UL><LI>Max Depth = 8<LI>Call Chain = HAL_DMA_DeInit
</UL>
<BR>[Calls]<UL><LI><a href="#[bb]">&gt;&gt;</a>&nbsp;&nbsp;&nbsp;DMA_CalcDMAMUXRequestGenBaseAndMask
<LI><a href="#[ba]">&gt;&gt;</a>&nbsp;&nbsp;&nbsp;DMA_CalcDMAMUXChannelBaseAndMask
</UL>
<BR>[Called By]<UL><LI><a href="#[136]">&gt;&gt;</a>&nbsp;&nbsp;&nbsp;HAL_UART_MspDeInit
</UL>

<P><STRONG><a name="[b7]"></a>HAL_DMA_IRQHandler</STRONG> (Thumb, 284 bytes, Stack size 16 bytes, stm32wlxx_hal_dma.o(i.HAL_DMA_IRQHandler))
<BR><BR>[Stack]<UL><LI>Max Depth = 16<LI>Call Chain = HAL_DMA_IRQHandler
</UL>
<BR>[Called By]<UL><LI><a href="#[19]">&gt;&gt;</a>&nbsp;&nbsp;&nbsp;DMA1_Channel5_IRQHandler
</UL>

<P><STRONG><a name="[bc]"></a>HAL_DMA_Init</STRONG> (Thumb, 216 bytes, Stack size 8 bytes, stm32wlxx_hal_dma.o(i.HAL_DMA_Init))
<BR><BR>[Stack]<UL><LI>Max Depth = 8<LI>Call Chain = HAL_DMA_Init
</UL>
<BR>[Calls]<UL><LI><a href="#[bb]">&gt;&gt;</a>&nbsp;&nbsp;&nbsp;DMA_CalcDMAMUXRequestGenBaseAndMask
<LI><a href="#[ba]">&gt;&gt;</a>&nbsp;&nbsp;&nbsp;DMA_CalcDMAMUXChannelBaseAndMask
</UL>
<BR>[Called By]<UL><LI><a href="#[132]">&gt;&gt;</a>&nbsp;&nbsp;&nbsp;HAL_UART_MspInit
</UL>

<P><STRONG><a name="[bd]"></a>HAL_DMA_Start_IT</STRONG> (Thumb, 198 bytes, Stack size 24 bytes, stm32wlxx_hal_dma.o(i.HAL_DMA_Start_IT))
<BR><BR>[Stack]<UL><LI>Max Depth = 36<LI>Call Chain = HAL_DMA_Start_IT &rArr; DMA_SetConfig
</UL>
<BR>[Calls]<UL><LI><a href="#[be]">&gt;&gt;</a>&nbsp;&nbsp;&nbsp;DMA_SetConfig
</UL>
<BR>[Called By]<UL><LI><a href="#[13d]">&gt;&gt;</a>&nbsp;&nbsp;&nbsp;HAL_UART_Transmit_DMA
</UL>

<P><STRONG><a name="[bf]"></a>HAL_Delay</STRONG> (Thumb, 10 bytes, Stack size 8 bytes, sys_app.o(i.HAL_Delay))
<BR><BR>[Stack]<UL><LI>Max Depth = 88<LI>Call Chain = HAL_Delay &rArr; TIMER_IF_DelayMs &rArr; TIMER_IF_Convert_ms2Tick &rArr; __aeabi_uldivmod
</UL>
<BR>[Calls]<UL><LI><a href="#[c0]">&gt;&gt;</a>&nbsp;&nbsp;&nbsp;TIMER_IF_DelayMs
</UL>
<BR>[Called By]<UL><LI><a href="#[65]">&gt;&gt;</a>&nbsp;&nbsp;&nbsp;PingPong_Process
<LI><a href="#[84]">&gt;&gt;</a>&nbsp;&nbsp;&nbsp;RadioSleep
<LI><a href="#[7d]">&gt;&gt;</a>&nbsp;&nbsp;&nbsp;RadioIsChannelFree
</UL>

<P><STRONG><a name="[137]"></a>HAL_GPIO_DeInit</STRONG> (Thumb, 242 bytes, Stack size 20 bytes, stm32wlxx_hal_gpio.o(i.HAL_GPIO_DeInit))
<BR><BR>[Stack]<UL><LI>Max Depth = 20<LI>Call Chain = HAL_GPIO_DeInit
</UL>
<BR>[Called By]<UL><LI><a href="#[136]">&gt;&gt;</a>&nbsp;&nbsp;&nbsp;HAL_UART_MspDeInit
</UL>

<P><STRONG><a name="[c1]"></a>HAL_GPIO_EXTI_Callback</STRONG> (Thumb, 2 bytes, Stack size 0 bytes, stm32wlxx_hal_gpio.o(i.HAL_GPIO_EXTI_Callback))
<BR><BR>[Called By]<UL><LI><a href="#[b8]">&gt;&gt;</a>&nbsp;&nbsp;&nbsp;HAL_GPIO_EXTI_IRQHandler
</UL>

<P><STRONG><a name="[b8]"></a>HAL_GPIO_EXTI_IRQHandler</STRONG> (Thumb, 24 bytes, Stack size 8 bytes, stm32wlxx_hal_gpio.o(i.HAL_GPIO_EXTI_IRQHandler))
<BR><BR>[Stack]<UL><LI>Max Depth = 8<LI>Call Chain = HAL_GPIO_EXTI_IRQHandler
</UL>
<BR>[Calls]<UL><LI><a href="#[c1]">&gt;&gt;</a>&nbsp;&nbsp;&nbsp;HAL_GPIO_EXTI_Callback
</UL>
<BR>[Called By]<UL><LI><a href="#[10]">&gt;&gt;</a>&nbsp;&nbsp;&nbsp;EXTI0_IRQHandler
</UL>

<P><STRONG><a name="[b4]"></a>HAL_GPIO_Init</STRONG> (Thumb, 368 bytes, Stack size 16 bytes, stm32wlxx_hal_gpio.o(i.HAL_GPIO_Init))
<BR><BR>[Stack]<UL><LI>Max Depth = 16<LI>Call Chain = HAL_GPIO_Init
</UL>
<BR>[Called By]<UL><LI><a href="#[b6]">&gt;&gt;</a>&nbsp;&nbsp;&nbsp;MX_GPIO_Init
<LI><a href="#[b1]">&gt;&gt;</a>&nbsp;&nbsp;&nbsp;BSP_RADIO_Init
<LI><a href="#[132]">&gt;&gt;</a>&nbsp;&nbsp;&nbsp;HAL_UART_MspInit
</UL>

<P><STRONG><a name="[14b]"></a>HAL_GPIO_TogglePin</STRONG> (Thumb, 20 bytes, Stack size 8 bytes, stm32wlxx_hal_gpio.o(i.HAL_GPIO_TogglePin))
<BR><BR>[Stack]<UL><LI>Max Depth = 8<LI>Call Chain = HAL_GPIO_TogglePin
</UL>
<BR>[Called By]<UL><LI><a href="#[4f]">&gt;&gt;</a>&nbsp;&nbsp;&nbsp;OnledEvent
<LI><a href="#[65]">&gt;&gt;</a>&nbsp;&nbsp;&nbsp;PingPong_Process
</UL>

<P><STRONG><a name="[b0]"></a>HAL_GPIO_WritePin</STRONG> (Thumb, 10 bytes, Stack size 0 bytes, stm32wlxx_hal_gpio.o(i.HAL_GPIO_WritePin))
<BR><BR>[Called By]<UL><LI><a href="#[b6]">&gt;&gt;</a>&nbsp;&nbsp;&nbsp;MX_GPIO_Init
<LI><a href="#[b1]">&gt;&gt;</a>&nbsp;&nbsp;&nbsp;BSP_RADIO_Init
<LI><a href="#[af]">&gt;&gt;</a>&nbsp;&nbsp;&nbsp;BSP_RADIO_ConfigRFSwitch
<LI><a href="#[65]">&gt;&gt;</a>&nbsp;&nbsp;&nbsp;PingPong_Process
</UL>

<P><STRONG><a name="[c2]"></a>HAL_GetTick</STRONG> (Thumb, 20 bytes, Stack size 8 bytes, sys_app.o(i.HAL_GetTick))
<BR><BR>[Stack]<UL><LI>Max Depth = 16<LI>Call Chain = HAL_GetTick &rArr; TIMER_IF_GetTimerValue
</UL>
<BR>[Calls]<UL><LI><a href="#[6c]">&gt;&gt;</a>&nbsp;&nbsp;&nbsp;TIMER_IF_GetTimerValue
</UL>
<BR>[Called By]<UL><LI><a href="#[cb]">&gt;&gt;</a>&nbsp;&nbsp;&nbsp;HAL_RCCEx_PeriphCLKConfig
<LI><a href="#[dc]">&gt;&gt;</a>&nbsp;&nbsp;&nbsp;HAL_RCC_OscConfig
<LI><a href="#[d1]">&gt;&gt;</a>&nbsp;&nbsp;&nbsp;HAL_RCC_ClockConfig
<LI><a href="#[13c]">&gt;&gt;</a>&nbsp;&nbsp;&nbsp;HAL_UART_Transmit
<LI><a href="#[124]">&gt;&gt;</a>&nbsp;&nbsp;&nbsp;HAL_UARTEx_StopModeWakeUpSourceConfig
<LI><a href="#[159]">&gt;&gt;</a>&nbsp;&nbsp;&nbsp;RCC_SetFlashLatency
<LI><a href="#[f2]">&gt;&gt;</a>&nbsp;&nbsp;&nbsp;RTC_EnterInitMode
<LI><a href="#[f8]">&gt;&gt;</a>&nbsp;&nbsp;&nbsp;HAL_RTC_WaitForSynchro
<LI><a href="#[126]">&gt;&gt;</a>&nbsp;&nbsp;&nbsp;UART_WaitOnFlagUntilTimeout
<LI><a href="#[135]">&gt;&gt;</a>&nbsp;&nbsp;&nbsp;UART_CheckIdleState
</UL>

<P><STRONG><a name="[1a7]"></a>HAL_IncTick</STRONG> (Thumb, 16 bytes, Stack size 0 bytes, stm32wlxx_hal.o(i.HAL_IncTick))
<BR><BR>[Called By]<UL><LI><a href="#[9]">&gt;&gt;</a>&nbsp;&nbsp;&nbsp;SysTick_Handler
</UL>

<P><STRONG><a name="[c3]"></a>HAL_Init</STRONG> (Thumb, 38 bytes, Stack size 8 bytes, stm32wlxx_hal.o(i.HAL_Init))
<BR><BR>[Stack]<UL><LI>Max Depth = 40<LI>Call Chain = HAL_Init &rArr; HAL_RCC_GetHCLKFreq &rArr; HAL_RCC_GetSysClockFreq
</UL>
<BR>[Calls]<UL><LI><a href="#[c6]">&gt;&gt;</a>&nbsp;&nbsp;&nbsp;HAL_InitTick
<LI><a href="#[c7]">&gt;&gt;</a>&nbsp;&nbsp;&nbsp;HAL_MspInit
<LI><a href="#[c5]">&gt;&gt;</a>&nbsp;&nbsp;&nbsp;HAL_RCC_GetHCLKFreq
<LI><a href="#[c4]">&gt;&gt;</a>&nbsp;&nbsp;&nbsp;HAL_NVIC_SetPriorityGrouping
</UL>
<BR>[Called By]<UL><LI><a href="#[45]">&gt;&gt;</a>&nbsp;&nbsp;&nbsp;main
</UL>

<P><STRONG><a name="[c6]"></a>HAL_InitTick</STRONG> (Thumb, 6 bytes, Stack size 0 bytes, sys_app.o(i.HAL_InitTick))
<BR><BR>[Called By]<UL><LI><a href="#[dc]">&gt;&gt;</a>&nbsp;&nbsp;&nbsp;HAL_RCC_OscConfig
<LI><a href="#[d1]">&gt;&gt;</a>&nbsp;&nbsp;&nbsp;HAL_RCC_ClockConfig
<LI><a href="#[c3]">&gt;&gt;</a>&nbsp;&nbsp;&nbsp;HAL_Init
</UL>

<P><STRONG><a name="[c7]"></a>HAL_MspInit</STRONG> (Thumb, 2 bytes, Stack size 0 bytes, stm32wlxx_hal_msp.o(i.HAL_MspInit))
<BR><BR>[Called By]<UL><LI><a href="#[c3]">&gt;&gt;</a>&nbsp;&nbsp;&nbsp;HAL_Init
</UL>

<P><STRONG><a name="[138]"></a>HAL_NVIC_DisableIRQ</STRONG> (Thumb, 62 bytes, Stack size 8 bytes, stm32wlxx_hal_cortex.o(i.HAL_NVIC_DisableIRQ))
<BR><BR>[Stack]<UL><LI>Max Depth = 8<LI>Call Chain = HAL_NVIC_DisableIRQ
</UL>
<BR>[Called By]<UL><LI><a href="#[136]">&gt;&gt;</a>&nbsp;&nbsp;&nbsp;HAL_UART_MspDeInit
<LI><a href="#[76]">&gt;&gt;</a>&nbsp;&nbsp;&nbsp;vcom_DeInit
</UL>

<P><STRONG><a name="[f5]"></a>HAL_NVIC_EnableIRQ</STRONG> (Thumb, 40 bytes, Stack size 0 bytes, stm32wlxx_hal_cortex.o(i.HAL_NVIC_EnableIRQ))
<BR><BR>[Called By]<UL><LI><a href="#[10d]">&gt;&gt;</a>&nbsp;&nbsp;&nbsp;HAL_SUBGHZ_MspInit
<LI><a href="#[f1]">&gt;&gt;</a>&nbsp;&nbsp;&nbsp;HAL_RTC_MspInit
<LI><a href="#[13e]">&gt;&gt;</a>&nbsp;&nbsp;&nbsp;MX_DMA_Init
<LI><a href="#[132]">&gt;&gt;</a>&nbsp;&nbsp;&nbsp;HAL_UART_MspInit
</UL>

<P><STRONG><a name="[c8]"></a>HAL_NVIC_SetPriority</STRONG> (Thumb, 122 bytes, Stack size 40 bytes, stm32wlxx_hal_cortex.o(i.HAL_NVIC_SetPriority))
<BR><BR>[Stack]<UL><LI>Max Depth = 48<LI>Call Chain = HAL_NVIC_SetPriority &rArr; __NVIC_SetPriority
</UL>
<BR>[Calls]<UL><LI><a href="#[ca]">&gt;&gt;</a>&nbsp;&nbsp;&nbsp;__NVIC_SetPriority
<LI><a href="#[c9]">&gt;&gt;</a>&nbsp;&nbsp;&nbsp;__NVIC_GetPriorityGrouping
</UL>
<BR>[Called By]<UL><LI><a href="#[10d]">&gt;&gt;</a>&nbsp;&nbsp;&nbsp;HAL_SUBGHZ_MspInit
<LI><a href="#[f1]">&gt;&gt;</a>&nbsp;&nbsp;&nbsp;HAL_RTC_MspInit
<LI><a href="#[13e]">&gt;&gt;</a>&nbsp;&nbsp;&nbsp;MX_DMA_Init
<LI><a href="#[132]">&gt;&gt;</a>&nbsp;&nbsp;&nbsp;HAL_UART_MspInit
</UL>

<P><STRONG><a name="[c4]"></a>HAL_NVIC_SetPriorityGrouping</STRONG> (Thumb, 32 bytes, Stack size 0 bytes, stm32wlxx_hal_cortex.o(i.HAL_NVIC_SetPriorityGrouping))
<BR><BR>[Called By]<UL><LI><a href="#[c3]">&gt;&gt;</a>&nbsp;&nbsp;&nbsp;HAL_Init
</UL>

<P><STRONG><a name="[15b]"></a>HAL_PWREx_GetVoltageRange</STRONG> (Thumb, 10 bytes, Stack size 0 bytes, stm32wlxx_hal_pwr_ex.o(i.HAL_PWREx_GetVoltageRange))
<BR><BR>[Called By]<UL><LI><a href="#[dd]">&gt;&gt;</a>&nbsp;&nbsp;&nbsp;RCC_SetFlashLatencyFromMSIRange
</UL>

<P><STRONG><a name="[cc]"></a>HAL_PWR_EnableBkUpAccess</STRONG> (Thumb, 14 bytes, Stack size 0 bytes, stm32wlxx_hal_pwr.o(i.HAL_PWR_EnableBkUpAccess))
<BR><BR>[Called By]<UL><LI><a href="#[cb]">&gt;&gt;</a>&nbsp;&nbsp;&nbsp;HAL_RCCEx_PeriphCLKConfig
<LI><a href="#[dc]">&gt;&gt;</a>&nbsp;&nbsp;&nbsp;HAL_RCC_OscConfig
<LI><a href="#[1b3]">&gt;&gt;</a>&nbsp;&nbsp;&nbsp;SystemClock_Config
</UL>

<P><STRONG><a name="[cb]"></a>HAL_RCCEx_PeriphCLKConfig</STRONG> (Thumb, 554 bytes, Stack size 24 bytes, stm32wlxx_hal_rcc_ex.o(i.HAL_RCCEx_PeriphCLKConfig))
<BR><BR>[Stack]<UL><LI>Max Depth = 40<LI>Call Chain = HAL_RCCEx_PeriphCLKConfig &rArr; HAL_GetTick &rArr; TIMER_IF_GetTimerValue
</UL>
<BR>[Calls]<UL><LI><a href="#[c2]">&gt;&gt;</a>&nbsp;&nbsp;&nbsp;HAL_GetTick
<LI><a href="#[cc]">&gt;&gt;</a>&nbsp;&nbsp;&nbsp;HAL_PWR_EnableBkUpAccess
<LI><a href="#[ce]">&gt;&gt;</a>&nbsp;&nbsp;&nbsp;LL_RCC_SetUSARTClockSource
<LI><a href="#[cf]">&gt;&gt;</a>&nbsp;&nbsp;&nbsp;LL_RCC_SetLPTIMClockSource
<LI><a href="#[d0]">&gt;&gt;</a>&nbsp;&nbsp;&nbsp;LL_RCC_SetI2CClockSource
<LI><a href="#[cd]">&gt;&gt;</a>&nbsp;&nbsp;&nbsp;LL_RCC_LSE_IsReady
</UL>
<BR>[Called By]<UL><LI><a href="#[f1]">&gt;&gt;</a>&nbsp;&nbsp;&nbsp;HAL_RTC_MspInit
<LI><a href="#[132]">&gt;&gt;</a>&nbsp;&nbsp;&nbsp;HAL_UART_MspInit
</UL>

<P><STRONG><a name="[d1]"></a>HAL_RCC_ClockConfig</STRONG> (Thumb, 558 bytes, Stack size 16 bytes, stm32wlxx_hal_rcc.o(i.HAL_RCC_ClockConfig))
<BR><BR>[Stack]<UL><LI>Max Depth = 48<LI>Call Chain = HAL_RCC_ClockConfig &rArr; HAL_RCC_GetHCLKFreq &rArr; HAL_RCC_GetSysClockFreq
</UL>
<BR>[Calls]<UL><LI><a href="#[c6]">&gt;&gt;</a>&nbsp;&nbsp;&nbsp;HAL_InitTick
<LI><a href="#[c2]">&gt;&gt;</a>&nbsp;&nbsp;&nbsp;HAL_GetTick
<LI><a href="#[c5]">&gt;&gt;</a>&nbsp;&nbsp;&nbsp;HAL_RCC_GetHCLKFreq
<LI><a href="#[d3]">&gt;&gt;</a>&nbsp;&nbsp;&nbsp;LL_RCC_PLL_IsReady
<LI><a href="#[d4]">&gt;&gt;</a>&nbsp;&nbsp;&nbsp;LL_RCC_MSI_IsReady
<LI><a href="#[d5]">&gt;&gt;</a>&nbsp;&nbsp;&nbsp;LL_RCC_HSI_IsReady
<LI><a href="#[d2]">&gt;&gt;</a>&nbsp;&nbsp;&nbsp;LL_RCC_HSE_IsReady
<LI><a href="#[d6]">&gt;&gt;</a>&nbsp;&nbsp;&nbsp;LL_RCC_GetSysClkSource
</UL>
<BR>[Called By]<UL><LI><a href="#[1b3]">&gt;&gt;</a>&nbsp;&nbsp;&nbsp;SystemClock_Config
</UL>

<P><STRONG><a name="[c5]"></a>HAL_RCC_GetHCLKFreq</STRONG> (Thumb, 30 bytes, Stack size 8 bytes, stm32wlxx_hal_rcc.o(i.HAL_RCC_GetHCLKFreq))
<BR><BR>[Stack]<UL><LI>Max Depth = 32<LI>Call Chain = HAL_RCC_GetHCLKFreq &rArr; HAL_RCC_GetSysClockFreq
</UL>
<BR>[Calls]<UL><LI><a href="#[d7]">&gt;&gt;</a>&nbsp;&nbsp;&nbsp;HAL_RCC_GetSysClockFreq
</UL>
<BR>[Called By]<UL><LI><a href="#[dc]">&gt;&gt;</a>&nbsp;&nbsp;&nbsp;HAL_RCC_OscConfig
<LI><a href="#[d1]">&gt;&gt;</a>&nbsp;&nbsp;&nbsp;HAL_RCC_ClockConfig
<LI><a href="#[c3]">&gt;&gt;</a>&nbsp;&nbsp;&nbsp;HAL_Init
<LI><a href="#[d9]">&gt;&gt;</a>&nbsp;&nbsp;&nbsp;HAL_RCC_GetPCLK2Freq
<LI><a href="#[d8]">&gt;&gt;</a>&nbsp;&nbsp;&nbsp;HAL_RCC_GetPCLK1Freq
</UL>

<P><STRONG><a name="[d8]"></a>HAL_RCC_GetPCLK1Freq</STRONG> (Thumb, 28 bytes, Stack size 8 bytes, stm32wlxx_hal_rcc.o(i.HAL_RCC_GetPCLK1Freq))
<BR><BR>[Stack]<UL><LI>Max Depth = 40<LI>Call Chain = HAL_RCC_GetPCLK1Freq &rArr; HAL_RCC_GetHCLKFreq &rArr; HAL_RCC_GetSysClockFreq
</UL>
<BR>[Calls]<UL><LI><a href="#[c5]">&gt;&gt;</a>&nbsp;&nbsp;&nbsp;HAL_RCC_GetHCLKFreq
</UL>
<BR>[Called By]<UL><LI><a href="#[133]">&gt;&gt;</a>&nbsp;&nbsp;&nbsp;UART_SetConfig
</UL>

<P><STRONG><a name="[d9]"></a>HAL_RCC_GetPCLK2Freq</STRONG> (Thumb, 28 bytes, Stack size 8 bytes, stm32wlxx_hal_rcc.o(i.HAL_RCC_GetPCLK2Freq))
<BR><BR>[Stack]<UL><LI>Max Depth = 40<LI>Call Chain = HAL_RCC_GetPCLK2Freq &rArr; HAL_RCC_GetHCLKFreq &rArr; HAL_RCC_GetSysClockFreq
</UL>
<BR>[Calls]<UL><LI><a href="#[c5]">&gt;&gt;</a>&nbsp;&nbsp;&nbsp;HAL_RCC_GetHCLKFreq
</UL>
<BR>[Called By]<UL><LI><a href="#[133]">&gt;&gt;</a>&nbsp;&nbsp;&nbsp;UART_SetConfig
</UL>

<P><STRONG><a name="[d7]"></a>HAL_RCC_GetSysClockFreq</STRONG> (Thumb, 294 bytes, Stack size 24 bytes, stm32wlxx_hal_rcc.o(i.HAL_RCC_GetSysClockFreq))
<BR><BR>[Stack]<UL><LI>Max Depth = 24<LI>Call Chain = HAL_RCC_GetSysClockFreq
</UL>
<BR>[Calls]<UL><LI><a href="#[da]">&gt;&gt;</a>&nbsp;&nbsp;&nbsp;LL_RCC_MSI_IsEnabledRangeSelect
<LI><a href="#[db]">&gt;&gt;</a>&nbsp;&nbsp;&nbsp;LL_RCC_HSE_IsEnabledDiv2
<LI><a href="#[d6]">&gt;&gt;</a>&nbsp;&nbsp;&nbsp;LL_RCC_GetSysClkSource
</UL>
<BR>[Called By]<UL><LI><a href="#[c5]">&gt;&gt;</a>&nbsp;&nbsp;&nbsp;HAL_RCC_GetHCLKFreq
<LI><a href="#[133]">&gt;&gt;</a>&nbsp;&nbsp;&nbsp;UART_SetConfig
</UL>

<P><STRONG><a name="[dc]"></a>HAL_RCC_OscConfig</STRONG> (Thumb, 1564 bytes, Stack size 32 bytes, stm32wlxx_hal_rcc.o(i.HAL_RCC_OscConfig))
<BR><BR>[Stack]<UL><LI>Max Depth = 120<LI>Call Chain = HAL_RCC_OscConfig &rArr; RCC_SetFlashLatencyFromMSIRange &rArr; RCC_SetFlashLatency &rArr; HAL_GetTick &rArr; TIMER_IF_GetTimerValue
</UL>
<BR>[Calls]<UL><LI><a href="#[c6]">&gt;&gt;</a>&nbsp;&nbsp;&nbsp;HAL_InitTick
<LI><a href="#[c2]">&gt;&gt;</a>&nbsp;&nbsp;&nbsp;HAL_GetTick
<LI><a href="#[cc]">&gt;&gt;</a>&nbsp;&nbsp;&nbsp;HAL_PWR_EnableBkUpAccess
<LI><a href="#[c5]">&gt;&gt;</a>&nbsp;&nbsp;&nbsp;HAL_RCC_GetHCLKFreq
<LI><a href="#[dd]">&gt;&gt;</a>&nbsp;&nbsp;&nbsp;RCC_SetFlashLatencyFromMSIRange
<LI><a href="#[d3]">&gt;&gt;</a>&nbsp;&nbsp;&nbsp;LL_RCC_PLL_IsReady
<LI><a href="#[e7]">&gt;&gt;</a>&nbsp;&nbsp;&nbsp;LL_RCC_PLL_Disable
<LI><a href="#[de]">&gt;&gt;</a>&nbsp;&nbsp;&nbsp;LL_RCC_MSI_SetCalibTrimming
<LI><a href="#[d4]">&gt;&gt;</a>&nbsp;&nbsp;&nbsp;LL_RCC_MSI_IsReady
<LI><a href="#[df]">&gt;&gt;</a>&nbsp;&nbsp;&nbsp;LL_RCC_MSI_Enable
<LI><a href="#[e4]">&gt;&gt;</a>&nbsp;&nbsp;&nbsp;LL_RCC_LSI_IsReady
<LI><a href="#[e3]">&gt;&gt;</a>&nbsp;&nbsp;&nbsp;LL_RCC_LSI_Disable
<LI><a href="#[e6]">&gt;&gt;</a>&nbsp;&nbsp;&nbsp;LL_RCC_LSE_IsReady
<LI><a href="#[e2]">&gt;&gt;</a>&nbsp;&nbsp;&nbsp;LL_RCC_HSI_SetCalibTrimming
<LI><a href="#[d5]">&gt;&gt;</a>&nbsp;&nbsp;&nbsp;LL_RCC_HSI_IsReady
<LI><a href="#[d2]">&gt;&gt;</a>&nbsp;&nbsp;&nbsp;LL_RCC_HSE_IsReady
<LI><a href="#[e0]">&gt;&gt;</a>&nbsp;&nbsp;&nbsp;LL_RCC_HSE_Enable
<LI><a href="#[e1]">&gt;&gt;</a>&nbsp;&nbsp;&nbsp;LL_RCC_HSE_DisableTcxo
<LI><a href="#[d6]">&gt;&gt;</a>&nbsp;&nbsp;&nbsp;LL_RCC_GetSysClkSource
<LI><a href="#[e5]">&gt;&gt;</a>&nbsp;&nbsp;&nbsp;LL_PWR_IsEnabledBkUpAccess
</UL>
<BR>[Called By]<UL><LI><a href="#[1b3]">&gt;&gt;</a>&nbsp;&nbsp;&nbsp;SystemClock_Config
</UL>

<P><STRONG><a name="[ef]"></a>HAL_RTCEx_AlarmBEventCallback</STRONG> (Thumb, 2 bytes, Stack size 0 bytes, stm32wlxx_hal_rtc_ex.o(i.HAL_RTCEx_AlarmBEventCallback))
<BR><BR>[Called By]<UL><LI><a href="#[ee]">&gt;&gt;</a>&nbsp;&nbsp;&nbsp;HAL_RTC_AlarmIRQHandler
</UL>

<P><STRONG><a name="[1b4]"></a>HAL_RTCEx_BKUPRead</STRONG> (Thumb, 12 bytes, Stack size 0 bytes, stm32wlxx_hal_rtc_ex.o(i.HAL_RTCEx_BKUPRead))
<BR><BR>[Called By]<UL><LI><a href="#[73]">&gt;&gt;</a>&nbsp;&nbsp;&nbsp;TIMER_IF_BkUp_Read_SubSeconds
<LI><a href="#[71]">&gt;&gt;</a>&nbsp;&nbsp;&nbsp;TIMER_IF_BkUp_Read_Seconds
<LI><a href="#[e9]">&gt;&gt;</a>&nbsp;&nbsp;&nbsp;TIMER_IF_BkUp_Read_MSBticks
</UL>

<P><STRONG><a name="[1b5]"></a>HAL_RTCEx_BKUPWrite</STRONG> (Thumb, 14 bytes, Stack size 8 bytes, stm32wlxx_hal_rtc_ex.o(i.HAL_RTCEx_BKUPWrite))
<BR><BR>[Stack]<UL><LI>Max Depth = 8<LI>Call Chain = HAL_RTCEx_BKUPWrite
</UL>
<BR>[Called By]<UL><LI><a href="#[72]">&gt;&gt;</a>&nbsp;&nbsp;&nbsp;TIMER_IF_BkUp_Write_SubSeconds
<LI><a href="#[70]">&gt;&gt;</a>&nbsp;&nbsp;&nbsp;TIMER_IF_BkUp_Write_Seconds
<LI><a href="#[ea]">&gt;&gt;</a>&nbsp;&nbsp;&nbsp;TIMER_IF_BkUp_Write_MSBticks
</UL>

<P><STRONG><a name="[1b8]"></a>HAL_RTCEx_EnableBypassShadow</STRONG> (Thumb, 90 bytes, Stack size 0 bytes, stm32wlxx_hal_rtc_ex.o(i.HAL_RTCEx_EnableBypassShadow))
<BR><BR>[Called By]<UL><LI><a href="#[66]">&gt;&gt;</a>&nbsp;&nbsp;&nbsp;TIMER_IF_Init
</UL>

<P><STRONG><a name="[e8]"></a>HAL_RTCEx_SSRUEventCallback</STRONG> (Thumb, 18 bytes, Stack size 16 bytes, timer_if.o(i.HAL_RTCEx_SSRUEventCallback))
<BR><BR>[Stack]<UL><LI>Max Depth = 32<LI>Call Chain = HAL_RTCEx_SSRUEventCallback &rArr; TIMER_IF_BkUp_Write_MSBticks &rArr; HAL_RTCEx_BKUPWrite
</UL>
<BR>[Calls]<UL><LI><a href="#[ea]">&gt;&gt;</a>&nbsp;&nbsp;&nbsp;TIMER_IF_BkUp_Write_MSBticks
<LI><a href="#[e9]">&gt;&gt;</a>&nbsp;&nbsp;&nbsp;TIMER_IF_BkUp_Read_MSBticks
</UL>
<BR>[Called By]<UL><LI><a href="#[eb]">&gt;&gt;</a>&nbsp;&nbsp;&nbsp;HAL_RTCEx_SSRUIRQHandler
</UL>

<P><STRONG><a name="[eb]"></a>HAL_RTCEx_SSRUIRQHandler</STRONG> (Thumb, 36 bytes, Stack size 8 bytes, stm32wlxx_hal_rtc_ex.o(i.HAL_RTCEx_SSRUIRQHandler))
<BR><BR>[Stack]<UL><LI>Max Depth = 40<LI>Call Chain = HAL_RTCEx_SSRUIRQHandler &rArr; HAL_RTCEx_SSRUEventCallback &rArr; TIMER_IF_BkUp_Write_MSBticks &rArr; HAL_RTCEx_BKUPWrite
</UL>
<BR>[Calls]<UL><LI><a href="#[e8]">&gt;&gt;</a>&nbsp;&nbsp;&nbsp;HAL_RTCEx_SSRUEventCallback
</UL>
<BR>[Called By]<UL><LI><a href="#[c]">&gt;&gt;</a>&nbsp;&nbsp;&nbsp;TAMP_STAMP_LSECSS_SSRU_IRQHandler
</UL>

<P><STRONG><a name="[142]"></a>HAL_RTCEx_SetSSRU_IT</STRONG> (Thumb, 102 bytes, Stack size 0 bytes, stm32wlxx_hal_rtc_ex.o(i.HAL_RTCEx_SetSSRU_IT))
<BR><BR>[Called By]<UL><LI><a href="#[141]">&gt;&gt;</a>&nbsp;&nbsp;&nbsp;MX_RTC_Init
</UL>

<P><STRONG><a name="[ec]"></a>HAL_RTC_AlarmAEventCallback</STRONG> (Thumb, 10 bytes, Stack size 8 bytes, timer_if.o(i.HAL_RTC_AlarmAEventCallback))
<BR><BR>[Stack]<UL><LI>Max Depth = 96<LI>Call Chain = HAL_RTC_AlarmAEventCallback &rArr; UTIL_TIMER_IRQ_Handler &rArr; UTIL_TIMER_Start &rArr; TimerInsertNewHeadTimer &rArr; TimerSetTimeout
</UL>
<BR>[Calls]<UL><LI><a href="#[ed]">&gt;&gt;</a>&nbsp;&nbsp;&nbsp;UTIL_TIMER_IRQ_Handler
</UL>
<BR>[Called By]<UL><LI><a href="#[ee]">&gt;&gt;</a>&nbsp;&nbsp;&nbsp;HAL_RTC_AlarmIRQHandler
</UL>

<P><STRONG><a name="[ee]"></a>HAL_RTC_AlarmIRQHandler</STRONG> (Thumb, 62 bytes, Stack size 16 bytes, stm32wlxx_hal_rtc.o(i.HAL_RTC_AlarmIRQHandler))
<BR><BR>[Stack]<UL><LI>Max Depth = 112<LI>Call Chain = HAL_RTC_AlarmIRQHandler &rArr; HAL_RTC_AlarmAEventCallback &rArr; UTIL_TIMER_IRQ_Handler &rArr; UTIL_TIMER_Start &rArr; TimerInsertNewHeadTimer &rArr; TimerSetTimeout
</UL>
<BR>[Calls]<UL><LI><a href="#[ec]">&gt;&gt;</a>&nbsp;&nbsp;&nbsp;HAL_RTC_AlarmAEventCallback
<LI><a href="#[ef]">&gt;&gt;</a>&nbsp;&nbsp;&nbsp;HAL_RTCEx_AlarmBEventCallback
</UL>
<BR>[Called By]<UL><LI><a href="#[33]">&gt;&gt;</a>&nbsp;&nbsp;&nbsp;RTC_Alarm_IRQHandler
</UL>

<P><STRONG><a name="[1b7]"></a>HAL_RTC_DeactivateAlarm</STRONG> (Thumb, 178 bytes, Stack size 0 bytes, stm32wlxx_hal_rtc.o(i.HAL_RTC_DeactivateAlarm))
<BR><BR>[Called By]<UL><LI><a href="#[68]">&gt;&gt;</a>&nbsp;&nbsp;&nbsp;TIMER_IF_StopTimer
<LI><a href="#[66]">&gt;&gt;</a>&nbsp;&nbsp;&nbsp;TIMER_IF_Init
</UL>

<P><STRONG><a name="[f0]"></a>HAL_RTC_Init</STRONG> (Thumb, 210 bytes, Stack size 16 bytes, stm32wlxx_hal_rtc.o(i.HAL_RTC_Init))
<BR><BR>[Stack]<UL><LI>Max Depth = 136<LI>Call Chain = HAL_RTC_Init &rArr; HAL_RTC_MspInit &rArr; HAL_NVIC_SetPriority &rArr; __NVIC_SetPriority
</UL>
<BR>[Calls]<UL><LI><a href="#[f1]">&gt;&gt;</a>&nbsp;&nbsp;&nbsp;HAL_RTC_MspInit
<LI><a href="#[f3]">&gt;&gt;</a>&nbsp;&nbsp;&nbsp;RTC_ExitInitMode
<LI><a href="#[f2]">&gt;&gt;</a>&nbsp;&nbsp;&nbsp;RTC_EnterInitMode
</UL>
<BR>[Called By]<UL><LI><a href="#[141]">&gt;&gt;</a>&nbsp;&nbsp;&nbsp;MX_RTC_Init
</UL>

<P><STRONG><a name="[f1]"></a>HAL_RTC_MspInit</STRONG> (Thumb, 124 bytes, Stack size 72 bytes, rtc.o(i.HAL_RTC_MspInit))
<BR><BR>[Stack]<UL><LI>Max Depth = 120<LI>Call Chain = HAL_RTC_MspInit &rArr; HAL_NVIC_SetPriority &rArr; __NVIC_SetPriority
</UL>
<BR>[Calls]<UL><LI><a href="#[cb]">&gt;&gt;</a>&nbsp;&nbsp;&nbsp;HAL_RCCEx_PeriphCLKConfig
<LI><a href="#[c8]">&gt;&gt;</a>&nbsp;&nbsp;&nbsp;HAL_NVIC_SetPriority
<LI><a href="#[f5]">&gt;&gt;</a>&nbsp;&nbsp;&nbsp;HAL_NVIC_EnableIRQ
<LI><a href="#[f4]">&gt;&gt;</a>&nbsp;&nbsp;&nbsp;Error_Handler
<LI><a href="#[b2]">&gt;&gt;</a>&nbsp;&nbsp;&nbsp;__aeabi_memclr4
</UL>
<BR>[Called By]<UL><LI><a href="#[f0]">&gt;&gt;</a>&nbsp;&nbsp;&nbsp;HAL_RTC_Init
</UL>

<P><STRONG><a name="[f6]"></a>HAL_RTC_SetAlarm_IT</STRONG> (Thumb, 488 bytes, Stack size 28 bytes, stm32wlxx_hal_rtc.o(i.HAL_RTC_SetAlarm_IT))
<BR><BR>[Stack]<UL><LI>Max Depth = 28<LI>Call Chain = HAL_RTC_SetAlarm_IT
</UL>
<BR>[Calls]<UL><LI><a href="#[f7]">&gt;&gt;</a>&nbsp;&nbsp;&nbsp;RTC_ByteToBcd2
</UL>
<BR>[Called By]<UL><LI><a href="#[141]">&gt;&gt;</a>&nbsp;&nbsp;&nbsp;MX_RTC_Init
<LI><a href="#[67]">&gt;&gt;</a>&nbsp;&nbsp;&nbsp;TIMER_IF_StartTimer
</UL>

<P><STRONG><a name="[f8]"></a>HAL_RTC_WaitForSynchro</STRONG> (Thumb, 56 bytes, Stack size 16 bytes, stm32wlxx_hal_rtc.o(i.HAL_RTC_WaitForSynchro))
<BR><BR>[Stack]<UL><LI>Max Depth = 32<LI>Call Chain = HAL_RTC_WaitForSynchro &rArr; HAL_GetTick &rArr; TIMER_IF_GetTimerValue
</UL>
<BR>[Calls]<UL><LI><a href="#[c2]">&gt;&gt;</a>&nbsp;&nbsp;&nbsp;HAL_GetTick
</UL>
<BR>[Called By]<UL><LI><a href="#[f3]">&gt;&gt;</a>&nbsp;&nbsp;&nbsp;RTC_ExitInitMode
</UL>

<P><STRONG><a name="[109]"></a>HAL_SUBGHZ_CADStatusCallback</STRONG> (Thumb, 42 bytes, Stack size 16 bytes, radio_driver.o(i.HAL_SUBGHZ_CADStatusCallback))
<BR><BR>[Stack]<UL><LI>Max Depth = 16<LI>Call Chain = HAL_SUBGHZ_CADStatusCallback
</UL>
<BR>[Called By]<UL><LI><a href="#[101]">&gt;&gt;</a>&nbsp;&nbsp;&nbsp;HAL_SUBGHZ_IRQHandler
</UL>

<P><STRONG><a name="[108]"></a>HAL_SUBGHZ_CRCErrorCallback</STRONG> (Thumb, 14 bytes, Stack size 8 bytes, radio_driver.o(i.HAL_SUBGHZ_CRCErrorCallback))
<BR><BR>[Stack]<UL><LI>Max Depth = 8<LI>Call Chain = HAL_SUBGHZ_CRCErrorCallback
</UL>
<BR>[Called By]<UL><LI><a href="#[101]">&gt;&gt;</a>&nbsp;&nbsp;&nbsp;HAL_SUBGHZ_IRQHandler
</UL>

<P><STRONG><a name="[f9]"></a>HAL_SUBGHZ_ExecGetCmd</STRONG> (Thumb, 136 bytes, Stack size 32 bytes, stm32wlxx_hal_subghz.o(i.HAL_SUBGHZ_ExecGetCmd))
<BR><BR>[Stack]<UL><LI>Max Depth = 60<LI>Call Chain = HAL_SUBGHZ_ExecGetCmd &rArr; SUBGHZ_CheckDeviceReady &rArr; SUBGHZ_WaitOnBusy
</UL>
<BR>[Calls]<UL><LI><a href="#[ff]">&gt;&gt;</a>&nbsp;&nbsp;&nbsp;SUBGHZ_WaitOnBusy
<LI><a href="#[fa]">&gt;&gt;</a>&nbsp;&nbsp;&nbsp;SUBGHZ_CheckDeviceReady
<LI><a href="#[fc]">&gt;&gt;</a>&nbsp;&nbsp;&nbsp;SUBGHZSPI_Transmit
<LI><a href="#[fd]">&gt;&gt;</a>&nbsp;&nbsp;&nbsp;SUBGHZSPI_Receive
<LI><a href="#[fe]">&gt;&gt;</a>&nbsp;&nbsp;&nbsp;LL_PWR_UnselectSUBGHZSPI_NSS
<LI><a href="#[fb]">&gt;&gt;</a>&nbsp;&nbsp;&nbsp;LL_PWR_SelectSUBGHZSPI_NSS
</UL>
<BR>[Called By]<UL><LI><a href="#[101]">&gt;&gt;</a>&nbsp;&nbsp;&nbsp;HAL_SUBGHZ_IRQHandler
<LI><a href="#[19b]">&gt;&gt;</a>&nbsp;&nbsp;&nbsp;SUBGRF_ReadCommand
</UL>

<P><STRONG><a name="[100]"></a>HAL_SUBGHZ_ExecSetCmd</STRONG> (Thumb, 140 bytes, Stack size 32 bytes, stm32wlxx_hal_subghz.o(i.HAL_SUBGHZ_ExecSetCmd))
<BR><BR>[Stack]<UL><LI>Max Depth = 60<LI>Call Chain = HAL_SUBGHZ_ExecSetCmd &rArr; SUBGHZ_CheckDeviceReady &rArr; SUBGHZ_WaitOnBusy
</UL>
<BR>[Calls]<UL><LI><a href="#[ff]">&gt;&gt;</a>&nbsp;&nbsp;&nbsp;SUBGHZ_WaitOnBusy
<LI><a href="#[fa]">&gt;&gt;</a>&nbsp;&nbsp;&nbsp;SUBGHZ_CheckDeviceReady
<LI><a href="#[fc]">&gt;&gt;</a>&nbsp;&nbsp;&nbsp;SUBGHZSPI_Transmit
<LI><a href="#[fe]">&gt;&gt;</a>&nbsp;&nbsp;&nbsp;LL_PWR_UnselectSUBGHZSPI_NSS
<LI><a href="#[fb]">&gt;&gt;</a>&nbsp;&nbsp;&nbsp;LL_PWR_SelectSUBGHZSPI_NSS
</UL>
<BR>[Called By]<UL><LI><a href="#[101]">&gt;&gt;</a>&nbsp;&nbsp;&nbsp;HAL_SUBGHZ_IRQHandler
<LI><a href="#[199]">&gt;&gt;</a>&nbsp;&nbsp;&nbsp;SUBGRF_WriteCommand
</UL>

<P><STRONG><a name="[107]"></a>HAL_SUBGHZ_HeaderErrorCallback</STRONG> (Thumb, 14 bytes, Stack size 8 bytes, radio_driver.o(i.HAL_SUBGHZ_HeaderErrorCallback))
<BR><BR>[Stack]<UL><LI>Max Depth = 8<LI>Call Chain = HAL_SUBGHZ_HeaderErrorCallback
</UL>
<BR>[Called By]<UL><LI><a href="#[101]">&gt;&gt;</a>&nbsp;&nbsp;&nbsp;HAL_SUBGHZ_IRQHandler
</UL>

<P><STRONG><a name="[106]"></a>HAL_SUBGHZ_HeaderValidCallback</STRONG> (Thumb, 14 bytes, Stack size 8 bytes, radio_driver.o(i.HAL_SUBGHZ_HeaderValidCallback))
<BR><BR>[Stack]<UL><LI>Max Depth = 8<LI>Call Chain = HAL_SUBGHZ_HeaderValidCallback
</UL>
<BR>[Called By]<UL><LI><a href="#[101]">&gt;&gt;</a>&nbsp;&nbsp;&nbsp;HAL_SUBGHZ_IRQHandler
</UL>

<P><STRONG><a name="[101]"></a>HAL_SUBGHZ_IRQHandler</STRONG> (Thumb, 184 bytes, Stack size 16 bytes, stm32wlxx_hal_subghz.o(i.HAL_SUBGHZ_IRQHandler))
<BR><BR>[Stack]<UL><LI>Max Depth = 76<LI>Call Chain = HAL_SUBGHZ_IRQHandler &rArr; HAL_SUBGHZ_ExecSetCmd &rArr; SUBGHZ_CheckDeviceReady &rArr; SUBGHZ_WaitOnBusy
</UL>
<BR>[Calls]<UL><LI><a href="#[100]">&gt;&gt;</a>&nbsp;&nbsp;&nbsp;HAL_SUBGHZ_ExecSetCmd
<LI><a href="#[f9]">&gt;&gt;</a>&nbsp;&nbsp;&nbsp;HAL_SUBGHZ_ExecGetCmd
<LI><a href="#[102]">&gt;&gt;</a>&nbsp;&nbsp;&nbsp;HAL_SUBGHZ_TxCpltCallback
<LI><a href="#[105]">&gt;&gt;</a>&nbsp;&nbsp;&nbsp;HAL_SUBGHZ_SyncWordValidCallback
<LI><a href="#[10a]">&gt;&gt;</a>&nbsp;&nbsp;&nbsp;HAL_SUBGHZ_RxTxTimeoutCallback
<LI><a href="#[103]">&gt;&gt;</a>&nbsp;&nbsp;&nbsp;HAL_SUBGHZ_RxCpltCallback
<LI><a href="#[104]">&gt;&gt;</a>&nbsp;&nbsp;&nbsp;HAL_SUBGHZ_PreambleDetectedCallback
<LI><a href="#[10b]">&gt;&gt;</a>&nbsp;&nbsp;&nbsp;HAL_SUBGHZ_LrFhssHopCallback
<LI><a href="#[106]">&gt;&gt;</a>&nbsp;&nbsp;&nbsp;HAL_SUBGHZ_HeaderValidCallback
<LI><a href="#[107]">&gt;&gt;</a>&nbsp;&nbsp;&nbsp;HAL_SUBGHZ_HeaderErrorCallback
<LI><a href="#[108]">&gt;&gt;</a>&nbsp;&nbsp;&nbsp;HAL_SUBGHZ_CRCErrorCallback
<LI><a href="#[109]">&gt;&gt;</a>&nbsp;&nbsp;&nbsp;HAL_SUBGHZ_CADStatusCallback
</UL>
<BR>[Called By]<UL><LI><a href="#[39]">&gt;&gt;</a>&nbsp;&nbsp;&nbsp;SUBGHZ_Radio_IRQHandler
</UL>

<P><STRONG><a name="[10c]"></a>HAL_SUBGHZ_Init</STRONG> (Thumb, 174 bytes, Stack size 24 bytes, stm32wlxx_hal_subghz.o(i.HAL_SUBGHZ_Init))
<BR><BR>[Stack]<UL><LI>Max Depth = 88<LI>Call Chain = HAL_SUBGHZ_Init &rArr; HAL_SUBGHZ_MspInit &rArr; HAL_NVIC_SetPriority &rArr; __NVIC_SetPriority
</UL>
<BR>[Calls]<UL><LI><a href="#[10d]">&gt;&gt;</a>&nbsp;&nbsp;&nbsp;HAL_SUBGHZ_MspInit
<LI><a href="#[110]">&gt;&gt;</a>&nbsp;&nbsp;&nbsp;SUBGHZSPI_Init
<LI><a href="#[10e]">&gt;&gt;</a>&nbsp;&nbsp;&nbsp;LL_RCC_IsRFUnderReset
<LI><a href="#[fe]">&gt;&gt;</a>&nbsp;&nbsp;&nbsp;LL_PWR_UnselectSUBGHZSPI_NSS
<LI><a href="#[10f]">&gt;&gt;</a>&nbsp;&nbsp;&nbsp;LL_PWR_SetRadioBusyTrigger
</UL>
<BR>[Called By]<UL><LI><a href="#[143]">&gt;&gt;</a>&nbsp;&nbsp;&nbsp;MX_SUBGHZ_Init
</UL>

<P><STRONG><a name="[10b]"></a>HAL_SUBGHZ_LrFhssHopCallback</STRONG> (Thumb, 16 bytes, Stack size 8 bytes, radio_driver.o(i.HAL_SUBGHZ_LrFhssHopCallback))
<BR><BR>[Stack]<UL><LI>Max Depth = 8<LI>Call Chain = HAL_SUBGHZ_LrFhssHopCallback
</UL>
<BR>[Called By]<UL><LI><a href="#[101]">&gt;&gt;</a>&nbsp;&nbsp;&nbsp;HAL_SUBGHZ_IRQHandler
</UL>

<P><STRONG><a name="[10d]"></a>HAL_SUBGHZ_MspInit</STRONG> (Thumb, 50 bytes, Stack size 16 bytes, subghz.o(i.HAL_SUBGHZ_MspInit))
<BR><BR>[Stack]<UL><LI>Max Depth = 64<LI>Call Chain = HAL_SUBGHZ_MspInit &rArr; HAL_NVIC_SetPriority &rArr; __NVIC_SetPriority
</UL>
<BR>[Calls]<UL><LI><a href="#[c8]">&gt;&gt;</a>&nbsp;&nbsp;&nbsp;HAL_NVIC_SetPriority
<LI><a href="#[f5]">&gt;&gt;</a>&nbsp;&nbsp;&nbsp;HAL_NVIC_EnableIRQ
</UL>
<BR>[Called By]<UL><LI><a href="#[10c]">&gt;&gt;</a>&nbsp;&nbsp;&nbsp;HAL_SUBGHZ_Init
</UL>

<P><STRONG><a name="[104]"></a>HAL_SUBGHZ_PreambleDetectedCallback</STRONG> (Thumb, 14 bytes, Stack size 8 bytes, radio_driver.o(i.HAL_SUBGHZ_PreambleDetectedCallback))
<BR><BR>[Stack]<UL><LI>Max Depth = 8<LI>Call Chain = HAL_SUBGHZ_PreambleDetectedCallback
</UL>
<BR>[Called By]<UL><LI><a href="#[101]">&gt;&gt;</a>&nbsp;&nbsp;&nbsp;HAL_SUBGHZ_IRQHandler
</UL>

<P><STRONG><a name="[111]"></a>HAL_SUBGHZ_ReadBuffer</STRONG> (Thumb, 144 bytes, Stack size 32 bytes, stm32wlxx_hal_subghz.o(i.HAL_SUBGHZ_ReadBuffer))
<BR><BR>[Stack]<UL><LI>Max Depth = 60<LI>Call Chain = HAL_SUBGHZ_ReadBuffer &rArr; SUBGHZ_CheckDeviceReady &rArr; SUBGHZ_WaitOnBusy
</UL>
<BR>[Calls]<UL><LI><a href="#[ff]">&gt;&gt;</a>&nbsp;&nbsp;&nbsp;SUBGHZ_WaitOnBusy
<LI><a href="#[fa]">&gt;&gt;</a>&nbsp;&nbsp;&nbsp;SUBGHZ_CheckDeviceReady
<LI><a href="#[fc]">&gt;&gt;</a>&nbsp;&nbsp;&nbsp;SUBGHZSPI_Transmit
<LI><a href="#[fd]">&gt;&gt;</a>&nbsp;&nbsp;&nbsp;SUBGHZSPI_Receive
<LI><a href="#[fe]">&gt;&gt;</a>&nbsp;&nbsp;&nbsp;LL_PWR_UnselectSUBGHZSPI_NSS
<LI><a href="#[fb]">&gt;&gt;</a>&nbsp;&nbsp;&nbsp;LL_PWR_SelectSUBGHZSPI_NSS
</UL>
<BR>[Called By]<UL><LI><a href="#[19f]">&gt;&gt;</a>&nbsp;&nbsp;&nbsp;SUBGRF_ReadBuffer
</UL>

<P><STRONG><a name="[112]"></a>HAL_SUBGHZ_ReadRegisters</STRONG> (Thumb, 152 bytes, Stack size 32 bytes, stm32wlxx_hal_subghz.o(i.HAL_SUBGHZ_ReadRegisters))
<BR><BR>[Stack]<UL><LI>Max Depth = 60<LI>Call Chain = HAL_SUBGHZ_ReadRegisters &rArr; SUBGHZ_CheckDeviceReady &rArr; SUBGHZ_WaitOnBusy
</UL>
[...]
<LI><a href="#[184]">&gt;&gt;</a>&nbsp;&nbsp;&nbsp;SUBGRF_SetModulationParams
<LI><a href="#[187]">&gt;&gt;</a>&nbsp;&nbsp;&nbsp;SUBGRF_SetLoRaSymbNumTimeout
<LI><a href="#[18b]">&gt;&gt;</a>&nbsp;&nbsp;&nbsp;SUBGRF_SetCrcPolynomial
<LI><a href="#[168]">&gt;&gt;</a>&nbsp;&nbsp;&nbsp;SUBGRF_ReadRegister
<LI><a href="#[183]">&gt;&gt;</a>&nbsp;&nbsp;&nbsp;SUBGRF_GetFskBandwidthRegValue
<LI><a href="#[18a]">&gt;&gt;</a>&nbsp;&nbsp;&nbsp;RFW_Init
<LI><a href="#[181]">&gt;&gt;</a>&nbsp;&nbsp;&nbsp;RFW_DeInit
<LI><a href="#[85]">&gt;&gt;</a>&nbsp;&nbsp;&nbsp;RadioStandby
<LI><a href="#[7b]">&gt;&gt;</a>&nbsp;&nbsp;&nbsp;RadioSetModem
</UL>
<BR>[Address Reference Count : 1]<UL><LI> radio.o(.constdata)
</UL>
<P><STRONG><a name="[80]"></a>RadioSetTxConfig</STRONG> (Thumb, 428 bytes, Stack size 48 bytes, radio.o(i.RadioSetTxConfig))
<BR><BR>[Stack]<UL><LI>Max Depth = 204<LI>Call Chain = RadioSetTxConfig &rArr; SUBGRF_SetRfTxPower &rArr; SUBGRF_SetTxParams &rArr; SUBGRF_SetPaConfig &rArr; SUBGRF_WriteCommand &rArr; HAL_SUBGHZ_ExecSetCmd &rArr; SUBGHZ_CheckDeviceReady &rArr; SUBGHZ_WaitOnBusy
</UL>
<BR>[Calls]<UL><LI><a href="#[167]">&gt;&gt;</a>&nbsp;&nbsp;&nbsp;SUBGRF_WriteRegister
<LI><a href="#[186]">&gt;&gt;</a>&nbsp;&nbsp;&nbsp;SUBGRF_SetWhiteningSeed
<LI><a href="#[185]">&gt;&gt;</a>&nbsp;&nbsp;&nbsp;SUBGRF_SetSyncWord
<LI><a href="#[18c]">&gt;&gt;</a>&nbsp;&nbsp;&nbsp;SUBGRF_SetRfTxPower
<LI><a href="#[17a]">&gt;&gt;</a>&nbsp;&nbsp;&nbsp;SUBGRF_SetPacketParams
<LI><a href="#[184]">&gt;&gt;</a>&nbsp;&nbsp;&nbsp;SUBGRF_SetModulationParams
<LI><a href="#[183]">&gt;&gt;</a>&nbsp;&nbsp;&nbsp;SUBGRF_GetFskBandwidthRegValue
<LI><a href="#[18d]">&gt;&gt;</a>&nbsp;&nbsp;&nbsp;RFW_SetAntSwitch
<LI><a href="#[181]">&gt;&gt;</a>&nbsp;&nbsp;&nbsp;RFW_DeInit
<LI><a href="#[85]">&gt;&gt;</a>&nbsp;&nbsp;&nbsp;RadioStandby
<LI><a href="#[7b]">&gt;&gt;</a>&nbsp;&nbsp;&nbsp;RadioSetModem
</UL>
<BR>[Address Reference Count : 1]<UL><LI> radio.o(.constdata)
</UL>
<P><STRONG><a name="[88]"></a>RadioSetTxContinuousWave</STRONG> (Thumb, 80 bytes, Stack size 24 bytes, radio.o(i.RadioSetTxContinuousWave))
<BR><BR>[Stack]<UL><LI>Max Depth = 180<LI>Call Chain = RadioSetTxContinuousWave &rArr; SUBGRF_SetRfTxPower &rArr; SUBGRF_SetTxParams &rArr; SUBGRF_SetPaConfig &rArr; SUBGRF_WriteCommand &rArr; HAL_SUBGHZ_ExecSetCmd &rArr; SUBGHZ_CheckDeviceReady &rArr; SUBGHZ_WaitOnBusy
</UL>
<BR>[Calls]<UL><LI><a href="#[14c]">&gt;&gt;</a>&nbsp;&nbsp;&nbsp;UTIL_TIMER_Start
<LI><a href="#[176]">&gt;&gt;</a>&nbsp;&nbsp;&nbsp;UTIL_TIMER_SetPeriod
<LI><a href="#[167]">&gt;&gt;</a>&nbsp;&nbsp;&nbsp;SUBGRF_WriteRegister
<LI><a href="#[18e]">&gt;&gt;</a>&nbsp;&nbsp;&nbsp;SUBGRF_SetTxContinuousWave
<LI><a href="#[177]">&gt;&gt;</a>&nbsp;&nbsp;&nbsp;SUBGRF_SetSwitch
<LI><a href="#[18c]">&gt;&gt;</a>&nbsp;&nbsp;&nbsp;SUBGRF_SetRfTxPower
<LI><a href="#[17e]">&gt;&gt;</a>&nbsp;&nbsp;&nbsp;SUBGRF_SetRfFrequency
</UL>
<BR>[Address Reference Count : 1]<UL><LI> radio.o(.constdata)
</UL>
<P><STRONG><a name="[97]"></a>RadioSetTxGenericConfig</STRONG> (Thumb, 852 bytes, Stack size 48 bytes, radio.o(i.RadioSetTxGenericConfig))
<BR><BR>[Stack]<UL><LI>Max Depth = 204<LI>Call Chain = RadioSetTxGenericConfig &rArr; SUBGRF_SetRfTxPower &rArr; SUBGRF_SetTxParams &rArr; SUBGRF_SetPaConfig &rArr; SUBGRF_WriteCommand &rArr; HAL_SUBGHZ_ExecSetCmd &rArr; SUBGHZ_CheckDeviceReady &rArr; SUBGHZ_WaitOnBusy
</UL>
<BR>[Calls]<UL><LI><a href="#[189]">&gt;&gt;</a>&nbsp;&nbsp;&nbsp;UTIL_MEM_cpy_8
<LI><a href="#[167]">&gt;&gt;</a>&nbsp;&nbsp;&nbsp;SUBGRF_WriteRegister
<LI><a href="#[186]">&gt;&gt;</a>&nbsp;&nbsp;&nbsp;SUBGRF_SetWhiteningSeed
<LI><a href="#[185]">&gt;&gt;</a>&nbsp;&nbsp;&nbsp;SUBGRF_SetSyncWord
<LI><a href="#[18c]">&gt;&gt;</a>&nbsp;&nbsp;&nbsp;SUBGRF_SetRfTxPower
<LI><a href="#[17a]">&gt;&gt;</a>&nbsp;&nbsp;&nbsp;SUBGRF_SetPacketParams
<LI><a href="#[184]">&gt;&gt;</a>&nbsp;&nbsp;&nbsp;SUBGRF_SetModulationParams
<LI><a href="#[18b]">&gt;&gt;</a>&nbsp;&nbsp;&nbsp;SUBGRF_SetCrcPolynomial
<LI><a href="#[168]">&gt;&gt;</a>&nbsp;&nbsp;&nbsp;SUBGRF_ReadRegister
<LI><a href="#[18d]">&gt;&gt;</a>&nbsp;&nbsp;&nbsp;RFW_SetAntSwitch
<LI><a href="#[18a]">&gt;&gt;</a>&nbsp;&nbsp;&nbsp;RFW_Init
<LI><a href="#[181]">&gt;&gt;</a>&nbsp;&nbsp;&nbsp;RFW_DeInit
<LI><a href="#[85]">&gt;&gt;</a>&nbsp;&nbsp;&nbsp;RadioStandby
<LI><a href="#[7b]">&gt;&gt;</a>&nbsp;&nbsp;&nbsp;RadioSetModem
</UL>
<BR>[Address Reference Count : 1]<UL><LI> radio.o(.constdata)
</UL>
<P><STRONG><a name="[84]"></a>RadioSleep</STRONG> (Thumb, 32 bytes, Stack size 8 bytes, radio.o(i.RadioSleep))
<BR><BR>[Stack]<UL><LI>Max Depth = 116<LI>Call Chain = RadioSleep &rArr; SUBGRF_SetSleep &rArr; Radio_SMPS_Set &rArr; SUBGRF_WriteRegister &rArr; HAL_SUBGHZ_WriteRegisters &rArr; SUBGHZ_CheckDeviceReady &rArr; SUBGHZ_WaitOnBusy
</UL>
<BR>[Calls]<UL><LI><a href="#[bf]">&gt;&gt;</a>&nbsp;&nbsp;&nbsp;HAL_Delay
<LI><a href="#[18f]">&gt;&gt;</a>&nbsp;&nbsp;&nbsp;SUBGRF_SetSleep
</UL>
<BR>[Called By]<UL><LI><a href="#[79]">&gt;&gt;</a>&nbsp;&nbsp;&nbsp;RadioInit
</UL>
<BR>[Address Reference Count : 1]<UL><LI> radio.o(.constdata)
</UL>
<P><STRONG><a name="[85]"></a>RadioStandby</STRONG> (Thumb, 10 bytes, Stack size 8 bytes, radio.o(i.RadioStandby))
<BR><BR>[Stack]<UL><LI>Max Depth = 100<LI>Call Chain = RadioStandby &rArr; SUBGRF_SetStandby &rArr; SUBGRF_WriteCommand &rArr; HAL_SUBGHZ_ExecSetCmd &rArr; SUBGHZ_CheckDeviceReady &rArr; SUBGHZ_WaitOnBusy
</UL>
<BR>[Calls]<UL><LI><a href="#[164]">&gt;&gt;</a>&nbsp;&nbsp;&nbsp;SUBGRF_SetStandby
</UL>
<BR>[Called By]<UL><LI><a href="#[97]">&gt;&gt;</a>&nbsp;&nbsp;&nbsp;RadioSetTxGenericConfig
<LI><a href="#[80]">&gt;&gt;</a>&nbsp;&nbsp;&nbsp;RadioSetTxConfig
<LI><a href="#[96]">&gt;&gt;</a>&nbsp;&nbsp;&nbsp;RadioSetRxGenericConfig
<LI><a href="#[7f]">&gt;&gt;</a>&nbsp;&nbsp;&nbsp;RadioSetRxConfig
<LI><a href="#[7d]">&gt;&gt;</a>&nbsp;&nbsp;&nbsp;RadioIsChannelFree
</UL>
<BR>[Address Reference Count : 1]<UL><LI> radio.o(.constdata)
</UL>
<P><STRONG><a name="[87]"></a>RadioStartCad</STRONG> (Thumb, 34 bytes, Stack size 8 bytes, radio.o(i.RadioStartCad))
<BR><BR>[Stack]<UL><LI>Max Depth = 124<LI>Call Chain = RadioStartCad &rArr; SUBGRF_SetDioIrqParams &rArr; SUBGRF_WriteCommand &rArr; HAL_SUBGHZ_ExecSetCmd &rArr; SUBGHZ_CheckDeviceReady &rArr; SUBGHZ_WaitOnBusy
</UL>
<BR>[Calls]<UL><LI><a href="#[177]">&gt;&gt;</a>&nbsp;&nbsp;&nbsp;SUBGRF_SetSwitch
<LI><a href="#[162]">&gt;&gt;</a>&nbsp;&nbsp;&nbsp;SUBGRF_SetDioIrqParams
<LI><a href="#[190]">&gt;&gt;</a>&nbsp;&nbsp;&nbsp;SUBGRF_SetCad
</UL>
<BR>[Address Reference Count : 1]<UL><LI> radio.o(.constdata)
</UL>
<P><STRONG><a name="[82]"></a>RadioTimeOnAir</STRONG> (Thumb, 120 bytes, Stack size 48 bytes, radio.o(i.RadioTimeOnAir))
<BR><BR>[Stack]<UL><LI>Max Depth = 84<LI>Call Chain = RadioTimeOnAir &rArr; RadioGetLoRaTimeOnAirNumerator
</UL>
<BR>[Calls]<UL><LI><a href="#[192]">&gt;&gt;</a>&nbsp;&nbsp;&nbsp;RadioGetLoRaTimeOnAirNumerator
<LI><a href="#[193]">&gt;&gt;</a>&nbsp;&nbsp;&nbsp;RadioGetLoRaBandwidthInHz
<LI><a href="#[191]">&gt;&gt;</a>&nbsp;&nbsp;&nbsp;RadioGetGfskTimeOnAirNumerator
</UL>
<BR>[Address Reference Count : 1]<UL><LI> radio.o(.constdata)
</UL>
<P><STRONG><a name="[95]"></a>RadioTxCw</STRONG> (Thumb, 36 bytes, Stack size 16 bytes, radio.o(i.RadioTxCw))
<BR><BR>[Stack]<UL><LI>Max Depth = 172<LI>Call Chain = RadioTxCw &rArr; SUBGRF_SetRfTxPower &rArr; SUBGRF_SetTxParams &rArr; SUBGRF_SetPaConfig &rArr; SUBGRF_WriteCommand &rArr; HAL_SUBGHZ_ExecSetCmd &rArr; SUBGHZ_CheckDeviceReady &rArr; SUBGHZ_WaitOnBusy
</UL>
<BR>[Calls]<UL><LI><a href="#[167]">&gt;&gt;</a>&nbsp;&nbsp;&nbsp;SUBGRF_WriteRegister
<LI><a href="#[18e]">&gt;&gt;</a>&nbsp;&nbsp;&nbsp;SUBGRF_SetTxContinuousWave
<LI><a href="#[177]">&gt;&gt;</a>&nbsp;&nbsp;&nbsp;SUBGRF_SetSwitch
<LI><a href="#[18c]">&gt;&gt;</a>&nbsp;&nbsp;&nbsp;SUBGRF_SetRfTxPower
</UL>
<BR>[Address Reference Count : 1]<UL><LI> radio.o(.constdata)
</UL>
<P><STRONG><a name="[94]"></a>RadioTxPrbs</STRONG> (Thumb, 38 bytes, Stack size 8 bytes, radio.o(i.RadioTxPrbs))
<BR><BR>[Stack]<UL><LI>Max Depth = 116<LI>Call Chain = RadioTxPrbs &rArr; SUBGRF_SetSwitch &rArr; Radio_SMPS_Set &rArr; SUBGRF_WriteRegister &rArr; HAL_SUBGHZ_WriteRegisters &rArr; SUBGHZ_CheckDeviceReady &rArr; SUBGHZ_WaitOnBusy
</UL>
<BR>[Calls]<UL><LI><a href="#[194]">&gt;&gt;</a>&nbsp;&nbsp;&nbsp;SUBGRF_SetTxInfinitePreamble
<LI><a href="#[195]">&gt;&gt;</a>&nbsp;&nbsp;&nbsp;SUBGRF_SetTx
<LI><a href="#[177]">&gt;&gt;</a>&nbsp;&nbsp;&nbsp;SUBGRF_SetSwitch
</UL>
<BR>[Address Reference Count : 1]<UL><LI> radio.o(.constdata)
</UL>
<P><STRONG><a name="[8a]"></a>RadioWrite</STRONG> (Thumb, 16 bytes, Stack size 16 bytes, radio.o(i.RadioWrite))
<BR><BR>[Stack]<UL><LI>Max Depth = 92<LI>Call Chain = RadioWrite &rArr; SUBGRF_WriteRegister &rArr; HAL_SUBGHZ_WriteRegisters &rArr; SUBGHZ_CheckDeviceReady &rArr; SUBGHZ_WaitOnBusy
</UL>
<BR>[Calls]<UL><LI><a href="#[167]">&gt;&gt;</a>&nbsp;&nbsp;&nbsp;SUBGRF_WriteRegister
</UL>
<BR>[Called By]<UL><LI><a href="#[7f]">&gt;&gt;</a>&nbsp;&nbsp;&nbsp;RadioSetRxConfig
<LI><a href="#[83]">&gt;&gt;</a>&nbsp;&nbsp;&nbsp;RadioSend
</UL>
<BR>[Address Reference Count : 1]<UL><LI> radio.o(.constdata)
</UL>
<P><STRONG><a name="[8c]"></a>RadioWriteRegisters</STRONG> (Thumb, 20 bytes, Stack size 16 bytes, radio.o(i.RadioWriteRegisters))
<BR><BR>[Stack]<UL><LI>Max Depth = 100<LI>Call Chain = RadioWriteRegisters &rArr; SUBGRF_WriteRegisters &rArr; HAL_SUBGHZ_WriteRegisters &rArr; SUBGHZ_CheckDeviceReady &rArr; SUBGHZ_WaitOnBusy
</UL>
<BR>[Calls]<UL><LI><a href="#[196]">&gt;&gt;</a>&nbsp;&nbsp;&nbsp;SUBGRF_WriteRegisters
</UL>
<BR>[Address Reference Count : 1]<UL><LI> radio.o(.constdata)
</UL>
<P><STRONG><a name="[17d]"></a>payload_integration</STRONG> (Thumb, 178 bytes, Stack size 32 bytes, radio.o(i.payload_integration))
<BR><BR>[Stack]<UL><LI>Max Depth = 32<LI>Call Chain = payload_integration
</UL>
<BR>[Called By]<UL><LI><a href="#[83]">&gt;&gt;</a>&nbsp;&nbsp;&nbsp;RadioSend
</UL>

<P><STRONG><a name="[197]"></a>Radio_SMPS_Set</STRONG> (Thumb, 42 bytes, Stack size 16 bytes, radio_driver.o(i.Radio_SMPS_Set))
<BR><BR>[Stack]<UL><LI>Max Depth = 92<LI>Call Chain = Radio_SMPS_Set &rArr; SUBGRF_WriteRegister &rArr; HAL_SUBGHZ_WriteRegisters &rArr; SUBGHZ_CheckDeviceReady &rArr; SUBGHZ_WaitOnBusy
</UL>
<BR>[Calls]<UL><LI><a href="#[155]">&gt;&gt;</a>&nbsp;&nbsp;&nbsp;RBI_IsDCDC
<LI><a href="#[167]">&gt;&gt;</a>&nbsp;&nbsp;&nbsp;SUBGRF_WriteRegister
<LI><a href="#[168]">&gt;&gt;</a>&nbsp;&nbsp;&nbsp;SUBGRF_ReadRegister
</UL>
<BR>[Called By]<UL><LI><a href="#[177]">&gt;&gt;</a>&nbsp;&nbsp;&nbsp;SUBGRF_SetSwitch
<LI><a href="#[18f]">&gt;&gt;</a>&nbsp;&nbsp;&nbsp;SUBGRF_SetSleep
<LI><a href="#[15e]">&gt;&gt;</a>&nbsp;&nbsp;&nbsp;SUBGRF_Init
</UL>

<P><STRONG><a name="[1a1]"></a>__get_PRIMASK</STRONG> (Thumb, 6 bytes, Stack size 0 bytes, radio_driver.o(i.__get_PRIMASK))
<BR><BR>[Called By]<UL><LI><a href="#[199]">&gt;&gt;</a>&nbsp;&nbsp;&nbsp;SUBGRF_WriteCommand
<LI><a href="#[1a6]">&gt;&gt;</a>&nbsp;&nbsp;&nbsp;SUBGRF_WriteBuffer
<LI><a href="#[19b]">&gt;&gt;</a>&nbsp;&nbsp;&nbsp;SUBGRF_ReadCommand
<LI><a href="#[19f]">&gt;&gt;</a>&nbsp;&nbsp;&nbsp;SUBGRF_ReadBuffer
<LI><a href="#[196]">&gt;&gt;</a>&nbsp;&nbsp;&nbsp;SUBGRF_WriteRegisters
<LI><a href="#[173]">&gt;&gt;</a>&nbsp;&nbsp;&nbsp;SUBGRF_ReadRegisters
</UL>

<P><STRONG><a name="[1a2]"></a>__set_PRIMASK</STRONG> (Thumb, 6 bytes, Stack size 0 bytes, radio_driver.o(i.__set_PRIMASK))
<BR><BR>[Called By]<UL><LI><a href="#[199]">&gt;&gt;</a>&nbsp;&nbsp;&nbsp;SUBGRF_WriteCommand
<LI><a href="#[1a6]">&gt;&gt;</a>&nbsp;&nbsp;&nbsp;SUBGRF_WriteBuffer
<LI><a href="#[19b]">&gt;&gt;</a>&nbsp;&nbsp;&nbsp;SUBGRF_ReadCommand
<LI><a href="#[19f]">&gt;&gt;</a>&nbsp;&nbsp;&nbsp;SUBGRF_ReadBuffer
<LI><a href="#[196]">&gt;&gt;</a>&nbsp;&nbsp;&nbsp;SUBGRF_WriteRegisters
<LI><a href="#[173]">&gt;&gt;</a>&nbsp;&nbsp;&nbsp;SUBGRF_ReadRegisters
</UL>

<P><STRONG><a name="[1b9]"></a>TRACE_AllocateBufer</STRONG> (Thumb, 182 bytes, Stack size 24 bytes, stm32_adv_trace.o(i.TRACE_AllocateBufer))
<BR><BR>[Stack]<UL><LI>Max Depth = 24<LI>Call Chain = TRACE_AllocateBufer
</UL>
<BR>[Calls]<UL><LI><a href="#[1bb]">&gt;&gt;</a>&nbsp;&nbsp;&nbsp;__set_PRIMASK
<LI><a href="#[1ba]">&gt;&gt;</a>&nbsp;&nbsp;&nbsp;__get_PRIMASK
</UL>
<BR>[Called By]<UL><LI><a href="#[148]">&gt;&gt;</a>&nbsp;&nbsp;&nbsp;UTIL_ADV_TRACE_COND_FSend
</UL>

<P><STRONG><a name="[1be]"></a>TRACE_IsLocked</STRONG> (Thumb, 14 bytes, Stack size 0 bytes, stm32_adv_trace.o(i.TRACE_IsLocked))
<BR><BR>[Called By]<UL><LI><a href="#[1bd]">&gt;&gt;</a>&nbsp;&nbsp;&nbsp;TRACE_Send
</UL>

<P><STRONG><a name="[1bc]"></a>TRACE_Lock</STRONG> (Thumb, 28 bytes, Stack size 8 bytes, stm32_adv_trace.o(i.TRACE_Lock))
<BR><BR>[Stack]<UL><LI>Max Depth = 8<LI>Call Chain = TRACE_Lock
</UL>
<BR>[Calls]<UL><LI><a href="#[1bb]">&gt;&gt;</a>&nbsp;&nbsp;&nbsp;__set_PRIMASK
<LI><a href="#[1ba]">&gt;&gt;</a>&nbsp;&nbsp;&nbsp;__get_PRIMASK
</UL>
<BR>[Called By]<UL><LI><a href="#[148]">&gt;&gt;</a>&nbsp;&nbsp;&nbsp;UTIL_ADV_TRACE_COND_FSend
<LI><a href="#[1bd]">&gt;&gt;</a>&nbsp;&nbsp;&nbsp;TRACE_Send
</UL>

<P><STRONG><a name="[1bd]"></a>TRACE_Send</STRONG> (Thumb, 182 bytes, Stack size 16 bytes, stm32_adv_trace.o(i.TRACE_Send))
<BR><BR>[Stack]<UL><LI>Max Depth = 40<LI>Call Chain = TRACE_Send &rArr; UTIL_ADV_TRACE_PreSendHook &rArr; UTIL_LPM_SetStopMode
</UL>
<BR>[Calls]<UL><LI><a href="#[1bf]">&gt;&gt;</a>&nbsp;&nbsp;&nbsp;UTIL_ADV_TRACE_PreSendHook
<LI><a href="#[1bb]">&gt;&gt;</a>&nbsp;&nbsp;&nbsp;__set_PRIMASK
<LI><a href="#[1ba]">&gt;&gt;</a>&nbsp;&nbsp;&nbsp;__get_PRIMASK
<LI><a href="#[1c0]">&gt;&gt;</a>&nbsp;&nbsp;&nbsp;TRACE_UnLock
<LI><a href="#[1bc]">&gt;&gt;</a>&nbsp;&nbsp;&nbsp;TRACE_Lock
<LI><a href="#[1be]">&gt;&gt;</a>&nbsp;&nbsp;&nbsp;TRACE_IsLocked
</UL>
<BR>[Called By]<UL><LI><a href="#[148]">&gt;&gt;</a>&nbsp;&nbsp;&nbsp;UTIL_ADV_TRACE_COND_FSend
</UL>

<P><STRONG><a name="[5a]"></a>TRACE_TxCpltCallback</STRONG> (Thumb, 202 bytes, Stack size 16 bytes, stm32_adv_trace.o(i.TRACE_TxCpltCallback))
<BR><BR>[Stack]<UL><LI>Max Depth = 40<LI>Call Chain = TRACE_TxCpltCallback &rArr; UTIL_ADV_TRACE_PostSendHook &rArr; UTIL_LPM_SetStopMode
</UL>
<BR>[Calls]<UL><LI><a href="#[1c1]">&gt;&gt;</a>&nbsp;&nbsp;&nbsp;UTIL_ADV_TRACE_PostSendHook
<LI><a href="#[1bb]">&gt;&gt;</a>&nbsp;&nbsp;&nbsp;__set_PRIMASK
<LI><a href="#[1ba]">&gt;&gt;</a>&nbsp;&nbsp;&nbsp;__get_PRIMASK
<LI><a href="#[1c0]">&gt;&gt;</a>&nbsp;&nbsp;&nbsp;TRACE_UnLock
</UL>
<BR>[Address Reference Count : 1]<UL><LI> stm32_adv_trace.o(i.UTIL_ADV_TRACE_Init)
</UL>
<P><STRONG><a name="[1c0]"></a>TRACE_UnLock</STRONG> (Thumb, 28 bytes, Stack size 8 bytes, stm32_adv_trace.o(i.TRACE_UnLock))
<BR><BR>[Stack]<UL><LI>Max Depth = 8<LI>Call Chain = TRACE_UnLock
</UL>
<BR>[Calls]<UL><LI><a href="#[1bb]">&gt;&gt;</a>&nbsp;&nbsp;&nbsp;__set_PRIMASK
<LI><a href="#[1ba]">&gt;&gt;</a>&nbsp;&nbsp;&nbsp;__get_PRIMASK
</UL>
<BR>[Called By]<UL><LI><a href="#[148]">&gt;&gt;</a>&nbsp;&nbsp;&nbsp;UTIL_ADV_TRACE_COND_FSend
<LI><a href="#[5a]">&gt;&gt;</a>&nbsp;&nbsp;&nbsp;TRACE_TxCpltCallback
<LI><a href="#[1bd]">&gt;&gt;</a>&nbsp;&nbsp;&nbsp;TRACE_Send
</UL>

<P><STRONG><a name="[1ba]"></a>__get_PRIMASK</STRONG> (Thumb, 6 bytes, Stack size 0 bytes, stm32_adv_trace.o(i.__get_PRIMASK))
<BR><BR>[Called By]<UL><LI><a href="#[1c0]">&gt;&gt;</a>&nbsp;&nbsp;&nbsp;TRACE_UnLock
<LI><a href="#[5a]">&gt;&gt;</a>&nbsp;&nbsp;&nbsp;TRACE_TxCpltCallback
<LI><a href="#[1bd]">&gt;&gt;</a>&nbsp;&nbsp;&nbsp;TRACE_Send
<LI><a href="#[1bc]">&gt;&gt;</a>&nbsp;&nbsp;&nbsp;TRACE_Lock
<LI><a href="#[1b9]">&gt;&gt;</a>&nbsp;&nbsp;&nbsp;TRACE_AllocateBufer
</UL>

<P><STRONG><a name="[1bb]"></a>__set_PRIMASK</STRONG> (Thumb, 6 bytes, Stack size 0 bytes, stm32_adv_trace.o(i.__set_PRIMASK))
<BR><BR>[Called By]<UL><LI><a href="#[1c0]">&gt;&gt;</a>&nbsp;&nbsp;&nbsp;TRACE_UnLock
<LI><a href="#[5a]">&gt;&gt;</a>&nbsp;&nbsp;&nbsp;TRACE_TxCpltCallback
<LI><a href="#[1bd]">&gt;&gt;</a>&nbsp;&nbsp;&nbsp;TRACE_Send
<LI><a href="#[1bc]">&gt;&gt;</a>&nbsp;&nbsp;&nbsp;TRACE_Lock
<LI><a href="#[1b9]">&gt;&gt;</a>&nbsp;&nbsp;&nbsp;TRACE_AllocateBufer
</UL>

<P><STRONG><a name="[22b]"></a>ee_number</STRONG> (Thumb, 318 bytes, Stack size 104 bytes, stm32_tiny_vsnprintf.o(i.ee_number))
<BR><BR>[Stack]<UL><LI>Max Depth = 104<LI>Call Chain = ee_number
</UL>
<BR>[Called By]<UL><LI><a href="#[1ca]">&gt;&gt;</a>&nbsp;&nbsp;&nbsp;tiny_vsnprintf_like
</UL>

<P><STRONG><a name="[22a]"></a>ee_skip_atoi</STRONG> (Thumb, 44 bytes, Stack size 0 bytes, stm32_tiny_vsnprintf.o(i.ee_skip_atoi))
<BR><BR>[Called By]<UL><LI><a href="#[1ca]">&gt;&gt;</a>&nbsp;&nbsp;&nbsp;tiny_vsnprintf_like
</UL>

<P><STRONG><a name="[1cd]"></a>__get_PRIMASK</STRONG> (Thumb, 6 bytes, Stack size 0 bytes, stm32_seq.o(i.__get_PRIMASK))
<BR><BR>[Called By]<UL><LI><a href="#[14a]">&gt;&gt;</a>&nbsp;&nbsp;&nbsp;UTIL_SEQ_SetTask
</UL>

<P><STRONG><a name="[1ce]"></a>__set_PRIMASK</STRONG> (Thumb, 6 bytes, Stack size 0 bytes, stm32_seq.o(i.__set_PRIMASK))
<BR><BR>[Called By]<UL><LI><a href="#[14a]">&gt;&gt;</a>&nbsp;&nbsp;&nbsp;UTIL_SEQ_SetTask
</UL>

<P><STRONG><a name="[1cb]"></a>__get_PRIMASK</STRONG> (Thumb, 6 bytes, Stack size 0 bytes, stm32_lpm.o(i.__get_PRIMASK))
<BR><BR>[Called By]<UL><LI><a href="#[1b2]">&gt;&gt;</a>&nbsp;&nbsp;&nbsp;UTIL_LPM_SetStopMode
<LI><a href="#[1b1]">&gt;&gt;</a>&nbsp;&nbsp;&nbsp;UTIL_LPM_SetOffMode
</UL>

<P><STRONG><a name="[1cc]"></a>__set_PRIMASK</STRONG> (Thumb, 6 bytes, Stack size 0 bytes, stm32_lpm.o(i.__set_PRIMASK))
<BR><BR>[Called By]<UL><LI><a href="#[1b2]">&gt;&gt;</a>&nbsp;&nbsp;&nbsp;UTIL_LPM_SetStopMode
<LI><a href="#[1b1]">&gt;&gt;</a>&nbsp;&nbsp;&nbsp;UTIL_LPM_SetOffMode
</UL>

<P><STRONG><a name="[b3]"></a>LL_AHB2_GRP1_EnableClock</STRONG> (Thumb, 28 bytes, Stack size 8 bytes, stm32wlxx_lm403_radio.o(i.LL_AHB2_GRP1_EnableClock))
<BR><BR>[Stack]<UL><LI>Max Depth = 8<LI>Call Chain = LL_AHB2_GRP1_EnableClock
</UL>
<BR>[Called By]<UL><LI><a href="#[b1]">&gt;&gt;</a>&nbsp;&nbsp;&nbsp;BSP_RADIO_Init
</UL>

<P><STRONG><a name="[1d3]"></a>_fp_digits</STRONG> (Thumb, 334 bytes, Stack size 56 bytes, printfa.o(i._fp_digits), UNUSED)
<BR><BR>[Calls]<UL><LI><a href="#[ab]">&gt;&gt;</a>&nbsp;&nbsp;&nbsp;__aeabi_dmul
<LI><a href="#[ac]">&gt;&gt;</a>&nbsp;&nbsp;&nbsp;__aeabi_ddiv
<LI><a href="#[a5]">&gt;&gt;</a>&nbsp;&nbsp;&nbsp;__aeabi_dadd
<LI><a href="#[ad]">&gt;&gt;</a>&nbsp;&nbsp;&nbsp;__aeabi_d2ulz
<LI><a href="#[1d4]">&gt;&gt;</a>&nbsp;&nbsp;&nbsp;__aeabi_cdrcmple
<LI><a href="#[9f]">&gt;&gt;</a>&nbsp;&nbsp;&nbsp;__aeabi_uldivmod
</UL>
<BR>[Called By]<UL><LI><a href="#[1d2]">&gt;&gt;</a>&nbsp;&nbsp;&nbsp;_printf_core
</UL>

<P><STRONG><a name="[1d2]"></a>_printf_core</STRONG> (Thumb, 1744 bytes, Stack size 136 bytes, printfa.o(i._printf_core), UNUSED)
<BR><BR>[Calls]<UL><LI><a href="#[1d7]">&gt;&gt;</a>&nbsp;&nbsp;&nbsp;__aeabi_uidivmod
<LI><a href="#[1d5]">&gt;&gt;</a>&nbsp;&nbsp;&nbsp;_printf_pre_padding
<LI><a href="#[1d6]">&gt;&gt;</a>&nbsp;&nbsp;&nbsp;_printf_post_padding
<LI><a href="#[1d3]">&gt;&gt;</a>&nbsp;&nbsp;&nbsp;_fp_digits
<LI><a href="#[9f]">&gt;&gt;</a>&nbsp;&nbsp;&nbsp;__aeabi_uldivmod
</UL>
<BR>[Called By]<UL><LI><a href="#[1d1]">&gt;&gt;</a>&nbsp;&nbsp;&nbsp;__0vsprintf
</UL>

<P><STRONG><a name="[1d6]"></a>_printf_post_padding</STRONG> (Thumb, 36 bytes, Stack size 24 bytes, printfa.o(i._printf_post_padding), UNUSED)
<BR><BR>[Called By]<UL><LI><a href="#[1d2]">&gt;&gt;</a>&nbsp;&nbsp;&nbsp;_printf_core
</UL>

<P><STRONG><a name="[1d5]"></a>_printf_pre_padding</STRONG> (Thumb, 46 bytes, Stack size 24 bytes, printfa.o(i._printf_pre_padding), UNUSED)
<BR><BR>[Called By]<UL><LI><a href="#[1d2]">&gt;&gt;</a>&nbsp;&nbsp;&nbsp;_printf_core
</UL>

<P><STRONG><a name="[5b]"></a>_sputc</STRONG> (Thumb, 10 bytes, Stack size 0 bytes, printfa.o(i._sputc))
<BR><BR>[Called By]<UL><LI><a href="#[1d1]">&gt;&gt;</a>&nbsp;&nbsp;&nbsp;__0vsprintf
</UL>
<BR>[Address Reference Count : 1]<UL><LI> printfa.o(i.__0vsprintf)
</UL><P>
<H3>
Undefined Global Symbols
</H3><HR></body></html>
